global jpl_main
global _jpl_main
extern _fail_assertion
extern _jpl_alloc
extern _get_time
extern _show
extern _print
extern _print_time
extern _read_image
extern _write_image
extern _fmod
extern _sqrt
extern _exp
extern _sin
extern _cos
extern _tan
extern _asin
extern _acos
extern _atan
extern _log
extern _pow
extern _atan2
extern _to_int
extern _to_float

section .data
const0: dq 100
const1: dq 865
const2: dq 2.19
const3: dq 63.52
const4: dq 54.4
const5: dq 47.62
const6: dq 0
const7: db `(ArrayType (BoolType) 1)`, 0
const8: db `(IntType)`, 0
const9: dq 752
const10: dq 57.43
const11: dq 28.83
const12: dq 1

section .text
jpl_main:
_jpl_main:
	push rbp
	mov rbp, rsp
	push r12
	mov r12, rbp ; end of jpl_main prelude
	mov rax, [rel const0] ; 100
	push rax
	mov rax, [rel const1] ; 865
	push rax
	pop rax
	neg rax
	push rax
	pop rax
	neg rax
	push rax
	pop rax
	neg rax
	push rax
	pop rax
	pop r10
	sub rax, r10
	push rax
	mov rdi, 8
	call _jpl_alloc
	; Moving 8 bytes from rsp to rax 
		mov r10, [rsp + 0]
		mov [rax + 0], r10
	add rsp, 8
	push rax
	mov rax, 1
	push rax
	mov rax, [rel const2] ; 2.19
	push rax
	mov rax, [rel const3] ; 63.52
	push rax
	mov rax, [rel const4] ; 54.4
	push rax
	movsd xmm0, [rsp]
	add rsp, 8
	movsd xmm1, [rsp]
	add rsp, 8
	subsd xmm0, xmm1
	sub rsp, 8
	movsd [rsp], xmm0
	movsd xmm1, [rsp]
	add rsp, 8
	pxor xmm0, xmm0
	subsd xmm0, xmm1
	sub rsp, 8
	movsd [rsp], xmm0
	mov rax, [rel const5] ; 47.62
	push rax
	movsd xmm0, [rsp]
	add rsp, 8
	movsd xmm1, [rsp]
	add rsp, 8
	divsd xmm0, xmm1
	sub rsp, 8
	movsd [rsp], xmm0
	movsd xmm0, [rsp]
	add rsp, 8
	movsd xmm1, [rsp]
	add rsp, 8
	subsd xmm0, xmm1
	sub rsp, 8
	movsd [rsp], xmm0
	mov rax, [rel const2] ; 2.19
	push rax
	movsd xmm1, [rsp]
	add rsp, 8
	pxor xmm0, xmm0
	subsd xmm0, xmm1
	sub rsp, 8
	movsd [rsp], xmm0
	movsd xmm0, [rsp]
	add rsp, 8
	movsd xmm1, [rsp]
	add rsp, 8
	cmpeqsd xmm0, xmm1
	movq rax, xmm0
	and rax, 1
	push rax
	mov rax, [rel const6] ; False
	push rax
	mov rax, [rel const6] ; False
	push rax
	mov rdi, 16
	call _jpl_alloc
	; Moving 16 bytes from rsp to rax 
		mov r10, [rsp + 8]
		mov [rax + 8], r10
		mov r10, [rsp + 0]
		mov [rax + 0], r10
	add rsp, 16
	push rax
	mov rax, 2
	push rax
	lea rdi, [rel const7] ; '(ArrayType (BoolType) 1)'
	lea rsi, [rsp]
	call _show
	add rsp, 16
	sub rsp, 8 ; Add alignment
	sub rsp, 8
	; Moving 8 bytes from rbp - 24 to rsp 
		mov r10, [rbp - 24 + 0]
		mov [rsp + 0], r10
	lea rdi, [rel const8] ; '(IntType)'
	lea rsi, [rsp]
	call _show
	add rsp, 8
	add rsp, 8 ; Remove alignment
	sub rsp, 16
	; Moving 16 bytes from rbp - 24 to rsp 
		mov r10, [rbp - 24 + 8]
		mov [rsp + 8], r10
		mov r10, [rbp - 24 + 0]
		mov [rsp + 0], r10
	sub rsp, 16
	; Moving 16 bytes from rbp - 48 to rsp 
		mov r10, [rbp - 48 + 8]
		mov [rsp + 8], r10
		mov r10, [rbp - 48 + 0]
		mov [rsp + 0], r10
	sub rsp, 8
	; Moving 8 bytes from rbp - 48 to rsp 
		mov r10, [rbp - 48 + 0]
		mov [rsp + 0], r10
	sub rsp, 8
	; Moving 8 bytes from rbp - 24 to rsp 
		mov r10, [rbp - 24 + 0]
		mov [rsp + 0], r10
	sub rsp, 8
	; Moving 8 bytes from rbp - 72 to rsp 
		mov r10, [rbp - 72 + 0]
		mov [rsp + 0], r10
	pop rax
	pop r10
	imul rax, r10
	push rax
	pop rax
	neg rax
	push rax
	lea rdi, [rel const8] ; '(IntType)'
	lea rsi, [rsp]
	call _show
	add rsp, 8
	mov rax, [rel const9] ; 752
	push rax
	sub rsp, 8
	; Moving 8 bytes from rbp - 48 to rsp 
		mov r10, [rbp - 48 + 0]
		mov [rsp + 0], r10
	pop rax
	pop r10
	cmp rax, r10
	setle al
	and rax, 1
	push rax
	pop rax
	xor rax, 1
	push rax
	mov rax, [rel const10] ; 57.43
	push rax
	mov rax, [rel const11] ; 28.83
	push rax
	movsd xmm0, [rsp]
	add rsp, 8
	movsd xmm1, [rsp]
	add rsp, 8
	cmpeqsd xmm0, xmm1
	movq rax, xmm0
	and rax, 1
	push rax
	pop rax
	xor rax, 1
	push rax
	pop rax
	pop r10
	cmp rax, r10
	sete al
	and rax, 1
	push rax
	pop rax
	xor rax, 1
	push rax
	mov rdi, 8
	call _jpl_alloc
	; Moving 8 bytes from rsp to rax 
		mov r10, [rsp + 0]
		mov [rax + 0], r10
	add rsp, 8
	push rax
	mov rax, 1
	push rax
	mov rax, [rel const12] ; True
	push rax
	mov rdi, 8
	call _jpl_alloc
	; Moving 8 bytes from rsp to rax 
		mov r10, [rsp + 0]
		mov [rax + 0], r10
	add rsp, 8
	push rax
	mov rax, 1
	push rax
	sub rsp, 16
	; Moving 16 bytes from rbp - 64 to rsp 
		mov r10, [rbp - 64 + 8]
		mov [rsp + 8], r10
		mov r10, [rbp - 64 + 0]
		mov [rsp + 0], r10
	sub rsp, 8
	; Moving 8 bytes from rbp - 48 to rsp 
		mov r10, [rbp - 48 + 0]
		mov [rsp + 0], r10
	add rsp, 120 ; Local variables
	pop r12 ; begin jpl_main postlude
	pop rbp
	ret

