NEWLINE
STRUCT 'struct'
VARIABLE 'rect'
LCURLY '{'
NEWLINE
VARIABLE 'W'
COLON ':'
INT 'int'
NEWLINE
VARIABLE 'H'
COLON ':'
INT 'int'
NEWLINE
RCURLY '}'
NEWLINE
LET 'let'
VARIABLE 'r'
EQUALS '='
VARIABLE 'rect'
LCURLY '{'
INTVAL '800'
COMMA ','
INTVAL '600'
RCURLY '}'
NEWLINE
SHOW 'show'
VARIABLE 'r'
DOT '.'
VARIABLE 'W'
NEWLINE
SHOW 'show'
VARIABLE 'r'
DOT '.'
VARIABLE 'H'
NEWLINE
END_OF_FILE
