NEWLINE
LET 'let'
VARIABLE 'f'
EQUALS '='
FLOATVAL '3452309475289034752983475293847520934849752938745234.'
NEWLINE
END_OF_FILE
Compilation succeeded: lexical analysis complete
