(ShowCmd (DotExpr (ArrayLiteralExpr (VarExpr L_e10_)) u__9_8))
(WriteCmd (StructLiteralExpr DC (UnopExpr ! (IfExpr (ArrayLiteralExpr (BinopExpr (VarExpr Z) + (VarExpr F))) (UnopExpr - (SumLoopExpr (VarExpr K))) (VarExpr G)))) "90_W_c")
(StructCmd H r (ArrayType (VoidType) 3) F (VoidType))
(TimeCmd (WriteCmd (ArrayLiteralExpr (CallExpr r_H746 (ArrayLoopExpr WV6 (DotExpr (VarExpr k) v) OX71 (VarExpr o) a_8r9c (IntExpr 7) X8v9D (IntExpr 21) J95_ (IntExpr 3329) (VarExpr tDz))) (ArrayLiteralExpr (ArrayLoopExpr UMs_b (VarExpr H) y2 (IntExpr 48) g_lvt_ (IntExpr 1) (DotExpr (VarExpr X) G)) (VarExpr K___S) (DotExpr (DotExpr (VarExpr u) x) w9J_) (UnopExpr ! (DotExpr (VarExpr K) U0Xh_)) (ArrayLoopExpr W (VarExpr s) (SumLoopExpr (DotExpr (VarExpr z) X_TAs4)))) (ArrayLiteralExpr (DotExpr (VarExpr F) Ya) (UnopExpr ! (IntExpr 23664801)) (SumLoopExpr e (VarExpr k) (BinopExpr (IntExpr 35210) < (DotExpr (IntExpr 9060853) O))) (ArrayLoopExpr L (DotExpr (VarExpr H) f) W (VarExpr l) (ArrayIndexExpr (IntExpr 7714) (VarExpr r) (VarExpr s) (VarExpr P)))) (ArrayLoopExpr B_ (IntExpr -115402267) (StructLiteralExpr q4__7i (ArrayLoopExpr O (VarExpr e) (VarExpr n)) (UnopExpr - (VarExpr M)) (UnopExpr ! (VarExpr q))))) "._vU_e7|="))
(StructCmd B Y_ (VoidType) k65_4 (IntType) rZ9 (VoidType))
(StructCmd KP0 hb_nbm (StructType pr7) I5__6 (StructType QLeJ) P8V (IntType) Fg_5 (BoolType) C6e (VoidType))
(WriteCmd (IfExpr (IfExpr (SumLoopExpr m847 (IfExpr (IntExpr 213335777) (DotExpr (IntExpr 43281825) S_R) (VarExpr f1)) R (StructLiteralExpr e_k__ (VarExpr fBnzG4) (UnopExpr ! (VarExpr h))) nd_6 (ArrayIndexExpr (DotExpr (VarExpr A) tQk3Vx) (IntExpr 8107524475) (ArrayLiteralExpr (VarExpr S) (VarExpr q))) Sp0_v (ArrayLoopExpr c (ArrayLoopExpr L (VarExpr C) (IntExpr 277192948)) U (BinopExpr (VarExpr t) * (IntExpr 35168803)) (CallExpr x_j_ (VarExpr c) (VarExpr p))) (CallExpr U_Y_9 (SumLoopExpr (IntExpr 477228)) (IfExpr (UnopExpr ! (VarExpr h)) (ArrayLoopExpr p (VarExpr w) (IntExpr 4098)) (UnopExpr - (VarExpr w))) (ArrayLoopExpr r_ (IntExpr 50168) N_ (IntExpr 1226775775) f (SumLoopExpr (VarExpr e)) u62 (ArrayLoopExpr (VarExpr B)) (IfExpr (IntExpr 553224924) (VarExpr u) (DotExpr (VarExpr T) N))) (VarExpr w__QIE))) (BinopExpr (BinopExpr (UnopExpr ! (VarExpr M)) >= (VarExpr X)) <= (SumLoopExpr (BinopExpr (DotExpr (VarExpr n) K) < (DotExpr (ArrayLiteralExpr (VarExpr Q) (DotExpr (DotExpr (VarExpr z) u) BD)) s)))) (SumLoopExpr y669G (ArrayLoopExpr I_v_ (StructLiteralExpr l_ (VarExpr G)) O_5ot (SumLoopExpr (DotExpr (VarExpr P) i5_)) (IntExpr -644941762)) q8 (ArrayLoopExpr ue (ArrayLoopExpr Z (VarExpr J) (VarExpr K)) w (DotExpr (VarExpr x) A0j_9i) gA (ArrayLiteralExpr (VarExpr c) (VarExpr z) (VarExpr W)) tPs1 (VarExpr I) (StructLiteralExpr S278 (IntExpr 937) (VarExpr y))) g__ (CallExpr G (VarExpr a) (VarExpr u) (ArrayLoopExpr m (VarExpr Z) (IntExpr 918)) (DotExpr (IntExpr 9809517) p1_)) X0_H__ (VarExpr A_) (UnopExpr - (UnopExpr ! (ArrayIndexExpr (VarExpr e) (SumLoopExpr (VarExpr G))))))) (ArrayLoopExpr j6f_ (VarExpr Ls2) b (IntExpr 34450) (StructLiteralExpr l_3_ (StructLiteralExpr ru6p6_ (IntExpr 401) (IntExpr 6902512129) (IntExpr 396518071)) (IfExpr (StructLiteralExpr M_181 (IntExpr 6212173672) (VarExpr v)) (ArrayLoopExpr Q (DotExpr (VarExpr f) w) t0Mt (VarExpr k) eq1F2 (IntExpr 331840794) J_ (IntExpr 5298787382) (SumLoopExpr f (VarExpr o) (VarExpr k))) (ArrayLoopExpr G (VarExpr W) (DotExpr (VarExpr Q) Px_))))) (IfExpr (ArrayLiteralExpr (StructLiteralExpr n7_ (DotExpr (VarExpr Z) v) (ArrayLoopExpr (VarExpr p)) (IfExpr (IntExpr 244) (VarExpr a) (VarExpr m))) (CallExpr o_ (CallExpr X32t4_ (VarExpr g)) (SumLoopExpr X (VarExpr w) (DotExpr (VarExpr f) i)) (VarExpr Em06) (ArrayIndexExpr (DotExpr (VarExpr E) P) (VarExpr R))) (ArrayLoopExpr (DotExpr (DotExpr (VarExpr y) a5) gw__3y))) (ArrayLoopExpr F61E8K (UnopExpr - (ArrayLoopExpr (VarExpr X))) z (IfExpr (VarExpr O) (VarExpr Z) (ArrayIndexExpr (DotExpr (VarExpr d) Z) (VarExpr B))) M0A11 (ArrayLoopExpr (BinopExpr (IntExpr 54854935) != (UnopExpr ! (VarExpr g)))) l_9 (StructLiteralExpr K (ArrayLoopExpr (VarExpr q)) (VarExpr x)) (BinopExpr (VarExpr j_W) != (SumLoopExpr (ArrayLiteralExpr (VarExpr w))))) (BinopExpr (BinopExpr (VarExpr s__) - (ArrayLiteralExpr (SumLoopExpr t (VarExpr M) (DotExpr (VarExpr X) L)) (StructLiteralExpr rBM6 (VarExpr E)) (SumLoopExpr L (VarExpr i) (IfExpr (VarExpr V) (VarExpr s) (VarExpr o))) (VarExpr b95_5_))) == (VarExpr bE8)))) "9_")
(WriteCmd (ArrayLiteralExpr (CallExpr Q4ROz (DotExpr (VarExpr P) A) (StructLiteralExpr ah (ArrayLiteralExpr (VarExpr w)) (ArrayLoopExpr (DotExpr (VarExpr w) o)) (IfExpr (VarExpr h) (VarExpr r) (IfExpr (VarExpr P) (VarExpr M) (VarExpr X))) (IntExpr 848862)) (UnopExpr ! (IfExpr (IntExpr 6) (IntExpr 322) (DotExpr (VarExpr S) M))) (CallExpr XL (VarExpr l) (ArrayLoopExpr (VarExpr o)) (VarExpr K)) (VarExpr q_85m_)) (SumLoopExpr (BinopExpr (ArrayLiteralExpr (IntExpr 9819737962) (DotExpr (DotExpr (VarExpr s) M) fo7Y0)) % (ArrayLoopExpr t____ (ArrayLoopExpr O (VarExpr j) (DotExpr (VarExpr D) c)) u5__h (SumLoopExpr o (VarExpr t) Q (VarExpr h) d (VarExpr A) (VarExpr x)) (ArrayIndexExpr (ArrayLiteralExpr (VarExpr H) (IntExpr 7700911458)) (IntExpr -63) (IfExpr (DotExpr (VarExpr I) J) (VarExpr h) (IntExpr 96370)) (CallExpr A59 (SumLoopExpr (VarExpr D)) (VarExpr k) (IntExpr 8340266) (VarExpr p) (VarExpr e)) (ArrayLiteralExpr (IntExpr 8880712742)))))) (UnopExpr - (IfExpr (BinopExpr (VarExpr g) == (VarExpr r)) (ArrayLoopExpr i (VarExpr K) (SumLoopExpr (VarExpr Q))) (ArrayLoopExpr f (VarExpr o) Z (VarExpr f) U (VarExpr P) (DotExpr (VarExpr M) lA_))))) "?)!4n_Z.0")
(StructCmd O3_p5_ cLS4Q (VoidType))
