(ReadCmd "" (VarLValue x))
(TimeCmd (ShowCmd (ArrayLiteralExpr (ArrayLiteralExpr (ArrayLiteralExpr (ArrayLiteralExpr (ArrayLiteralExpr (ArrayLiteralExpr (VarExpr q)))))))))
