(WriteCmd (FalseExpr) "")
(LetCmd (VarLValue M) (FloatExpr 0))
(AssertCmd (FalseExpr) "Q&H")
(WriteCmd (FloatExpr 0) "x,")
