(PrintCmd "bR")
(WriteCmd (FalseExpr) "")
(LetCmd (VarLValue n) (FalseExpr))
(PrintCmd "")
(LetCmd (VarLValue S) (VarExpr c7d_))
(ReadCmd "" (VarLValue Z))
(TimeCmd (ShowCmd (ArrayLiteralExpr (ArrayLiteralExpr (VarExpr u9T) (IntExpr 8) (IntExpr 8) (VarExpr I)))))
(PrintCmd "mA")
(LetCmd (VarLValue c) (FloatExpr 0))
