(WriteCmd (FalseExpr) "")
(ReadCmd "i~" (VarLValue x2V))
(LetCmd (VarLValue Y) (IntExpr 78))
(ReadCmd "" (VarLValue a))
(LetCmd (VarLValue s0D) (FloatExpr 35))
(ReadCmd "" (VarLValue I1w_6Z))
(PrintCmd "")
(ReadCmd "#" (VarLValue u5c_))
(PrintCmd "")
