
#include <math.h>
#include <stdbool.h>
#include <stdint.h>
#include <stdio.h>
#include "rt/runtime.h"

void jpl_main(struct args args) {
    bool _0 = true;
    bool _1 = true;
    bool _2 = _0 == _1;
    if (0 != _2)
    goto _jump1;
    fail_assertion("");
    _jump1:;
}

