(ShowCmd (TrueExpr (BoolType)))
(ShowCmd (IfExpr (FloatType) (IfExpr (BoolType) (BinopExpr (BoolType) (TrueExpr (BoolType)) && (TrueExpr (BoolType))) (UnopExpr (BoolType) ! (FalseExpr (BoolType))) (TrueExpr (BoolType))) (BinopExpr (FloatType) (UnopExpr (FloatType) - (IfExpr (FloatType) (BinopExpr (BoolType) (IntExpr (IntType) 689) >= (IntExpr (IntType) 145)) (FloatExpr (FloatType) 99) (UnopExpr (FloatType) - (FloatExpr (FloatType) 24)))) / (DotExpr (FloatType) (StructLiteralExpr (StructType rgba) rgba (FloatExpr (FloatType) 45) (IfExpr (FloatType) (TrueExpr (BoolType)) (UnopExpr (FloatType) - (FloatExpr (FloatType) 43)) (FloatExpr (FloatType) 58)) (IfExpr (FloatType) (IfExpr (BoolType) (FalseExpr (BoolType)) (FalseExpr (BoolType)) (TrueExpr (BoolType))) (FloatExpr (FloatType) 69) (FloatExpr (FloatType) 59)) (FloatExpr (FloatType) 10)) b)) (IfExpr (FloatType) (BinopExpr (BoolType) (FalseExpr (BoolType)) == (UnopExpr (BoolType) ! (TrueExpr (BoolType)))) (FloatExpr (FloatType) 16) (DotExpr (FloatType) (StructLiteralExpr (StructType rgba) rgba (IfExpr (FloatType) (TrueExpr (BoolType)) (FloatExpr (FloatType) 31) (FloatExpr (FloatType) 1)) (FloatExpr (FloatType) 69) (FloatExpr (FloatType) 66) (IfExpr (FloatType) (BinopExpr (BoolType) (FloatExpr (FloatType) 1) == (FloatExpr (FloatType) 89)) (FloatExpr (FloatType) 27) (UnopExpr (FloatType) - (FloatExpr (FloatType) 15)))) g))))
(ShowCmd (BinopExpr (FloatType) (IfExpr (FloatType) (UnopExpr (BoolType) ! (BinopExpr (BoolType) (FloatExpr (FloatType) 80) < (BinopExpr (FloatType) (FloatExpr (FloatType) 49) - (FloatExpr (FloatType) 84)))) (UnopExpr (FloatType) - (UnopExpr (FloatType) - (UnopExpr (FloatType) - (BinopExpr (FloatType) (FloatExpr (FloatType) 6) - (FloatExpr (FloatType) 60))))) (UnopExpr (FloatType) - (FloatExpr (FloatType) 19))) % (IfExpr (FloatType) (BinopExpr (BoolType) (BinopExpr (IntType) (ArrayIndexExpr (IntType) (ArrayLiteralExpr (ArrayType (IntType) 1) (IntExpr (IntType) 673)) (UnopExpr (IntType) - (IntExpr (IntType) 213))) % (IntExpr (IntType) 951)) > (IntExpr (IntType) 297)) (UnopExpr (FloatType) - (FloatExpr (FloatType) 98)) (BinopExpr (FloatType) (FloatExpr (FloatType) 65) % (DotExpr (FloatType) (StructLiteralExpr (StructType rgba) rgba (BinopExpr (FloatType) (FloatExpr (FloatType) 12) * (FloatExpr (FloatType) 17)) (IfExpr (FloatType) (TrueExpr (BoolType)) (FloatExpr (FloatType) 1) (FloatExpr (FloatType) 49)) (FloatExpr (FloatType) 39) (FloatExpr (FloatType) 47)) a)))))
(ShowCmd (IntExpr (IntType) 896))
(ShowCmd (DotExpr (FloatType) (IfExpr (StructType rgba) (IfExpr (BoolType) (FalseExpr (BoolType)) (UnopExpr (BoolType) ! (BinopExpr (BoolType) (UnopExpr (IntType) - (IntExpr (IntType) 70)) >= (IntExpr (IntType) 296))) (BinopExpr (BoolType) (IfExpr (FloatType) (TrueExpr (BoolType)) (UnopExpr (FloatType) - (FloatExpr (FloatType) 17)) (FloatExpr (FloatType) 89)) >= (DotExpr (FloatType) (StructLiteralExpr (StructType rgba) rgba (FloatExpr (FloatType) 12) (FloatExpr (FloatType) 42) (FloatExpr (FloatType) 17) (FloatExpr (FloatType) 29)) r))) (StructLiteralExpr (StructType rgba) rgba (IfExpr (FloatType) (FalseExpr (BoolType)) (IfExpr (FloatType) (TrueExpr (BoolType)) (BinopExpr (FloatType) (FloatExpr (FloatType) 56) * (FloatExpr (FloatType) 37)) (FloatExpr (FloatType) 13)) (FloatExpr (FloatType) 43)) (UnopExpr (FloatType) - (IfExpr (FloatType) (BinopExpr (BoolType) (FloatExpr (FloatType) 10) <= (FloatExpr (FloatType) 77)) (FloatExpr (FloatType) 39) (FloatExpr (FloatType) 21))) (BinopExpr (FloatType) (FloatExpr (FloatType) 82) - (FloatExpr (FloatType) 26)) (IfExpr (FloatType) (BinopExpr (BoolType) (BinopExpr (IntType) (IntExpr (IntType) 258) + (IntExpr (IntType) 537)) != (BinopExpr (IntType) (IntExpr (IntType) 587) + (IntExpr (IntType) 251))) (FloatExpr (FloatType) 71) (FloatExpr (FloatType) 29))) (StructLiteralExpr (StructType rgba) rgba (FloatExpr (FloatType) 89) (BinopExpr (FloatType) (FloatExpr (FloatType) 11) % (FloatExpr (FloatType) 69)) (FloatExpr (FloatType) 85) (UnopExpr (FloatType) - (FloatExpr (FloatType) 55)))) g))
(ShowCmd (BinopExpr (BoolType) (UnopExpr (BoolType) ! (BinopExpr (BoolType) (IfExpr (IntType) (BinopExpr (BoolType) (TrueExpr (BoolType)) || (BinopExpr (BoolType) (TrueExpr (BoolType)) && (TrueExpr (BoolType)))) (BinopExpr (IntType) (IntExpr (IntType) 147) + (IntExpr (IntType) 349)) (IntExpr (IntType) 605)) > (UnopExpr (IntType) - (BinopExpr (IntType) (IntExpr (IntType) 523) * (IfExpr (IntType) (FalseExpr (BoolType)) (IntExpr (IntType) 685) (IntExpr (IntType) 426)))))) || (IfExpr (BoolType) (BinopExpr (BoolType) (FloatExpr (FloatType) 26) > (UnopExpr (FloatType) - (IfExpr (FloatType) (TrueExpr (BoolType)) (FloatExpr (FloatType) 69) (UnopExpr (FloatType) - (FloatExpr (FloatType) 74))))) (BinopExpr (BoolType) (FalseExpr (BoolType)) && (IfExpr (BoolType) (BinopExpr (BoolType) (TrueExpr (BoolType)) == (FalseExpr (BoolType))) (BinopExpr (BoolType) (UnopExpr (FloatType) - (FloatExpr (FloatType) 43)) == (UnopExpr (FloatType) - (FloatExpr (FloatType) 86))) (BinopExpr (BoolType) (BinopExpr (BoolType) (FloatExpr (FloatType) 97) == (FloatExpr (FloatType) 82)) == (BinopExpr (BoolType) (FalseExpr (BoolType)) || (TrueExpr (BoolType)))))) (BinopExpr (BoolType) (UnopExpr (BoolType) ! (UnopExpr (BoolType) ! (FalseExpr (BoolType)))) && (BinopExpr (BoolType) (FloatExpr (FloatType) 0) >= (FloatExpr (FloatType) 15))))))
(StructCmd a a (VoidType))
(ShowCmd (BinopExpr (BoolType) (UnopExpr (FloatType) - (DotExpr (FloatType) (StructLiteralExpr (StructType rgba) rgba (UnopExpr (FloatType) - (FloatExpr (FloatType) 96)) (BinopExpr (FloatType) (UnopExpr (FloatType) - (FloatExpr (FloatType) 5)) % (BinopExpr (FloatType) (FloatExpr (FloatType) 12) % (FloatExpr (FloatType) 81))) (UnopExpr (FloatType) - (UnopExpr (FloatType) - (FloatExpr (FloatType) 8))) (FloatExpr (FloatType) 91)) a)) != (FloatExpr (FloatType) 4)))
(StructCmd b a (StructType a))
(StructCmd c a (FloatType) b (FloatType) c (IntType))
(StructCmd d a (IntType))
(StructCmd e a (FloatType) b (StructType c))
(StructCmd f a (VoidType))
(ShowCmd (FloatExpr (FloatType) 91))
(ShowCmd (StructLiteralExpr (StructType e) e (IfExpr (FloatType) (UnopExpr (BoolType) ! (BinopExpr (BoolType) (TrueExpr (BoolType)) && (TrueExpr (BoolType)))) (FloatExpr (FloatType) 94) (UnopExpr (FloatType) - (FloatExpr (FloatType) 41))) (StructLiteralExpr (StructType c) c (FloatExpr (FloatType) 44) (UnopExpr (FloatType) - (BinopExpr (FloatType) (FloatExpr (FloatType) 97) / (FloatExpr (FloatType) 16))) (DotExpr (IntType) (ArrayIndexExpr (StructType d) (ArrayLiteralExpr (ArrayType (StructType d) 1) (StructLiteralExpr (StructType d) d (IntExpr (IntType) 65))) (UnopExpr (IntType) - (UnopExpr (IntType) - (IntExpr (IntType) 371)))) a))))
(ShowCmd (UnopExpr (IntType) - (ArrayIndexExpr (IntType) (ArrayLiteralExpr (ArrayType (IntType) 1) (IntExpr (IntType) 408)) (BinopExpr (IntType) (IfExpr (IntType) (UnopExpr (BoolType) ! (TrueExpr (BoolType))) (UnopExpr (IntType) - (IntExpr (IntType) 93)) (IntExpr (IntType) 884)) + (IntExpr (IntType) 916)))))
(ShowCmd (BinopExpr (BoolType) (BinopExpr (BoolType) (IntExpr (IntType) 436) != (IfExpr (IntType) (TrueExpr (BoolType)) (IntExpr (IntType) 774) (IntExpr (IntType) 774))) && (BinopExpr (BoolType) (IntExpr (IntType) 681) <= (DotExpr (IntType) (StructLiteralExpr (StructType d) d (IntExpr (IntType) 223)) a))))
(ShowCmd (BinopExpr (BoolType) (BinopExpr (FloatType) (DotExpr (FloatType) (StructLiteralExpr (StructType e) e (FloatExpr (FloatType) 48) (StructLiteralExpr (StructType c) c (UnopExpr (FloatType) - (FloatExpr (FloatType) 26)) (BinopExpr (FloatType) (FloatExpr (FloatType) 21) % (FloatExpr (FloatType) 8)) (IntExpr (IntType) 648))) a) + (UnopExpr (FloatType) - (FloatExpr (FloatType) 54))) <= (FloatExpr (FloatType) 55)))
