global jpl_main
global _jpl_main
extern _fail_assertion
extern _jpl_alloc
extern _get_time
extern _show
extern _print
extern _print_time
extern _read_image
extern _write_image
extern _fmod
extern _sqrt
extern _exp
extern _sin
extern _cos
extern _tan
extern _asin
extern _acos
extern _atan
extern _log
extern _pow
extern _atan2
extern _to_int
extern _to_float

section .data
const0: dq 19.06
const1: dq 124
const2: db `non-positive loop bound`, 0
const3: db `overflow computing array size`, 0
const4: dq 0.75
const5: dq 289
const6: dq 0
const7: dq 772
const8: dq 1
const9: dq 23.85
const10: dq 829

section .text
d:
_d:
	push rbp
	mov rbp, rsp
	sub rsp, 8
	movsd [rsp], xmm0
	sub rsp, 16
	; Moving 16 bytes from r12 - 32 to rsp 
		mov r10, [r12 - 32 + 8]
		mov [rsp + 8], r10
		mov r10, [r12 - 32 + 0]
		mov [rsp + 0], r10
	; Allocating 8 bytes for the pointer
	sub rsp, 8
	; Computing bound for 'h'
	mov rax, [rel const5] ; 289
	push rax
	mov rax, [rsp]
	cmp rax, 0
	jg .jump4
	sub rsp, 8 ; Add alignment
	lea rdi, [rel const2] ; 'non-positive loop bound'
	call _fail_assertion
	add rsp, 8 ; Remove alignment
.jump4:
	; Computing total size of heap memory to allocate
	mov rdi, 16 ; sizeof float[] 
	imul rdi, [rsp + 0 + 0] ; multiply by 289 
	jno .jump5
	sub rsp, 8 ; Add alignment
	lea rdi, [rel const3] ; 'overflow computing array size'
	call _fail_assertion
	add rsp, 8 ; Remove alignment
.jump5:
	sub rsp, 8 ; Add alignment
	call _jpl_alloc ; Put pointer to heap space in RAX
	add rsp, 8 ; Remove alignment
	mov [rsp + 8], rax ; Move to pre-allocated space
	; Initialize 'h' to 0
	mov rax, 0
	push rax
.jump6: ; Begin body of loop
	; Compute loop body
	sub rsp, 16
	; Moving 16 bytes from r12 - 32 to rsp 
		mov r10, [r12 - 32 + 8]
		mov [rsp + 8], r10
		mov r10, [r12 - 32 + 0]
		mov [rsp + 0], r10
	; Index to store in
	mov rax, 0
	imul rax, [rsp + 24] ; No overflow if indices in bounds
	add rax, [rsp + 16]
	imul rax, 16
	add rax, [rsp + 32]
	; Move body (16 bytes) to index
	; Moving 16 bytes from rsp to rax 
		mov r10, [rsp + 8]
		mov [rax + 8], r10
		mov r10, [rsp + 0]
		mov [rax + 0], r10
	add rsp, 16
	; Increment 'h'
	add qword [rsp + 0], 1
	; Compare h to its bound
	mov rax, [rsp + 0]
	cmp rax, [rsp + 8]
	jl .jump6 ; If h < bound, next iter
	; End body of loop
	; Free all loop variables
	add rsp, 8
	; array left on stack
	sub rsp, 8 ; Add alignment
	sub rsp, 8
	; Moving 8 bytes from r12 - 16 to rsp 
		mov r10, [r12 - 16 + 0]
		mov [rsp + 0], r10
	movsd xmm0, [rsp]
	add rsp, 8
	call _d
	add rsp, 8 ; Remove alignment
	push rax
	pop rax
	add rsp, 40 ; Local variables
	pop rbp
	ret

e:
_e:
	push rbp
	mov rbp, rsp
	push rdi
	; Allocating 8 bytes for the pointer
	sub rsp, 8
	; Computing bound for 'g'
	; Allocating 8 bytes for the sum
	sub rsp, 8
	; Computing bound for 'f'
	; Allocating 8 bytes for the sum
	sub rsp, 8
	; Computing bound for 'f'
	sub rsp, 8
	; Moving 8 bytes from r12 - 32 to rsp 
		mov r10, [r12 - 32 + 0]
		mov [rsp + 0], r10
	mov rax, [rsp]
	cmp rax, 0
	jg .jump7
	sub rsp, 8 ; Add alignment
	lea rdi, [rel const2] ; 'non-positive loop bound'
	call _fail_assertion
	add rsp, 8 ; Remove alignment
.jump7:
	; Initialize sum to 0
	mov rax, 0
	mov [rsp + 8], rax ; Move to pre-allocated space
	; Initialize 'f' to 0
	mov rax, 0
	push rax
.jump8: ; Begin body of loop
	; Compute loop body
	sub rsp, 8
	; Moving 8 bytes from rbp - 48 to rsp 
		mov r10, [rbp - 48 + 0]
		mov [rsp + 0], r10
	pop rax
	add [rsp + 16], rax ; Add loop body to sum
	; Increment 'f'
	add qword [rsp + 0], 1
	; Compare f to its bound
	mov rax, [rsp + 0]
	cmp rax, [rsp + 8]
	jl .jump8 ; If f < bound, next iter
	; End body of loop
	; Free all loop variables
	add rsp, 8
	; Free all loop bounds
	add rsp, 8
	; sum left on stack
	mov rax, [rsp]
	cmp rax, 0
	jg .jump9
	lea rdi, [rel const2] ; 'non-positive loop bound'
	call _fail_assertion
.jump9:
	; Initialize sum to 0
	mov rax, 0
	mov [rsp + 8], rax ; Move to pre-allocated space
	; Initialize 'f' to 0
	mov rax, 0
	push rax
.jump10: ; Begin body of loop
	; Compute loop body
	sub rsp, 8
	; Moving 8 bytes from rbp - 40 to rsp 
		mov r10, [rbp - 40 + 0]
		mov [rsp + 0], r10
	pop rax
	add [rsp + 16], rax ; Add loop body to sum
	; Increment 'f'
	add qword [rsp + 0], 1
	; Compare f to its bound
	mov rax, [rsp + 0]
	cmp rax, [rsp + 8]
	jl .jump10 ; If f < bound, next iter
	; End body of loop
	; Free all loop variables
	add rsp, 8
	; Free all loop bounds
	add rsp, 8
	; sum left on stack
	mov rax, [rsp]
	cmp rax, 0
	jg .jump11
	sub rsp, 8 ; Add alignment
	lea rdi, [rel const2] ; 'non-positive loop bound'
	call _fail_assertion
	add rsp, 8 ; Remove alignment
.jump11:
	; Computing bound for 'f'
	mov rax, [rel const6] ; False
	push rax
	pop rax
	cmp rax, 0
	je .jump12
	sub rsp, 8
	; Moving 8 bytes from r12 - 32 to rsp 
		mov r10, [r12 - 32 + 0]
		mov [rsp + 0], r10
	pop rax
	neg rax
	push rax
	jmp .jump13
.jump12:
	mov rax, [rel const7] ; 772
	push rax
.jump13:
	mov rax, [rsp]
	cmp rax, 0
	jg .jump14
	lea rdi, [rel const2] ; 'non-positive loop bound'
	call _fail_assertion
.jump14:
	; Computing total size of heap memory to allocate
	mov rdi, 8 ; sizeof bool 
	imul rdi, [rsp + 0 + 0] ; multiply by (if false then (- c) else 772) 
	jno .jump15
	lea rdi, [rel const3] ; 'overflow computing array size'
	call _fail_assertion
.jump15:
imul rdi, [rsp + 0 + 8] ; multiply by (sum[f : (sum[f : c] f)] f) 
	jno .jump16
	lea rdi, [rel const3] ; 'overflow computing array size'
	call _fail_assertion
.jump16:
	call _jpl_alloc ; Put pointer to heap space in RAX
	mov [rsp + 16], rax ; Move to pre-allocated space
	; Initialize 'g' to 0
	mov rax, 0
	push rax
	; Initialize 'f' to 0
	mov rax, 0
	push rax
.jump17: ; Begin body of loop
	; Compute loop body
	mov rax, [rel const8] ; True
	push rax
	; Index to store in
	mov rax, 0
	imul rax, [rsp + 24] ; No overflow if indices in bounds
	add rax, [rsp + 8]
	imul rax, [rsp + 32] ; No overflow if indices in bounds
	add rax, [rsp + 16]
	imul rax, 8
	add rax, [rsp + 40]
	; Move body (8 bytes) to index
	; Moving 8 bytes from rsp to rax 
		mov r10, [rsp + 0]
		mov [rax + 0], r10
	add rsp, 8
	; Increment 'g'
	add qword [rsp + 8], 1
	; Compare g to its bound
	mov rax, [rsp + 8]
	cmp rax, [rsp + 24]
	jl .jump17 ; If g < bound, next iter
	mov qword [rsp + 8], 0 ; g = 0
	add qword [rsp + 0], 1 ; f++
	; Compare f to its bound
	mov rax, [rsp + 0]
	cmp rax, [rsp + 16]
	jl .jump17 ; If f < bound, next iter
	; End body of loop
	; Free all loop variables
	add rsp, 16
	; array left on stack
	sub rsp, 8
	; Moving 8 bytes from r12 - 32 to rsp 
		mov r10, [r12 - 32 + 0]
		mov [rsp + 0], r10
	; Allocating 8 bytes for the pointer
	sub rsp, 8
	; Computing bound for 'j'
	sub rsp, 8
	; Moving 8 bytes from rbp - 40 to rsp 
		mov r10, [rbp - 40 + 0]
		mov [rsp + 0], r10
	mov rax, [rsp]
	cmp rax, 0
	jg .jump18
	sub rsp, 8 ; Add alignment
	lea rdi, [rel const2] ; 'non-positive loop bound'
	call _fail_assertion
	add rsp, 8 ; Remove alignment
.jump18:
	; Computing total size of heap memory to allocate
	mov rdi, 8 ; sizeof bool 
	imul rdi, [rsp + 0 + 0] ; multiply by i 
	jno .jump19
	sub rsp, 8 ; Add alignment
	lea rdi, [rel const3] ; 'overflow computing array size'
	call _fail_assertion
	add rsp, 8 ; Remove alignment
.jump19:
	sub rsp, 8 ; Add alignment
	call _jpl_alloc ; Put pointer to heap space in RAX
	add rsp, 8 ; Remove alignment
	mov [rsp + 8], rax ; Move to pre-allocated space
	; Initialize 'j' to 0
	mov rax, 0
	push rax
.jump20: ; Begin body of loop
	; Compute loop body
	; Allocating 8 bytes for the sum
	sub rsp, 8
	; Computing bound for 'k'
	sub rsp, 8
	; Moving 8 bytes from r12 - 32 to rsp 
		mov r10, [r12 - 32 + 0]
		mov [rsp + 0], r10
	mov rax, [rsp]
	cmp rax, 0
	jg .jump21
	lea rdi, [rel const2] ; 'non-positive loop bound'
	call _fail_assertion
.jump21:
	; Initialize sum to 0
	mov rax, 0
	mov [rsp + 8], rax ; Move to pre-allocated space
	; Initialize 'k' to 0
	mov rax, 0
	push rax
.jump22: ; Begin body of loop
	; Compute loop body
	mov rax, [rel const9] ; 23.85
	push rax
	movsd xmm0, [rsp]
	add rsp, 8
	addsd xmm0, [rsp + 16] ; Load sum
	movsd [rsp + 16], xmm0 ; Save sum
	; Increment 'k'
	add qword [rsp + 0], 1
	; Compare k to its bound
	mov rax, [rsp + 0]
	cmp rax, [rsp + 8]
	jl .jump22 ; If k < bound, next iter
	; End body of loop
	; Free all loop variables
	add rsp, 8
	; Free all loop bounds
	add rsp, 8
	; sum left on stack
	; Allocating 8 bytes for the sum
	sub rsp, 8
	; Computing bound for 'k'
	mov rax, [rel const10] ; 829
	push rax
	mov rax, [rsp]
	cmp rax, 0
	jg .jump23
	sub rsp, 8 ; Add alignment
	lea rdi, [rel const2] ; 'non-positive loop bound'
	call _fail_assertion
	add rsp, 8 ; Remove alignment
.jump23:
	; Initialize sum to 0
	mov rax, 0
	mov [rsp + 8], rax ; Move to pre-allocated space
	; Initialize 'k' to 0
	mov rax, 0
	push rax
.jump24: ; Begin body of loop
	; Compute loop body
	sub rsp, 8
	; Moving 8 bytes from r12 - 16 to rsp 
		mov r10, [r12 - 16 + 0]
		mov [rsp + 0], r10
	movsd xmm0, [rsp]
	add rsp, 8
	addsd xmm0, [rsp + 16] ; Load sum
	movsd [rsp + 16], xmm0 ; Save sum
	; Increment 'k'
	add qword [rsp + 0], 1
	; Compare k to its bound
	mov rax, [rsp + 0]
	cmp rax, [rsp + 8]
	jl .jump24 ; If k < bound, next iter
	; End body of loop
	; Free all loop variables
	add rsp, 8
	; Free all loop bounds
	add rsp, 8
	; sum left on stack
	movsd xmm0, [rsp]
	add rsp, 8
	movsd xmm1, [rsp]
	add rsp, 8
	cmplesd xmm1, xmm0
	movq rax, xmm1
	and rax, 1
	push rax
	; Index to store in
	mov rax, 0
	imul rax, [rsp + 16] ; No overflow if indices in bounds
	add rax, [rsp + 8]
	imul rax, 8
	add rax, [rsp + 24]
	; Move body (8 bytes) to index
	; Moving 8 bytes from rsp to rax 
		mov r10, [rsp + 0]
		mov [rax + 0], r10
	add rsp, 8
	; Increment 'j'
	add qword [rsp + 0], 1
	; Compare j to its bound
	mov rax, [rsp + 0]
	cmp rax, [rsp + 8]
	jl .jump20 ; If j < bound, next iter
	; End body of loop
	; Free all loop variables
	add rsp, 8
	; array left on stack
	mov rax, [rbp - 8] ; Address to write return value into
	; Moving 16 bytes from rsp to rax 
		mov r10, [rsp + 8]
		mov [rax + 8], r10
		mov r10, [rsp + 0]
		mov [rax + 0], r10
	add rsp, 56 ; Local variables
	pop rbp
	ret

jpl_main:
_jpl_main:
	push rbp
	mov rbp, rsp
	push r12
	mov r12, rbp ; end of jpl_main prelude
	mov rax, [rel const0] ; 19.06
	push rax
	; Allocating 8 bytes for the pointer
	sub rsp, 8
	; Computing bound for 'b'
	mov rax, [rel const1] ; 124
	push rax
	mov rax, [rsp]
	cmp rax, 0
	jg .jump1
	lea rdi, [rel const2] ; 'non-positive loop bound'
	call _fail_assertion
.jump1:
	; Computing total size of heap memory to allocate
	mov rdi, 8 ; sizeof float 
	imul rdi, [rsp + 0 + 0] ; multiply by 124 
	jno .jump2
	lea rdi, [rel const3] ; 'overflow computing array size'
	call _fail_assertion
.jump2:
	call _jpl_alloc ; Put pointer to heap space in RAX
	mov [rsp + 8], rax ; Move to pre-allocated space
	; Initialize 'b' to 0
	mov rax, 0
	push rax
.jump3: ; Begin body of loop
	; Compute loop body
	mov rax, [rel const4] ; 0.75
	push rax
	; Index to store in
	mov rax, 0
	imul rax, [rsp + 16] ; No overflow if indices in bounds
	add rax, [rsp + 8]
	imul rax, 8
	add rax, [rsp + 24]
	; Move body (8 bytes) to index
	; Moving 8 bytes from rsp to rax 
		mov r10, [rsp + 0]
		mov [rax + 0], r10
	add rsp, 8
	; Increment 'b'
	add qword [rsp + 0], 1
	; Compare b to its bound
	mov rax, [rsp + 0]
	cmp rax, [rsp + 8]
	jl .jump3 ; If b < bound, next iter
	; End body of loop
	; Free all loop variables
	add rsp, 8
	; array left on stack
	add rsp, 24 ; Local variables
	pop r12 ; begin jpl_main postlude
	pop rbp
	ret

