global jpl_main
global _jpl_main
extern _fail_assertion
extern _jpl_alloc
extern _get_time
extern _show
extern _print
extern _print_time
extern _read_image
extern _write_image
extern _fmod
extern _sqrt
extern _exp
extern _sin
extern _cos
extern _tan
extern _asin
extern _acos
extern _atan
extern _log
extern _pow
extern _atan2
extern _to_int
extern _to_float

section .data
const0: dq 1
const1: dq 71.39
const2: dq 41.89
const3: dq 63.68
const4: dq 86.17
const5: db `c`, 0
const6: dq 142
const7: db `non-positive loop bound`, 0
const8: dq 609
const9: dq 0
const10: dq 26.84
const11: dq 70.11
const12: dq 779
const13: dq 793
const14: dq 69
const15: db `mod by zero`, 0
const16: db `divide by zero`, 0
const17: dq 36.34
const18: dq 63.88
const19: dq 35.9
const20: dq 25.66
const21: db `d`, 0

section .text
a:
_a:
	push rbp
	mov rbp, rsp
	push rdi
	mov rax, [rel const0] ; True
	push rax
	pop rax
	cmp rax, 0
	je .jump1
	mov rax, [rel const1] ; 71.39
	push rax
	jmp .jump2
.jump1:
	mov rax, [rel const2] ; 41.89
	push rax
.jump2:
	mov rax, [rel const3] ; 63.68
	push rax
	mov rax, [rel const4] ; 86.17
	push rax
	movsd xmm0, [rsp]
	add rsp, 8
	movsd xmm1, [rsp]
	add rsp, 8
	subsd xmm0, xmm1
	sub rsp, 8
	movsd [rsp], xmm0
	movsd xmm0, [rsp]
	add rsp, 8
	movsd xmm1, [rsp]
	add rsp, 8
	cmplesd xmm0, xmm1
	movq rax, xmm0
	and rax, 1
	push rax
	sub rsp, 8
	; Moving 8 bytes from rbp - 8 to rsp 
		mov r10, [rbp - 8 + 0]
		mov [rsp + 0], r10
	pop rax
	pop r10
	cmp rax, r10
	sete al
	and rax, 1
	push rax
	pop rax
	cmp rax, 0
	jne .jump3
	sub rsp, 8 ; Add alignment
	lea rdi, [rel const5] ; 'c'
	call _fail_assertion
	add rsp, 8 ; Remove alignment
.jump3:
	; Allocating 8 bytes for the sum
	sub rsp, 8
	; Computing bound for 'c'
	; Allocating 8 bytes for the sum
	sub rsp, 8
	; Computing bound for 'd'
	mov rax, [rel const6] ; 142
	push rax
	mov rax, [rsp]
	cmp rax, 0
	jg .jump4
	lea rdi, [rel const7] ; 'non-positive loop bound'
	call _fail_assertion
.jump4:
	; Computing bound for 'c'
	mov rax, [rel const8] ; 609
	push rax
	mov rax, [rsp]
	cmp rax, 0
	jg .jump5
	sub rsp, 8 ; Add alignment
	lea rdi, [rel const7] ; 'non-positive loop bound'
	call _fail_assertion
	add rsp, 8 ; Remove alignment
.jump5:
	; Initialize sum to 0
	mov rax, 0
	mov [rsp + 16], rax ; Move to pre-allocated space
	; Initialize 'd' to 0
	mov rax, 0
	push rax
	; Initialize 'c' to 0
	mov rax, 0
	push rax
.jump6: ; Begin body of loop
	; Compute loop body
	sub rsp, 8
	; Moving 8 bytes from rbp - 48 to rsp 
		mov r10, [rbp - 48 + 0]
		mov [rsp + 0], r10
	pop rax
	add [rsp + 32], rax ; Add loop body to sum
	; Increment 'd'
	add qword [rsp + 8], 1
	; Compare d to its bound
	mov rax, [rsp + 8]
	cmp rax, [rsp + 24]
	jl .jump6 ; If d < bound, next iter
	mov qword [rsp + 8], 0 ; d = 0
	add qword [rsp + 0], 1 ; c++
	; Compare c to its bound
	mov rax, [rsp + 0]
	cmp rax, [rsp + 16]
	jl .jump6 ; If c < bound, next iter
	; End body of loop
	; Free all loop variables
	add rsp, 16
	; Free all loop bounds
	add rsp, 16
	; sum left on stack
	pop rax
	neg rax
	push rax
	mov rax, [rsp]
	cmp rax, 0
	jg .jump7
	sub rsp, 8 ; Add alignment
	lea rdi, [rel const7] ; 'non-positive loop bound'
	call _fail_assertion
	add rsp, 8 ; Remove alignment
.jump7:
	; Initialize sum to 0
	mov rax, 0
	mov [rsp + 8], rax ; Move to pre-allocated space
	; Initialize 'c' to 0
	mov rax, 0
	push rax
.jump8: ; Begin body of loop
	; Compute loop body
	mov rax, [rel const9] ; False
	push rax
	pop rax
	cmp rax, 0
	je .jump9
	mov rax, [rel const10] ; 26.84
	push rax
	jmp .jump10
.jump9:
	mov rax, [rel const11] ; 70.11
	push rax
.jump10:
	movsd xmm1, [rsp]
	add rsp, 8
	pxor xmm0, xmm0
	subsd xmm0, xmm1
	sub rsp, 8
	movsd [rsp], xmm0
	movsd xmm0, [rsp]
	add rsp, 8
	addsd xmm0, [rsp + 16] ; Load sum
	movsd [rsp + 16], xmm0 ; Save sum
	; Increment 'c'
	add qword [rsp + 0], 1
	; Compare c to its bound
	mov rax, [rsp + 0]
	cmp rax, [rsp + 8]
	jl .jump8 ; If c < bound, next iter
	; End body of loop
	; Free all loop variables
	add rsp, 8
	; Free all loop bounds
	add rsp, 8
	; sum left on stack
	; Allocating 8 bytes for the sum
	sub rsp, 8
	; Computing bound for 'e'
	mov rax, [rel const12] ; 779
	push rax
	mov rax, [rsp]
	cmp rax, 0
	jg .jump11
	lea rdi, [rel const7] ; 'non-positive loop bound'
	call _fail_assertion
.jump11:
	; Computing bound for 'd'
	mov rax, [rel const13] ; 793
	push rax
	mov rax, [rsp]
	cmp rax, 0
	jg .jump12
	sub rsp, 8 ; Add alignment
	lea rdi, [rel const7] ; 'non-positive loop bound'
	call _fail_assertion
	add rsp, 8 ; Remove alignment
.jump12:
	; Initialize sum to 0
	mov rax, 0
	mov [rsp + 16], rax ; Move to pre-allocated space
	; Initialize 'e' to 0
	mov rax, 0
	push rax
	; Initialize 'd' to 0
	mov rax, 0
	push rax
.jump13: ; Begin body of loop
	; Compute loop body
	sub rsp, 8
	; Moving 8 bytes from rbp - 56 to rsp 
		mov r10, [rbp - 56 + 0]
		mov [rsp + 0], r10
	pop rax
	add [rsp + 32], rax ; Add loop body to sum
	; Increment 'e'
	add qword [rsp + 8], 1
	; Compare e to its bound
	mov rax, [rsp + 8]
	cmp rax, [rsp + 24]
	jl .jump13 ; If e < bound, next iter
	mov qword [rsp + 8], 0 ; e = 0
	add qword [rsp + 0], 1 ; d++
	; Compare d to its bound
	mov rax, [rsp + 0]
	cmp rax, [rsp + 16]
	jl .jump13 ; If d < bound, next iter
	; End body of loop
	; Free all loop variables
	add rsp, 16
	; Free all loop bounds
	add rsp, 16
	; sum left on stack
	mov rax, [rel const14] ; 69
	push rax
	pop rax
	neg rax
	push rax
	mov rax, [rel const0] ; True
	push rax
	pop rdi
	call _a
	push rax
	pop rax
	pop r10
	cmp r10, 0
	jne .jump14
	sub rsp, 8 ; Add alignment
	lea rdi, [rel const15] ; 'mod by zero'
	call _fail_assertion
	add rsp, 8 ; Remove alignment
.jump14:
	cqo
	idiv r10
	mov rax, rdx
	push rax
	pop rax
	pop r10
	cmp r10, 0
	jne .jump15
	lea rdi, [rel const16] ; 'divide by zero'
	call _fail_assertion
.jump15:
	cqo
	idiv r10
	push rax
	pop rax
	add rsp, 16 ; Local variables
	pop rbp
	ret

jpl_main:
_jpl_main:
	push rbp
	mov rbp, rsp
	push r12
	mov r12, rbp ; end of jpl_main prelude
	mov rax, [rel const0] ; True
	push rax
	pop rax
	xor rax, 1
	push rax
	mov rax, [rel const17] ; 36.34
	push rax
	mov rax, [rel const18] ; 63.88
	push rax
	mov rax, [rel const19] ; 35.9
	push rax
	mov rax, [rel const20] ; 25.66
	push rax
	movsd xmm1, [rsp]
	add rsp, 8
	pxor xmm0, xmm0
	subsd xmm0, xmm1
	sub rsp, 8
	movsd [rsp], xmm0
	; Moving 8 bytes from rsp + 8 to rsp + 24 
		mov r10, [rsp + 8 + 0]
		mov [rsp + 24 + 0], r10
	add rsp, 24
	lea rdi, [rel const21] ; 'd'
	sub rsp, 8 ; Add alignment
	call _print
	add rsp, 8 ; Remove alignment
	add rsp, 16 ; Local variables
	pop r12 ; begin jpl_main postlude
	pop rbp
	ret

