global jpl_main
global _jpl_main
extern _fail_assertion
extern _jpl_alloc
extern _get_time
extern _show
extern _print
extern _print_time
extern _read_image
extern _write_image
extern _fmod
extern _sqrt
extern _exp
extern _sin
extern _cos
extern _tan
extern _asin
extern _acos
extern _atan
extern _log
extern _pow
extern _atan2
extern _to_int
extern _to_float

section .data
const0: dq 4.09
const1: dq 66.11
const2: db `non-positive loop bound`, 0
const3: dq 870
const4: db `overflow computing array size`, 0
const5: dq 30.08
const6: dq 1
const7: db `i.png`, 0

section .text
jpl_main:
_jpl_main:
	push rbp
	mov rbp, rsp
	push r12
	mov r12, rbp ; end of jpl_main prelude
	mov rax, [rel const0] ; 4.09
	push rax
	mov rax, [rel const1] ; 66.11
	push rax
	mov rdi, 16
	sub rsp, 8 ; Add alignment
	call _jpl_alloc
	add rsp, 8 ; Remove alignment
	; Moving 16 bytes from rsp to rax 
		mov r10, [rsp + 8]
		mov [rax + 8], r10
		mov r10, [rsp + 0]
		mov [rax + 0], r10
	add rsp, 16
	push rax
	mov rax, 2
	push rax
	sub rsp, 8 ; Add alignment
	call _get_time
	add rsp, 8 ; Remove alignment
	sub rsp, 8
	movsd [rsp], xmm0
	; Allocating 8 bytes for the pointer
	sub rsp, 8
	; Computing bound for 'd'
	sub rsp, 8
	; Moving 8 bytes from rbp - 24 to rsp 
		mov r10, [rbp - 24 + 0]
		mov [rsp + 0], r10
	mov rax, [rsp]
	cmp rax, 0
	jg .jump1
	lea rdi, [rel const2] ; 'non-positive loop bound'
	call _fail_assertion
.jump1:
	; Computing bound for 'c'
	mov rax, [rel const3] ; 870
	push rax
	sub rsp, 8
	; Moving 8 bytes from rbp - 24 to rsp 
		mov r10, [rbp - 24 + 0]
		mov [rsp + 0], r10
	pop rax
	pop r10
	imul rax, r10
	push rax
	mov rax, [rsp]
	cmp rax, 0
	jg .jump2
	sub rsp, 8 ; Add alignment
	lea rdi, [rel const2] ; 'non-positive loop bound'
	call _fail_assertion
	add rsp, 8 ; Remove alignment
.jump2:
	; Computing total size of heap memory to allocate
	mov rdi, 8 ; sizeof float 
	imul rdi, [rsp + 0 + 0] ; multiply by (b * 870) 
	jno .jump3
	sub rsp, 8 ; Add alignment
	lea rdi, [rel const4] ; 'overflow computing array size'
	call _fail_assertion
	add rsp, 8 ; Remove alignment
.jump3:
	imul rdi, [rsp + 0 + 8] ; multiply by b 
	jno .jump4
	sub rsp, 8 ; Add alignment
	lea rdi, [rel const4] ; 'overflow computing array size'
	call _fail_assertion
	add rsp, 8 ; Remove alignment
.jump4:
	sub rsp, 8 ; Add alignment
	call _jpl_alloc ; Put pointer to heap space in RAX
	add rsp, 8 ; Remove alignment
	mov [rsp + 16], rax ; Move to pre-allocated space
	; Initialize 'd' to 0
	mov rax, 0
	push rax
	; Initialize 'c' to 0
	mov rax, 0
	push rax
.jump5: ; Begin body of loop
	; Compute loop body
	; Allocating 8 bytes for the sum
	sub rsp, 8
	; Computing bound for 'e'
	sub rsp, 8
	; Moving 8 bytes from rbp - 64 to rsp 
		mov r10, [rbp - 64 + 0]
		mov [rsp + 0], r10
	mov rax, [rsp]
	cmp rax, 0
	jg .jump6
	sub rsp, 8 ; Add alignment
	lea rdi, [rel const2] ; 'non-positive loop bound'
	call _fail_assertion
	add rsp, 8 ; Remove alignment
.jump6:
	; Initialize sum to 0
	mov rax, 0
	mov [rsp + 8], rax ; Move to pre-allocated space
	; Initialize 'e' to 0
	mov rax, 0
	push rax
.jump7: ; Begin body of loop
	; Compute loop body
	mov rax, [rel const5] ; 30.08
	push rax
	movsd xmm0, [rsp]
	add rsp, 8
	addsd xmm0, [rsp + 16] ; Load sum
	movsd [rsp + 16], xmm0 ; Save sum
	; Increment 'e'
	add qword [rsp + 0], 1
	; Compare e to its bound
	mov rax, [rsp + 0]
	cmp rax, [rsp + 8]
	jl .jump7 ; If e < bound, next iter
	; End body of loop
	; Free all loop variables
	add rsp, 8
	; Free all loop bounds
	add rsp, 8
	; sum left on stack
	; Index to store in
	mov rax, 0
	imul rax, [rsp + 24] ; No overflow if indices in bounds
	add rax, [rsp + 8]
	imul rax, [rsp + 32] ; No overflow if indices in bounds
	add rax, [rsp + 16]
	imul rax, 8
	add rax, [rsp + 40]
	; Move body (8 bytes) to index
	; Moving 8 bytes from rsp to rax 
		mov r10, [rsp + 0]
		mov [rax + 0], r10
	add rsp, 8
	; Increment 'd'
	add qword [rsp + 8], 1
	; Compare d to its bound
	mov rax, [rsp + 8]
	cmp rax, [rsp + 24]
	jl .jump5 ; If d < bound, next iter
	mov qword [rsp + 8], 0 ; d = 0
	add qword [rsp + 0], 1 ; c++
	; Compare c to its bound
	mov rax, [rsp + 0]
	cmp rax, [rsp + 16]
	jl .jump5 ; If c < bound, next iter
	; End body of loop
	; Free all loop variables
	add rsp, 16
	; array left on stack
	sub rsp, 8 ; Add alignment
	call _get_time
	add rsp, 8 ; Remove alignment
	sub rsp, 8
	movsd [rsp], xmm0
	movsd xmm0, [rsp]
	add rsp, 8
	movsd xmm1, [rsp + 24]
	subsd xmm0, xmm1
	sub rsp, 8 ; Add alignment
	call _print_time
	add rsp, 8 ; Remove alignment
	; Allocating 8 bytes for the pointer
	sub rsp, 8
	; Computing bound for 'g'
	sub rsp, 8
	; Moving 8 bytes from rbp - 56 to rsp 
		mov r10, [rbp - 56 + 0]
		mov [rsp + 0], r10
	mov rax, [rsp]
	cmp rax, 0
	jg .jump8
	sub rsp, 8 ; Add alignment
	lea rdi, [rel const2] ; 'non-positive loop bound'
	call _fail_assertion
	add rsp, 8 ; Remove alignment
.jump8:
	; Computing bound for 'f'
	mov rax, [rel const6] ; True
	push rax
	pop rax
	cmp rax, 0
	je .jump9
	sub rsp, 8
	; Moving 8 bytes from rbp - 56 to rsp 
		mov r10, [rbp - 56 + 0]
		mov [rsp + 0], r10
	jmp .jump10
.jump9:
	sub rsp, 8
	; Moving 8 bytes from rbp - 24 to rsp 
		mov r10, [rbp - 24 + 0]
		mov [rsp + 0], r10
.jump10:
	; Allocating 8 bytes for the sum
	sub rsp, 8
	; Computing bound for 'f'
	sub rsp, 8
	; Moving 8 bytes from rbp - 24 to rsp 
		mov r10, [rbp - 24 + 0]
		mov [rsp + 0], r10
	mov rax, [rsp]
	cmp rax, 0
	jg .jump11
	lea rdi, [rel const2] ; 'non-positive loop bound'
	call _fail_assertion
.jump11:
	; Initialize sum to 0
	mov rax, 0
	mov [rsp + 8], rax ; Move to pre-allocated space
	; Initialize 'f' to 0
	mov rax, 0
	push rax
.jump12: ; Begin body of loop
	; Compute loop body
	sub rsp, 8
	; Moving 8 bytes from rbp - 56 to rsp 
		mov r10, [rbp - 56 + 0]
		mov [rsp + 0], r10
	pop rax
	add [rsp + 16], rax ; Add loop body to sum
	; Increment 'f'
	add qword [rsp + 0], 1
	; Compare f to its bound
	mov rax, [rsp + 0]
	cmp rax, [rsp + 8]
	jl .jump12 ; If f < bound, next iter
	; End body of loop
	; Free all loop variables
	add rsp, 8
	; Free all loop bounds
	add rsp, 8
	; sum left on stack
	pop rax
	pop r10
	sub rax, r10
	push rax
	mov rax, [rsp]
	cmp rax, 0
	jg .jump13
	lea rdi, [rel const2] ; 'non-positive loop bound'
	call _fail_assertion
.jump13:
	; Computing total size of heap memory to allocate
	mov rdi, 24 ; sizeof float[,] 
imul rdi, [rsp + 0 + 0] ; multiply by ((sum[f : b] d) - (if true then d else b)) 
	jno .jump14
	lea rdi, [rel const4] ; 'overflow computing array size'
	call _fail_assertion
.jump14:
	imul rdi, [rsp + 0 + 8] ; multiply by d 
	jno .jump15
	lea rdi, [rel const4] ; 'overflow computing array size'
	call _fail_assertion
.jump15:
	call _jpl_alloc ; Put pointer to heap space in RAX
	mov [rsp + 16], rax ; Move to pre-allocated space
	; Initialize 'g' to 0
	mov rax, 0
	push rax
	; Initialize 'f' to 0
	mov rax, 0
	push rax
.jump16: ; Begin body of loop
	; Compute loop body
	sub rsp, 24
	; Moving 24 bytes from rbp - 56 to rsp 
		mov r10, [rbp - 56 + 16]
		mov [rsp + 16], r10
		mov r10, [rbp - 56 + 8]
		mov [rsp + 8], r10
		mov r10, [rbp - 56 + 0]
		mov [rsp + 0], r10
	; Index to store in
	mov rax, 0
	imul rax, [rsp + 40] ; No overflow if indices in bounds
	add rax, [rsp + 24]
	imul rax, [rsp + 48] ; No overflow if indices in bounds
	add rax, [rsp + 32]
	imul rax, 24
	add rax, [rsp + 56]
	; Move body (24 bytes) to index
	; Moving 24 bytes from rsp to rax 
		mov r10, [rsp + 16]
		mov [rax + 16], r10
		mov r10, [rsp + 8]
		mov [rax + 8], r10
		mov r10, [rsp + 0]
		mov [rax + 0], r10
	add rsp, 24
	; Increment 'g'
	add qword [rsp + 8], 1
	; Compare g to its bound
	mov rax, [rsp + 8]
	cmp rax, [rsp + 24]
	jl .jump16 ; If g < bound, next iter
	mov qword [rsp + 8], 0 ; g = 0
	add qword [rsp + 0], 1 ; f++
	; Compare f to its bound
	mov rax, [rsp + 0]
	cmp rax, [rsp + 16]
	jl .jump16 ; If f < bound, next iter
	; End body of loop
	; Free all loop variables
	add rsp, 16
	; array left on stack
	sub rsp, 24
	lea rdi, [rsp]
	sub rsp, 8 ; Add alignment
	lea rsi, [rel const7] ; 'i.png'
	call _read_image
	add rsp, 8 ; Remove alignment
	add rsp, 96 ; Local variables
	pop r12 ; begin jpl_main postlude
	pop rbp
	ret

