global jpl_main
global _jpl_main
extern _fail_assertion
extern _jpl_alloc
extern _get_time
extern _show
extern _print
extern _print_time
extern _read_image
extern _write_image
extern _fmod
extern _sqrt
extern _exp
extern _sin
extern _cos
extern _tan
extern _asin
extern _acos
extern _atan
extern _log
extern _pow
extern _atan2
extern _to_int
extern _to_float

section .data
const0: dq 10.11
const1: dq 0
const2: db `f`, 0
const3: db `non-positive loop bound`, 0
const4: db `overflow computing array size`, 0
const5: dq 1
const6: dq 839
const7: dq 610
const8: dq 848
const9: db `divide by zero`, 0
const10: db `negative array index`, 0
const11: db `index too large`, 0

section .text
c:
_c:
	push rbp
	mov rbp, rsp
	push rdi
	sub rsp, 16
	sub rsp, 8 ; Add alignment
	lea rdi, [rsp + 8]
	call _c
	add rsp, 8 ; Remove alignment
	sub rsp, 8
	; Moving 8 bytes from r12 - 24 to rsp 
		mov r10, [r12 - 24 + 0]
		mov [rsp + 0], r10
	pop rax
	cmp rax, 0
	jne .jump1
	sub rsp, 8 ; Add alignment
	lea rdi, [rel const2] ; 'f'
	call _fail_assertion
	add rsp, 8 ; Remove alignment
.jump1:
	; Allocating 8 bytes for the pointer
	sub rsp, 8
	; Computing bound for 'f'
	sub rsp, 8
	; Moving 8 bytes from rbp - 24 to rsp 
		mov r10, [rbp - 24 + 0]
		mov [rsp + 0], r10
	mov rax, [rsp]
	cmp rax, 0
	jg .jump2
	sub rsp, 8 ; Add alignment
	lea rdi, [rel const3] ; 'non-positive loop bound'
	call _fail_assertion
	add rsp, 8 ; Remove alignment
.jump2:
	; Computing total size of heap memory to allocate
	mov rdi, 16 ; sizeof void[] 
	imul rdi, [rsp + 0 + 0] ; multiply by e 
	jno .jump3
	sub rsp, 8 ; Add alignment
	lea rdi, [rel const4] ; 'overflow computing array size'
	call _fail_assertion
	add rsp, 8 ; Remove alignment
.jump3:
	sub rsp, 8 ; Add alignment
	call _jpl_alloc ; Put pointer to heap space in RAX
	add rsp, 8 ; Remove alignment
	mov [rsp + 8], rax ; Move to pre-allocated space
	; Initialize 'f' to 0
	mov rax, 0
	push rax
.jump4: ; Begin body of loop
	; Compute loop body
	sub rsp, 16
	; Moving 16 bytes from rbp - 24 to rsp 
		mov r10, [rbp - 24 + 8]
		mov [rsp + 8], r10
		mov r10, [rbp - 24 + 0]
		mov [rsp + 0], r10
	; Index to store in
	mov rax, 0
	imul rax, [rsp + 24] ; No overflow if indices in bounds
	add rax, [rsp + 16]
	imul rax, 16
	add rax, [rsp + 32]
	; Move body (16 bytes) to index
	; Moving 16 bytes from rsp to rax 
		mov r10, [rsp + 8]
		mov [rax + 8], r10
		mov r10, [rsp + 0]
		mov [rax + 0], r10
	add rsp, 16
	; Increment 'f'
	add qword [rsp + 0], 1
	; Compare f to its bound
	mov rax, [rsp + 0]
	cmp rax, [rsp + 8]
	jl .jump4 ; If f < bound, next iter
	; End body of loop
	; Free all loop variables
	add rsp, 8
	; array left on stack
	mov rax, [rel const5] ; True
	push rax
	pop rax
	cmp rax, 0
	je .jump5
	mov rax, [rel const6] ; 839
	push rax
	jmp .jump6
.jump5:
	mov rax, [rel const7] ; 610
	push rax
.jump6:
	mov rax, [rel const8] ; 848
	push rax
	pop rax
	neg rax
	push rax
	pop rax
	pop r10
	cmp r10, 0
	jne .jump7
	sub rsp, 8 ; Add alignment
	lea rdi, [rel const9] ; 'divide by zero'
	call _fail_assertion
	add rsp, 8 ; Remove alignment
.jump7:
	cqo
	idiv r10
	push rax
	mov rax, [rsp + 0]
	cmp rax, 0
	jge .jump8
	lea rdi, [rel const10] ; 'negative array index'
	call _fail_assertion
.jump8:
	cmp rax, [rsp + 8]
	jl .jump9
	lea rdi, [rel const11] ; 'index too large'
	call _fail_assertion
.jump9:
	mov rax, 0
	imul rax, [rsp + 8] ; No overflow if indices in bounds
	add rax, [rsp + 0]
	imul rax, 16
	add rax, [rsp + 16]
	add rsp, 8
	add rsp, 16
	sub rsp, 16
	; Moving 16 bytes from rax to rsp 
		mov r10, [rax + 8]
		mov [rsp + 8], r10
		mov r10, [rax + 0]
		mov [rsp + 0], r10
	mov rax, [rbp - 8] ; Address to write return value into
	; Moving 16 bytes from rsp to rax 
		mov r10, [rsp + 8]
		mov [rax + 8], r10
		mov r10, [rsp + 0]
		mov [rax + 0], r10
	add rsp, 40 ; Local variables
	pop rbp
	ret

jpl_main:
_jpl_main:
	push rbp
	mov rbp, rsp
	push r12
	mov r12, rbp ; end of jpl_main prelude
	mov rax, [rel const0] ; 10.11
	push rax
	mov rax, [rel const1] ; False
	push rax
	pop rax
	xor rax, 1
	push rax
	pop rax
	xor rax, 1
	push rax
	pop rax
	xor rax, 1
	push rax
	sub rsp, 8 ; Add alignment
	call _get_time
	add rsp, 8 ; Remove alignment
	sub rsp, 8
	movsd [rsp], xmm0
	mov rax, [rel const5] ; True
	push rax
	sub rsp, 8 ; Add alignment
	call _get_time
	add rsp, 8 ; Remove alignment
	sub rsp, 8
	movsd [rsp], xmm0
	movsd xmm0, [rsp]
	add rsp, 8
	movsd xmm1, [rsp + 8]
	subsd xmm0, xmm1
	sub rsp, 8 ; Add alignment
	call _print_time
	add rsp, 8 ; Remove alignment
	add rsp, 32 ; Local variables
	pop r12 ; begin jpl_main postlude
	pop rbp
	ret

