global jpl_main
global _jpl_main
extern _fail_assertion
extern _jpl_alloc
extern _get_time
extern _show
extern _print
extern _print_time
extern _read_image
extern _write_image
extern _fmod
extern _sqrt
extern _exp
extern _sin
extern _cos
extern _tan
extern _asin
extern _acos
extern _atan
extern _log
extern _pow
extern _atan2
extern _to_int
extern _to_float

section .data
const0: dq 0
const1: dq 896
const2: dq 60.1
const3: dq 57.24

section .text
a:
_a:
	push rbp
	mov rbp, rsp
	mov rax, [rel const0] ; False
	push rax
	sub rsp, 8
	; Moving 8 bytes from rbp - 8 to rsp 
		mov r10, [rbp - 8 + 0]
		mov [rsp + 0], r10
	mov rdi, 8
	call _jpl_alloc
	; Moving 8 bytes from rsp to rax 
		mov r10, [rsp + 0]
		mov [rax + 0], r10
	add rsp, 8
	push rax
	mov rax, 1
	push rax
	sub rsp, 8
	; Moving 8 bytes from rbp - 8 to rsp 
		mov r10, [rbp - 8 + 0]
		mov [rsp + 0], r10
	pop rax
	cmp rax, 0
	je .jump1
	sub rsp, 8
	; Moving 8 bytes from rbp - -40 to rsp 
		mov r10, [rbp - -40 + 0]
		mov [rsp + 0], r10
	jmp .jump2
.jump1:
	sub rsp, 8
	; Moving 8 bytes from rbp - -16 to rsp 
		mov r10, [rbp - -16 + 0]
		mov [rsp + 0], r10
.jump2:
	pop rax
	add rsp, 24 ; Local variables
	pop rbp
	ret

jpl_main:
_jpl_main:
	push rbp
	mov rbp, rsp
	push r12
	mov r12, rbp ; end of jpl_main prelude
	sub rsp, 8 ; Add alignment
	call _get_time
	add rsp, 8 ; Remove alignment
	sub rsp, 8
	movsd [rsp], xmm0
	call _get_time
	sub rsp, 8
	movsd [rsp], xmm0
	mov rax, [rel const1] ; 896
	push rax
	pop rax
	neg rax
	push rax
	call _get_time
	sub rsp, 8
	movsd [rsp], xmm0
	movsd xmm0, [rsp]
	add rsp, 8
	movsd xmm1, [rsp + 8]
	subsd xmm0, xmm1
	call _print_time
	call _get_time
	sub rsp, 8
	movsd [rsp], xmm0
	movsd xmm0, [rsp]
	add rsp, 8
	movsd xmm1, [rsp + 16]
	subsd xmm0, xmm1
	call _print_time
	mov rax, [rel const0] ; False
	push rax
	sub rsp, 8 ; Add alignment
	call _get_time
	add rsp, 8 ; Remove alignment
	sub rsp, 8
	movsd [rsp], xmm0
	mov rax, [rel const2] ; 60.1
	push rax
	mov rax, [rel const3] ; 57.24
	push rax
	movsd xmm1, [rsp]
	add rsp, 8
	pxor xmm0, xmm0
	subsd xmm0, xmm1
	sub rsp, 8
	movsd [rsp], xmm0
	movsd xmm0, [rsp]
	add rsp, 8
	movsd xmm1, [rsp]
	add rsp, 8
	cmplesd xmm0, xmm1
	movq rax, xmm0
	and rax, 1
	push rax
	sub rsp, 8 ; Add alignment
	call _get_time
	add rsp, 8 ; Remove alignment
	sub rsp, 8
	movsd [rsp], xmm0
	movsd xmm0, [rsp]
	add rsp, 8
	movsd xmm1, [rsp + 8]
	subsd xmm0, xmm1
	sub rsp, 8 ; Add alignment
	call _print_time
	add rsp, 8 ; Remove alignment
	add rsp, 48 ; Local variables
	pop r12 ; begin jpl_main postlude
	pop rbp
	ret

