(WriteCmd (ArrayLoopExpr (ArrayType (StructType rgba) 2) a (IfExpr (IntType) (IfExpr (BoolType) (UnopExpr (BoolType) ! (FalseExpr (BoolType))) (BinopExpr (BoolType) (IfExpr (FloatType) (TrueExpr (BoolType)) (FloatExpr (FloatType) 15) (UnopExpr (FloatType) - (FloatExpr (FloatType) 14))) >= (BinopExpr (FloatType) (FloatExpr (FloatType) 47) - (UnopExpr (FloatType) - (FloatExpr (FloatType) 90)))) (BinopExpr (BoolType) (TrueExpr (BoolType)) || (FalseExpr (BoolType)))) (ArrayIndexExpr (IntType) (ArrayLoopExpr (ArrayType (IntType) 3) a (UnopExpr (IntType) - (UnopExpr (IntType) - (IntExpr (IntType) 743))) b (BinopExpr (IntType) (IntExpr (IntType) 402) - (BinopExpr (IntType) (IntExpr (IntType) 346) - (IntExpr (IntType) 996))) c (IfExpr (IntType) (TrueExpr (BoolType)) (BinopExpr (IntType) (IntExpr (IntType) 418) % (IntExpr (IntType) 44)) (UnopExpr (IntType) - (IntExpr (IntType) 916))) (VarExpr (IntType) b)) (IntExpr (IntType) 151) (BinopExpr (IntType) (UnopExpr (IntType) - (IntExpr (IntType) 536)) * (ArrayIndexExpr (IntType) (ArrayLoopExpr (ArrayType (IntType) 1) a (IntExpr (IntType) 765) (IntExpr (IntType) 157)) (SumLoopExpr (IntType) a (IntExpr (IntType) 863) b (IntExpr (IntType) 552) c (IntExpr (IntType) 837) (IntExpr (IntType) 370)))) (SumLoopExpr (IntType) a (IntExpr (IntType) 178) b (IntExpr (IntType) 896) (SumLoopExpr (IntType) c (IntExpr (IntType) 939) d (VarExpr (IntType) b) e (UnopExpr (IntType) - (VarExpr (IntType) a)) (UnopExpr (IntType) - (VarExpr (IntType) a))))) (UnopExpr (IntType) - (UnopExpr (IntType) - (BinopExpr (IntType) (SumLoopExpr (IntType) a (IntExpr (IntType) 806) b (IntExpr (IntType) 822) (VarExpr (IntType) a)) - (SumLoopExpr (IntType) a (IntExpr (IntType) 683) b (IntExpr (IntType) 216) (IntExpr (IntType) 900)))))) b (UnopExpr (IntType) - (ArrayIndexExpr (IntType) (ArrayLoopExpr (ArrayType (IntType) 2) a (IntExpr (IntType) 465) b (SumLoopExpr (IntType) a (IntExpr (IntType) 371) (VarExpr (IntType) a)) (SumLoopExpr (IntType) c (UnopExpr (IntType) - (VarExpr (IntType) b)) d (VarExpr (IntType) a) (VarExpr (IntType) b))) (UnopExpr (IntType) - (IntExpr (IntType) 9)) (BinopExpr (IntType) (IfExpr (IntType) (FalseExpr (BoolType)) (IntExpr (IntType) 305) (IntExpr (IntType) 871)) - (IfExpr (IntType) (UnopExpr (BoolType) ! (TrueExpr (BoolType))) (IntExpr (IntType) 858) (IntExpr (IntType) 236))))) (ArrayIndexExpr (StructType rgba) (ArrayLoopExpr (ArrayType (StructType rgba) 1) c (IntExpr (IntType) 130) (StructLiteralExpr (StructType rgba) rgba (IfExpr (FloatType) (FalseExpr (BoolType)) (FloatExpr (FloatType) 77) (UnopExpr (FloatType) - (FloatExpr (FloatType) 18))) (IfExpr (FloatType) (FalseExpr (BoolType)) (FloatExpr (FloatType) 12) (BinopExpr (FloatType) (FloatExpr (FloatType) 43) * (FloatExpr (FloatType) 51))) (SumLoopExpr (FloatType) d (VarExpr (IntType) a) e (VarExpr (IntType) c) (FloatExpr (FloatType) 1)) (FloatExpr (FloatType) 51))) (VarExpr (IntType) b))) "a.png")
(LetCmd (ArrayLValue a b c d) (ArrayIndexExpr (ArrayType (IntType) 3) (ArrayIndexExpr (ArrayType (ArrayType (IntType) 3) 1) (ArrayLoopExpr (ArrayType (ArrayType (ArrayType (IntType) 3) 1) 3) a (IntExpr (IntType) 518) b (UnopExpr (IntType) - (IntExpr (IntType) 978)) c (SumLoopExpr (IntType) a (IntExpr (IntType) 285) (IntExpr (IntType) 386)) (ArrayLiteralExpr (ArrayType (ArrayType (IntType) 3) 1) (ArrayLoopExpr (ArrayType (IntType) 3) d (VarExpr (IntType) c) e (VarExpr (IntType) c) f (VarExpr (IntType) a) (SumLoopExpr (IntType) g (VarExpr (IntType) b) (VarExpr (IntType) e))) (ArrayLoopExpr (ArrayType (IntType) 3) d (IntExpr (IntType) 688) e (VarExpr (IntType) b) f (SumLoopExpr (IntType) d (VarExpr (IntType) b) (VarExpr (IntType) d)) (VarExpr (IntType) a)))) (ArrayIndexExpr (IntType) (ArrayLoopExpr (ArrayType (IntType) 2) a (IntExpr (IntType) 332) b (IntExpr (IntType) 443) (BinopExpr (IntType) (VarExpr (IntType) b) + (SumLoopExpr (IntType) c (VarExpr (IntType) a) (IntExpr (IntType) 595)))) (ArrayIndexExpr (IntType) (ArrayLoopExpr (ArrayType (IntType) 2) a (UnopExpr (IntType) - (IntExpr (IntType) 530)) b (IntExpr (IntType) 146) (VarExpr (IntType) b)) (IntExpr (IntType) 871) (ArrayIndexExpr (IntType) (ArrayLoopExpr (ArrayType (IntType) 1) a (IntExpr (IntType) 413) (IntExpr (IntType) 988)) (UnopExpr (IntType) - (IntExpr (IntType) 532)))) (IntExpr (IntType) 344)) (BinopExpr (IntType) (UnopExpr (IntType) - (UnopExpr (IntType) - (IntExpr (IntType) 734))) * (IntExpr (IntType) 16)) (UnopExpr (IntType) - (IntExpr (IntType) 160))) (IfExpr (IntType) (BinopExpr (BoolType) (SumLoopExpr (IntType) a (UnopExpr (IntType) - (UnopExpr (IntType) - (IntExpr (IntType) 40))) b (BinopExpr (IntType) (IfExpr (IntType) (TrueExpr (BoolType)) (IntExpr (IntType) 680) (IntExpr (IntType) 896)) % (IntExpr (IntType) 357)) (SumLoopExpr (IntType) c (SumLoopExpr (IntType) c (IntExpr (IntType) 50) d (VarExpr (IntType) b) (VarExpr (IntType) a)) d (SumLoopExpr (IntType) c (IntExpr (IntType) 115) d (VarExpr (IntType) a) e (VarExpr (IntType) b) (VarExpr (IntType) d)) (VarExpr (IntType) a))) >= (IntExpr (IntType) 580)) (IfExpr (IntType) (BinopExpr (BoolType) (FloatExpr (FloatType) 57) != (FloatExpr (FloatType) 56)) (UnopExpr (IntType) - (IntExpr (IntType) 76)) (BinopExpr (IntType) (BinopExpr (IntType) (IntExpr (IntType) 656) / (UnopExpr (IntType) - (IntExpr (IntType) 79))) % (IntExpr (IntType) 131))) (IfExpr (IntType) (TrueExpr (BoolType)) (SumLoopExpr (IntType) a (IntExpr (IntType) 181) (BinopExpr (IntType) (IntExpr (IntType) 127) / (VarExpr (IntType) a))) (IfExpr (IntType) (TrueExpr (BoolType)) (IntExpr (IntType) 587) (IfExpr (IntType) (BinopExpr (BoolType) (FloatExpr (FloatType) 69) >= (FloatExpr (FloatType) 5)) (UnopExpr (IntType) - (IntExpr (IntType) 220)) (UnopExpr (IntType) - (IntExpr (IntType) 801))))))))
(ShowCmd (ArrayLoopExpr (ArrayType (ArrayType (IntType) 3) 1) e (VarExpr (IntType) c) (VarExpr (ArrayType (IntType) 3) a)))
(FnCmd e (((ArrayLValue f g h i) (ArrayType (IntType) 3) (VarLValue j) (VoidType) (ArrayLValue k l) (ArrayType (FloatType) 1))) (IntType) (LetStmt (ArrayLValue m n o) (IfExpr (ArrayType (ArrayType (FloatType) 1) 2) (ArrayIndexExpr (BoolType) (ArrayLoopExpr (ArrayType (BoolType) 1) m (CallExpr (IntType) e (VarExpr (ArrayType (IntType) 3) a) (VarExpr (VoidType) j) (IfExpr (ArrayType (FloatType) 1) (BinopExpr (BoolType) (VarExpr (IntType) d) == (VarExpr (IntType) d)) (ArrayLoopExpr (ArrayType (FloatType) 1) m (VarExpr (IntType) i) (FloatExpr (FloatType) 44)) (ArrayLoopExpr (ArrayType (FloatType) 1) m (VarExpr (IntType) d) (FloatExpr (FloatType) 1)))) (ArrayIndexExpr (BoolType) (ArrayLoopExpr (ArrayType (BoolType) 1) n (UnopExpr (IntType) - (VarExpr (IntType) c)) (FalseExpr (BoolType))) (VarExpr (IntType) b))) (VarExpr (IntType) b)) (IfExpr (ArrayType (ArrayType (FloatType) 1) 2) (FalseExpr (BoolType)) (ArrayLoopExpr (ArrayType (ArrayType (FloatType) 1) 2) m (UnopExpr (IntType) - (UnopExpr (IntType) - (UnopExpr (IntType) - (VarExpr (IntType) i)))) n (VarExpr (IntType) b) (VarExpr (ArrayType (FloatType) 1) k)) (ArrayLoopExpr (ArrayType (ArrayType (FloatType) 1) 2) m (VarExpr (IntType) i) n (VarExpr (IntType) b) (VarExpr (ArrayType (FloatType) 1) k))) (IfExpr (ArrayType (ArrayType (FloatType) 1) 2) (FalseExpr (BoolType)) (IfExpr (ArrayType (ArrayType (FloatType) 1) 2) (UnopExpr (BoolType) ! (TrueExpr (BoolType))) (IfExpr (ArrayType (ArrayType (FloatType) 1) 2) (BinopExpr (BoolType) (UnopExpr (BoolType) ! (FalseExpr (BoolType))) != (TrueExpr (BoolType))) (ArrayLoopExpr (ArrayType (ArrayType (FloatType) 1) 2) m (VarExpr (IntType) d) n (VarExpr (IntType) g) (VarExpr (ArrayType (FloatType) 1) k)) (ArrayLoopExpr (ArrayType (ArrayType (FloatType) 1) 2) m (VarExpr (IntType) g) n (UnopExpr (IntType) - (IntExpr (IntType) 110)) (ArrayLoopExpr (ArrayType (FloatType) 1) o (VarExpr (IntType) i) (FloatExpr (FloatType) 1)))) (IfExpr (ArrayType (ArrayType (FloatType) 1) 2) (IfExpr (BoolType) (BinopExpr (BoolType) (VarExpr (IntType) l) == (VarExpr (IntType) d)) (TrueExpr (BoolType)) (BinopExpr (BoolType) (VarExpr (IntType) d) > (VarExpr (IntType) i))) (ArrayLoopExpr (ArrayType (ArrayType (FloatType) 1) 2) m (VarExpr (IntType) i) n (SumLoopExpr (IntType) m (VarExpr (IntType) l) n (VarExpr (IntType) c) (VarExpr (IntType) n)) (VarExpr (ArrayType (FloatType) 1) k)) (ArrayLoopExpr (ArrayType (ArrayType (FloatType) 1) 2) m (BinopExpr (IntType) (VarExpr (IntType) h) * (IntExpr (IntType) 878)) n (UnopExpr (IntType) - (VarExpr (IntType) g)) (ArrayLoopExpr (ArrayType (FloatType) 1) o (VarExpr (IntType) n) (FloatExpr (FloatType) 64))))) (ArrayLoopExpr (ArrayType (ArrayType (FloatType) 1) 2) m (VarExpr (IntType) b) n (UnopExpr (IntType) - (SumLoopExpr (IntType) m (VarExpr (IntType) b) n (SumLoopExpr (IntType) m (VarExpr (IntType) b) (IntExpr (IntType) 645)) (BinopExpr (IntType) (VarExpr (IntType) c) % (VarExpr (IntType) m)))) (ArrayLiteralExpr (ArrayType (FloatType) 1) (SumLoopExpr (FloatType) o (VarExpr (IntType) n) p (VarExpr (IntType) n) q (SumLoopExpr (IntType) o (VarExpr (IntType) g) p (VarExpr (IntType) b) q (VarExpr (IntType) i) (IntExpr (IntType) 917)) (FloatExpr (FloatType) 50)) (UnopExpr (FloatType) - (BinopExpr (FloatType) (FloatExpr (FloatType) 89) / (FloatExpr (FloatType) 77)))))))) (LetStmt (ArrayLValue p q r s) (ArrayLoopExpr (ArrayType (BoolType) 3) p (VarExpr (IntType) d) q (UnopExpr (IntType) - (VarExpr (IntType) g)) r (VarExpr (IntType) d) (BinopExpr (BoolType) (BinopExpr (BoolType) (BinopExpr (FloatType) (ArrayIndexExpr (FloatType) (VarExpr (ArrayType (FloatType) 1) k) (IntExpr (IntType) 980)) % (SumLoopExpr (FloatType) s (VarExpr (IntType) h) t (UnopExpr (IntType) - (VarExpr (IntType) b)) (UnopExpr (FloatType) - (FloatExpr (FloatType) 4)))) > (ArrayIndexExpr (FloatType) (ArrayLoopExpr (ArrayType (FloatType) 2) s (VarExpr (IntType) o) t (VarExpr (IntType) b) (ArrayIndexExpr (FloatType) (VarExpr (ArrayType (FloatType) 1) k) (VarExpr (IntType) r))) (BinopExpr (IntType) (IntExpr (IntType) 224) - (VarExpr (IntType) c)) (VarExpr (IntType) g))) || (UnopExpr (BoolType) ! (BinopExpr (BoolType) (FloatExpr (FloatType) 28) >= (UnopExpr (FloatType) - (FloatExpr (FloatType) 49))))))) (ReturnStmt (IfExpr (IntType) (TrueExpr (BoolType)) (VarExpr (IntType) g) (IntExpr (IntType) 466))) (ReturnStmt (BinopExpr (IntType) (BinopExpr (IntType) (ArrayIndexExpr (IntType) (ArrayLoopExpr (ArrayType (IntType) 2) t (VarExpr (IntType) l) u (ArrayIndexExpr (IntType) (ArrayLoopExpr (ArrayType (IntType) 1) t (VarExpr (IntType) c) (VarExpr (IntType) c)) (VarExpr (IntType) l)) (VarExpr (IntType) t)) (VarExpr (IntType) r) (CallExpr (IntType) e (IfExpr (ArrayType (IntType) 3) (FalseExpr (BoolType)) (VarExpr (ArrayType (IntType) 3) f) (ArrayLoopExpr (ArrayType (IntType) 3) t (VarExpr (IntType) d) u (VarExpr (IntType) g) v (IntExpr (IntType) 459) (VarExpr (IntType) g))) (IfExpr (VoidType) (TrueExpr (BoolType)) (VarExpr (VoidType) j) (VarExpr (VoidType) j)) (VarExpr (ArrayType (FloatType) 1) k))) / (UnopExpr (IntType) - (VarExpr (IntType) h))) / (UnopExpr (IntType) - (VarExpr (IntType) b)))) (LetStmt (VarLValue t) (TrueExpr (BoolType))) (ReturnStmt (VarExpr (IntType) o)))
(LetCmd (VarLValue f) (IntExpr (IntType) 763))
(FnCmd g (((ArrayLValue h i) (ArrayType (IntType) 1) (ArrayLValue j k l m) (ArrayType (ArrayType (BoolType) 2) 3) (ArrayLValue n o p) (ArrayType (FloatType) 2))) (VoidType) (AssertStmt (FalseExpr (BoolType)) "q") (LetStmt (ArrayLValue q r s) (VarExpr (ArrayType (FloatType) 2) n)) (LetStmt (VarLValue t) (VarExpr (ArrayType (FloatType) 2) n)) (LetStmt (ArrayLValue u v) (VarExpr (ArrayType (IntType) 1) h)) (LetStmt (VarLValue w) (VarExpr (IntType) c)))
(TimeCmd (ReadCmd "h.png" (ArrayLValue h i j)))
(FnCmd k (((ArrayLValue l m n o) (ArrayType (BoolType) 3) (VarLValue p) (VoidType))) (IntType) (AssertStmt (ArrayIndexExpr (BoolType) (IfExpr (ArrayType (BoolType) 2) (BinopExpr (BoolType) (BinopExpr (BoolType) (VarExpr (IntType) b) >= (BinopExpr (IntType) (VarExpr (IntType) c) % (VarExpr (IntType) n))) || (UnopExpr (BoolType) ! (UnopExpr (BoolType) ! (FalseExpr (BoolType))))) (ArrayIndexExpr (ArrayType (BoolType) 2) (IfExpr (ArrayType (ArrayType (BoolType) 2) 2) (BinopExpr (BoolType) (ArrayIndexExpr (BoolType) (VarExpr (ArrayType (BoolType) 3) l) (IntExpr (IntType) 348) (VarExpr (IntType) c) (VarExpr (IntType) n)) || (TrueExpr (BoolType))) (ArrayLoopExpr (ArrayType (ArrayType (BoolType) 2) 2) q (VarExpr (IntType) n) r (VarExpr (IntType) f) (ArrayLoopExpr (ArrayType (BoolType) 2) s (VarExpr (IntType) b) t (VarExpr (IntType) f) (TrueExpr (BoolType)))) (ArrayLoopExpr (ArrayType (ArrayType (BoolType) 2) 2) q (VarExpr (IntType) c) r (BinopExpr (IntType) (VarExpr (IntType) i) / (VarExpr (IntType) o)) (ArrayLoopExpr (ArrayType (BoolType) 2) s (VarExpr (IntType) q) t (VarExpr (IntType) f) (FalseExpr (BoolType))))) (VarExpr (IntType) j) (VarExpr (IntType) n)) (IfExpr (ArrayType (BoolType) 2) (ArrayIndexExpr (BoolType) (ArrayLoopExpr (ArrayType (BoolType) 1) q (UnopExpr (IntType) - (VarExpr (IntType) j)) (FalseExpr (BoolType))) (BinopExpr (IntType) (IntExpr (IntType) 513) + (VarExpr (IntType) i))) (IfExpr (ArrayType (BoolType) 2) (IfExpr (BoolType) (UnopExpr (BoolType) ! (FalseExpr (BoolType))) (BinopExpr (BoolType) (VarExpr (IntType) c) >= (VarExpr (IntType) c)) (ArrayIndexExpr (BoolType) (VarExpr (ArrayType (BoolType) 3) l) (VarExpr (IntType) d) (VarExpr (IntType) c) (VarExpr (IntType) d))) (ArrayLoopExpr (ArrayType (BoolType) 2) q (VarExpr (IntType) b) r (SumLoopExpr (IntType) q (VarExpr (IntType) f) r (VarExpr (IntType) d) (VarExpr (IntType) d)) (BinopExpr (BoolType) (TrueExpr (BoolType)) != (TrueExpr (BoolType)))) (ArrayLoopExpr (ArrayType (BoolType) 2) q (VarExpr (IntType) n) r (BinopExpr (IntType) (VarExpr (IntType) o) % (VarExpr (IntType) b)) (FalseExpr (BoolType)))) (ArrayLoopExpr (ArrayType (BoolType) 2) q (VarExpr (IntType) d) r (VarExpr (IntType) j) (BinopExpr (BoolType) (UnopExpr (BoolType) ! (FalseExpr (BoolType))) || (BinopExpr (BoolType) (VarExpr (IntType) n) == (IntExpr (IntType) 157)))))) (VarExpr (IntType) b) (VarExpr (IntType) o)) "q") (AssertStmt (FalseExpr (BoolType)) "q") (ReturnStmt (VarExpr (IntType) j)) (AssertStmt (BinopExpr (BoolType) (VarExpr (IntType) j) == (VarExpr (IntType) o)) "q") (ReturnStmt (VarExpr (IntType) c)) (ReturnStmt (VarExpr (IntType) b)))
(ShowCmd (VarExpr (ArrayType (IntType) 3) a))
(LetCmd (ArrayLValue l m) (ArrayLiteralExpr (ArrayType (IntType) 1) (VarExpr (IntType) j)))
(ShowCmd (BinopExpr (IntType) (CallExpr (IntType) e (VarExpr (ArrayType (IntType) 3) a) (CallExpr (VoidType) g (IfExpr (ArrayType (IntType) 1) (FalseExpr (BoolType)) (ArrayLoopExpr (ArrayType (IntType) 1) n (VarExpr (IntType) b) (IntExpr (IntType) 902)) (ArrayLiteralExpr (ArrayType (IntType) 1) (UnopExpr (IntType) - (VarExpr (IntType) i)) (SumLoopExpr (IntType) n (VarExpr (IntType) f) (VarExpr (IntType) b)))) (ArrayLoopExpr (ArrayType (ArrayType (BoolType) 2) 3) n (IntExpr (IntType) 499) o (VarExpr (IntType) c) p (UnopExpr (IntType) - (IntExpr (IntType) 196)) (ArrayLoopExpr (ArrayType (BoolType) 2) q (VarExpr (IntType) i) r (IntExpr (IntType) 5) (UnopExpr (BoolType) ! (FalseExpr (BoolType))))) (IfExpr (ArrayType (FloatType) 2) (BinopExpr (BoolType) (BinopExpr (BoolType) (FloatExpr (FloatType) 0) != (FloatExpr (FloatType) 44)) && (TrueExpr (BoolType))) (ArrayLoopExpr (ArrayType (FloatType) 2) n (SumLoopExpr (IntType) n (IntExpr (IntType) 58) (VarExpr (IntType) c)) o (VarExpr (IntType) f) (IfExpr (FloatType) (TrueExpr (BoolType)) (FloatExpr (FloatType) 6) (FloatExpr (FloatType) 74))) (IfExpr (ArrayType (FloatType) 2) (BinopExpr (BoolType) (VarExpr (IntType) i) >= (VarExpr (IntType) d)) (ArrayLoopExpr (ArrayType (FloatType) 2) n (VarExpr (IntType) c) o (VarExpr (IntType) d) (FloatExpr (FloatType) 54)) (ArrayLoopExpr (ArrayType (FloatType) 2) n (VarExpr (IntType) c) o (VarExpr (IntType) c) (FloatExpr (FloatType) 18))))) (ArrayIndexExpr (ArrayType (FloatType) 1) (ArrayLoopExpr (ArrayType (ArrayType (FloatType) 1) 1) n (BinopExpr (IntType) (VarExpr (IntType) d) % (VarExpr (IntType) i)) (ArrayLoopExpr (ArrayType (FloatType) 1) o (BinopExpr (IntType) (VarExpr (IntType) f) % (VarExpr (IntType) f)) (FloatExpr (FloatType) 99))) (SumLoopExpr (IntType) n (IntExpr (IntType) 193) o (IfExpr (IntType) (FalseExpr (BoolType)) (VarExpr (IntType) i) (VarExpr (IntType) b)) p (VarExpr (IntType) f) (VarExpr (IntType) c)))) % (VarExpr (IntType) j)))
(LetCmd (VarLValue n) (UnopExpr (BoolType) ! (BinopExpr (BoolType) (SumLoopExpr (IntType) n (IfExpr (IntType) (TrueExpr (BoolType)) (ArrayIndexExpr (IntType) (VarExpr (ArrayType (IntType) 1) l) (VarExpr (IntType) b)) (VarExpr (IntType) j)) o (VarExpr (IntType) i) p (BinopExpr (IntType) (UnopExpr (IntType) - (IntExpr (IntType) 758)) + (VarExpr (IntType) c)) (VarExpr (IntType) n)) >= (VarExpr (IntType) c))))
(FnCmd o (((VarLValue p) (IntType) (VarLValue q) (StructType rgba))) (StructType rgba) (LetStmt (ArrayLValue r s) (ArrayIndexExpr (ArrayType (IntType) 1) (ArrayIndexExpr (ArrayType (ArrayType (IntType) 1) 2) (ArrayLoopExpr (ArrayType (ArrayType (ArrayType (IntType) 1) 2) 3) r (VarExpr (IntType) b) s (IntExpr (IntType) 182) t (ArrayIndexExpr (IntType) (ArrayLoopExpr (ArrayType (IntType) 3) r (VarExpr (IntType) b) s (VarExpr (IntType) i) t (VarExpr (IntType) j) (UnopExpr (IntType) - (VarExpr (IntType) r))) (VarExpr (IntType) i) (VarExpr (IntType) m) (VarExpr (IntType) b)) (ArrayIndexExpr (ArrayType (ArrayType (IntType) 1) 2) (ArrayLiteralExpr (ArrayType (ArrayType (ArrayType (IntType) 1) 2) 1) (ArrayLoopExpr (ArrayType (ArrayType (IntType) 1) 2) u (VarExpr (IntType) j) v (VarExpr (IntType) f) (VarExpr (ArrayType (IntType) 1) l))) (VarExpr (IntType) s))) (BinopExpr (IntType) (BinopExpr (IntType) (VarExpr (IntType) m) * (BinopExpr (IntType) (BinopExpr (IntType) (VarExpr (IntType) i) - (VarExpr (IntType) j)) + (VarExpr (IntType) f))) * (UnopExpr (IntType) - (VarExpr (IntType) p))) (VarExpr (IntType) j) (BinopExpr (IntType) (VarExpr (IntType) j) % (VarExpr (IntType) f))) (VarExpr (IntType) b) (ArrayIndexExpr (IntType) (ArrayIndexExpr (ArrayType (IntType) 2) (ArrayLoopExpr (ArrayType (ArrayType (IntType) 2) 1) r (VarExpr (IntType) i) (IfExpr (ArrayType (IntType) 2) (BinopExpr (BoolType) (VarExpr (BoolType) n) || (VarExpr (BoolType) n)) (ArrayLoopExpr (ArrayType (IntType) 2) s (VarExpr (IntType) m) t (IntExpr (IntType) 529) (VarExpr (IntType) p)) (ArrayLoopExpr (ArrayType (IntType) 2) s (VarExpr (IntType) j) t (IntExpr (IntType) 312) (VarExpr (IntType) c)))) (SumLoopExpr (IntType) r (SumLoopExpr (IntType) r (VarExpr (IntType) p) s (IntExpr (IntType) 260) t (VarExpr (IntType) f) (VarExpr (IntType) i)) s (VarExpr (IntType) p) t (VarExpr (IntType) b) (VarExpr (IntType) d))) (VarExpr (IntType) j) (VarExpr (IntType) i)))) (LetStmt (ArrayLValue t u v) (ArrayIndexExpr (ArrayType (StructType rgba) 2) (ArrayLoopExpr (ArrayType (ArrayType (StructType rgba) 2) 2) t (IfExpr (IntType) (BinopExpr (BoolType) (IfExpr (BoolType) (FalseExpr (BoolType)) (BinopExpr (BoolType) (VarExpr (IntType) j) == (IntExpr (IntType) 821)) (BinopExpr (BoolType) (FloatExpr (FloatType) 54) >= (FloatExpr (FloatType) 91))) == (ArrayIndexExpr (BoolType) (ArrayLoopExpr (ArrayType (BoolType) 2) t (IntExpr (IntType) 773) u (VarExpr (IntType) c) (VarExpr (BoolType) n)) (VarExpr (IntType) i) (VarExpr (IntType) c))) (BinopExpr (IntType) (IntExpr (IntType) 612) - (VarExpr (IntType) m)) (IfExpr (IntType) (FalseExpr (BoolType)) (IntExpr (IntType) 216) (IfExpr (IntType) (IfExpr (BoolType) (TrueExpr (BoolType)) (VarExpr (BoolType) n) (VarExpr (BoolType) n)) (VarExpr (IntType) m) (VarExpr (IntType) p)))) u (VarExpr (IntType) p) (IfExpr (ArrayType (StructType rgba) 2) (UnopExpr (BoolType) ! (BinopExpr (BoolType) (SumLoopExpr (IntType) v (VarExpr (IntType) d) w (VarExpr (IntType) f) (VarExpr (IntType) u)) >= (IntExpr (IntType) 611))) (IfExpr (ArrayType (StructType rgba) 2) (BinopExpr (BoolType) (VarExpr (BoolType) n) == (VarExpr (BoolType) n)) (VarExpr (ArrayType (StructType rgba) 2) h) (ArrayIndexExpr (ArrayType (StructType rgba) 2) (ArrayLoopExpr (ArrayType (ArrayType (StructType rgba) 2) 2) v (IntExpr (IntType) 101) w (VarExpr (IntType) s) (VarExpr (ArrayType (StructType rgba) 2) h)) (UnopExpr (IntType) - (VarExpr (IntType) m)) (VarExpr (IntType) j))) (VarExpr (ArrayType (StructType rgba) 2) h))) (IntExpr (IntType) 687) (VarExpr (IntType) f))) (LetStmt (VarLValue w) (VarExpr (IntType) m)) (LetStmt (VarLValue x) (BinopExpr (BoolType) (VarExpr (IntType) p) != (VarExpr (IntType) b))) (LetStmt (VarLValue y) (VarExpr (IntType) j)) (ReturnStmt (ArrayIndexExpr (StructType rgba) (VarExpr (ArrayType (StructType rgba) 2) h) (VarExpr (IntType) u) (VarExpr (IntType) v))))
(WriteCmd (IfExpr (ArrayType (StructType rgba) 2) (IfExpr (BoolType) (ArrayIndexExpr (BoolType) (ArrayLoopExpr (ArrayType (BoolType) 2) p (IntExpr (IntType) 710) q (VarExpr (IntType) d) (BinopExpr (BoolType) (UnopExpr (BoolType) ! (VarExpr (BoolType) n)) != (VarExpr (BoolType) n))) (VarExpr (IntType) m) (ArrayIndexExpr (IntType) (ArrayLoopExpr (ArrayType (IntType) 3) p (UnopExpr (IntType) - (VarExpr (IntType) b)) q (IfExpr (IntType) (TrueExpr (BoolType)) (VarExpr (IntType) i) (VarExpr (IntType) c)) r (VarExpr (IntType) f) (VarExpr (IntType) f)) (VarExpr (IntType) i) (VarExpr (IntType) j) (SumLoopExpr (IntType) p (VarExpr (IntType) i) q (VarExpr (IntType) f) r (IfExpr (IntType) (VarExpr (BoolType) n) (VarExpr (IntType) b) (VarExpr (IntType) c)) (VarExpr (IntType) r)))) (IfExpr (BoolType) (IfExpr (BoolType) (UnopExpr (BoolType) ! (VarExpr (BoolType) n)) (BinopExpr (BoolType) (IntExpr (IntType) 283) < (SumLoopExpr (IntType) p (VarExpr (IntType) d) q (VarExpr (IntType) b) r (VarExpr (IntType) b) (VarExpr (IntType) r))) (BinopExpr (BoolType) (FalseExpr (BoolType)) != (UnopExpr (BoolType) ! (VarExpr (BoolType) n)))) (UnopExpr (BoolType) ! (BinopExpr (BoolType) (FalseExpr (BoolType)) != (UnopExpr (BoolType) ! (VarExpr (BoolType) n)))) (BinopExpr (BoolType) (VarExpr (IntType) d) > (ArrayIndexExpr (IntType) (ArrayLiteralExpr (ArrayType (IntType) 1) (VarExpr (IntType) i) (VarExpr (IntType) f) (VarExpr (IntType) m)) (IntExpr (IntType) 722)))) (IfExpr (BoolType) (TrueExpr (BoolType)) (VarExpr (BoolType) n) (VarExpr (BoolType) n))) (VarExpr (ArrayType (StructType rgba) 2) h) (ArrayIndexExpr (ArrayType (StructType rgba) 2) (ArrayLoopExpr (ArrayType (ArrayType (StructType rgba) 2) 2) p (VarExpr (IntType) i) q (VarExpr (IntType) c) (IfExpr (ArrayType (StructType rgba) 2) (FalseExpr (BoolType)) (ArrayIndexExpr (ArrayType (StructType rgba) 2) (ArrayLoopExpr (ArrayType (ArrayType (StructType rgba) 2) 2) r (VarExpr (IntType) q) s (VarExpr (IntType) d) (VarExpr (ArrayType (StructType rgba) 2) h)) (BinopExpr (IntType) (VarExpr (IntType) q) / (VarExpr (IntType) m)) (VarExpr (IntType) i)) (ArrayIndexExpr (ArrayType (StructType rgba) 2) (ArrayLoopExpr (ArrayType (ArrayType (StructType rgba) 2) 3) r (VarExpr (IntType) m) s (VarExpr (IntType) f) t (VarExpr (IntType) d) (VarExpr (ArrayType (StructType rgba) 2) h)) (VarExpr (IntType) p) (VarExpr (IntType) d) (BinopExpr (IntType) (VarExpr (IntType) d) * (VarExpr (IntType) c))))) (VarExpr (IntType) m) (VarExpr (IntType) i))) "p.png")
(FnCmd p (((VarLValue q) (VoidType))) (IntType) (LetStmt (ArrayLValue r s t u) (ArrayLoopExpr (ArrayType (BoolType) 3) r (VarExpr (IntType) f) s (CallExpr (IntType) k (IfExpr (ArrayType (BoolType) 3) (VarExpr (BoolType) n) (ArrayLoopExpr (ArrayType (BoolType) 3) r (BinopExpr (IntType) (BinopExpr (IntType) (VarExpr (IntType) i) - (VarExpr (IntType) d)) / (SumLoopExpr (IntType) r (VarExpr (IntType) d) s (IntExpr (IntType) 668) t (IntExpr (IntType) 417) (VarExpr (IntType) s))) s (SumLoopExpr (IntType) r (BinopExpr (IntType) (VarExpr (IntType) i) / (VarExpr (IntType) m)) s (VarExpr (IntType) m) t (UnopExpr (IntType) - (VarExpr (IntType) f)) (VarExpr (IntType) s)) t (VarExpr (IntType) j) (UnopExpr (BoolType) ! (UnopExpr (BoolType) ! (FalseExpr (BoolType))))) (ArrayLoopExpr (ArrayType (BoolType) 3) r (VarExpr (IntType) c) s (SumLoopExpr (IntType) r (VarExpr (IntType) b) s (UnopExpr (IntType) - (VarExpr (IntType) d)) (VarExpr (IntType) b)) t (VarExpr (IntType) c) (TrueExpr (BoolType)))) (VarExpr (VoidType) q)) t (IntExpr (IntType) 224) (ArrayIndexExpr (BoolType) (ArrayIndexExpr (ArrayType (BoolType) 1) (IfExpr (ArrayType (ArrayType (BoolType) 1) 2) (BinopExpr (BoolType) (FloatExpr (FloatType) 50) == (UnopExpr (FloatType) - (FloatExpr (FloatType) 37))) (ArrayLoopExpr (ArrayType (ArrayType (BoolType) 1) 2) u (VarExpr (IntType) m) v (VarExpr (IntType) i) (ArrayLoopExpr (ArrayType (BoolType) 1) w (VarExpr (IntType) c) (VarExpr (BoolType) n))) (ArrayLoopExpr (ArrayType (ArrayType (BoolType) 1) 2) u (VarExpr (IntType) s) v (VarExpr (IntType) s) (ArrayLoopExpr (ArrayType (BoolType) 1) w (VarExpr (IntType) b) (TrueExpr (BoolType))))) (IntExpr (IntType) 699) (ArrayIndexExpr (IntType) (ArrayIndexExpr (ArrayType (IntType) 3) (ArrayLoopExpr (ArrayType (ArrayType (IntType) 3) 1) u (VarExpr (IntType) b) (VarExpr (ArrayType (IntType) 3) a)) (VarExpr (IntType) t)) (VarExpr (IntType) m) (VarExpr (IntType) i) (VarExpr (IntType) i))) (VarExpr (IntType) i)))) (ReturnStmt (IntExpr (IntType) 792)) (LetStmt (ArrayLValue v w x) (ArrayLoopExpr (ArrayType (IntType) 2) v (VarExpr (IntType) f) w (VarExpr (IntType) b) (VarExpr (IntType) f))) (LetStmt (ArrayLValue y z A B) (VarExpr (ArrayType (BoolType) 3) r)) (LetStmt (ArrayLValue C D E) (VarExpr (ArrayType (StructType rgba) 2) h)) (ReturnStmt (VarExpr (IntType) c)))
(LetCmd (ArrayLValue q r s) (IfExpr (ArrayType (StructType rgba) 2) (IfExpr (BoolType) (VarExpr (BoolType) n) (IfExpr (BoolType) (VarExpr (BoolType) n) (TrueExpr (BoolType)) (VarExpr (BoolType) n)) (TrueExpr (BoolType))) (VarExpr (ArrayType (StructType rgba) 2) h) (ArrayIndexExpr (ArrayType (StructType rgba) 2) (ArrayLoopExpr (ArrayType (ArrayType (StructType rgba) 2) 1) q (VarExpr (IntType) f) (ArrayLoopExpr (ArrayType (StructType rgba) 2) r (VarExpr (IntType) j) s (VarExpr (IntType) q) (CallExpr (StructType rgba) o (VarExpr (IntType) d) (ArrayIndexExpr (StructType rgba) (VarExpr (ArrayType (StructType rgba) 2) h) (VarExpr (IntType) j) (VarExpr (IntType) s))))) (VarExpr (IntType) m))))
(LetCmd (ArrayLValue t u) (ArrayLoopExpr (ArrayType (IntType) 1) t (IntExpr (IntType) 71) (VarExpr (IntType) d)))
(FnCmd v (((ArrayLValue w x y z) (ArrayType (IntType) 3) (VarLValue A) (ArrayType (ArrayType (FloatType) 1) 1))) (StructType rgba) (LetStmt (VarLValue B) (VarExpr (ArrayType (IntType) 1) t)) (LetStmt (VarLValue C) (VarExpr (ArrayType (StructType rgba) 2) q)) (LetStmt (ArrayLValue D E) (VarExpr (ArrayType (IntType) 1) t)) (LetStmt (ArrayLValue F G H I) (VarExpr (ArrayType (IntType) 3) w)) (LetStmt (VarLValue J) (VarExpr (IntType) H)) (ReturnStmt (ArrayIndexExpr (StructType rgba) (IfExpr (ArrayType (StructType rgba) 3) (IfExpr (BoolType) (ArrayIndexExpr (BoolType) (ArrayLiteralExpr (ArrayType (BoolType) 1) (UnopExpr (BoolType) ! (FalseExpr (BoolType))) (UnopExpr (BoolType) ! (VarExpr (BoolType) n))) (SumLoopExpr (IntType) K (VarExpr (IntType) r) (VarExpr (IntType) s))) (BinopExpr (BoolType) (UnopExpr (FloatType) - (SumLoopExpr (FloatType) K (VarExpr (IntType) y) (FloatExpr (FloatType) 22))) == (UnopExpr (FloatType) - (FloatExpr (FloatType) 29))) (TrueExpr (BoolType))) (ArrayLoopExpr (ArrayType (StructType rgba) 3) K (UnopExpr (IntType) - (VarExpr (IntType) f)) L (VarExpr (IntType) E) M (VarExpr (IntType) x) (StructLiteralExpr (StructType rgba) rgba (SumLoopExpr (FloatType) N (VarExpr (IntType) G) (UnopExpr (FloatType) - (FloatExpr (FloatType) 41))) (FloatExpr (FloatType) 52) (BinopExpr (FloatType) (SumLoopExpr (FloatType) N (VarExpr (IntType) L) (FloatExpr (FloatType) 42)) * (SumLoopExpr (FloatType) N (VarExpr (IntType) M) (FloatExpr (FloatType) 21))) (FloatExpr (FloatType) 84))) (ArrayLoopExpr (ArrayType (StructType rgba) 3) K (VarExpr (IntType) J) L (UnopExpr (IntType) - (UnopExpr (IntType) - (IntExpr (IntType) 852))) M (VarExpr (IntType) H) (CallExpr (StructType rgba) v (IfExpr (ArrayType (IntType) 3) (VarExpr (BoolType) n) (VarExpr (ArrayType (IntType) 3) w) (VarExpr (ArrayType (IntType) 3) a)) (VarExpr (ArrayType (ArrayType (FloatType) 1) 1) A)))) (IfExpr (IntType) (VarExpr (BoolType) n) (IfExpr (IntType) (BinopExpr (BoolType) (VarExpr (IntType) s) == (VarExpr (IntType) E)) (VarExpr (IntType) r) (VarExpr (IntType) I)) (IfExpr (IntType) (BinopExpr (BoolType) (VarExpr (IntType) r) >= (VarExpr (IntType) f)) (VarExpr (IntType) d) (VarExpr (IntType) G))) (VarExpr (IntType) f) (VarExpr (IntType) y))))
