(LetCmd (ArrayLValue a b c d) (ArrayLoopExpr (ArrayType (BoolType) 3) a (ArrayIndexExpr (IntType) (ArrayLoopExpr (ArrayType (IntType) 2) a (IntExpr (IntType) 78) b (SumLoopExpr (IntType) a (SumLoopExpr (IntType) a (IntExpr (IntType) 900) (UnopExpr (IntType) - (VarExpr (IntType) a))) b (UnopExpr (IntType) - (IntExpr (IntType) 146)) (IntExpr (IntType) 378)) (ArrayIndexExpr (IntType) (ArrayLoopExpr (ArrayType (IntType) 2) c (VarExpr (IntType) b) d (VarExpr (IntType) a) (SumLoopExpr (IntType) e (VarExpr (IntType) c) f (VarExpr (IntType) d) g (VarExpr (IntType) b) (VarExpr (IntType) f))) (UnopExpr (IntType) - (IntExpr (IntType) 204)) (UnopExpr (IntType) - (VarExpr (IntType) b)))) (IfExpr (IntType) (TrueExpr (BoolType)) (UnopExpr (IntType) - (UnopExpr (IntType) - (IntExpr (IntType) 789))) (SumLoopExpr (IntType) a (UnopExpr (IntType) - (SumLoopExpr (IntType) a (IntExpr (IntType) 126) (VarExpr (IntType) a))) b (IfExpr (IntType) (BinopExpr (BoolType) (TrueExpr (BoolType)) && (TrueExpr (BoolType))) (SumLoopExpr (IntType) a (IntExpr (IntType) 80) b (IntExpr (IntType) 331) (VarExpr (IntType) b)) (IntExpr (IntType) 801)) c (IntExpr (IntType) 817) (IntExpr (IntType) 777))) (SumLoopExpr (IntType) a (BinopExpr (IntType) (IfExpr (IntType) (UnopExpr (BoolType) ! (FalseExpr (BoolType))) (IntExpr (IntType) 634) (SumLoopExpr (IntType) a (IntExpr (IntType) 596) b (IntExpr (IntType) 9) (VarExpr (IntType) a))) + (IntExpr (IntType) 416)) (BinopExpr (IntType) (BinopExpr (IntType) (VarExpr (IntType) a) % (BinopExpr (IntType) (IntExpr (IntType) 181) - (IntExpr (IntType) 533))) / (SumLoopExpr (IntType) b (UnopExpr (IntType) - (VarExpr (IntType) a)) c (SumLoopExpr (IntType) b (IntExpr (IntType) 780) (IntExpr (IntType) 19)) (IfExpr (IntType) (TrueExpr (BoolType)) (VarExpr (IntType) a) (VarExpr (IntType) b)))))) b (UnopExpr (IntType) - (SumLoopExpr (IntType) a (UnopExpr (IntType) - (IntExpr (IntType) 476)) b (SumLoopExpr (IntType) a (IntExpr (IntType) 407) b (SumLoopExpr (IntType) a (IfExpr (IntType) (FalseExpr (BoolType)) (IntExpr (IntType) 192) (IntExpr (IntType) 414)) b (IntExpr (IntType) 476) (BinopExpr (IntType) (VarExpr (IntType) a) - (VarExpr (IntType) b))) c (BinopExpr (IntType) (IntExpr (IntType) 728) - (IntExpr (IntType) 660)) (UnopExpr (IntType) - (IntExpr (IntType) 342))) (VarExpr (IntType) a))) c (IntExpr (IntType) 575) (BinopExpr (BoolType) (IfExpr (BoolType) (TrueExpr (BoolType)) (BinopExpr (BoolType) (BinopExpr (IntType) (IntExpr (IntType) 295) % (SumLoopExpr (IntType) d (IntExpr (IntType) 279) (VarExpr (IntType) c))) >= (VarExpr (IntType) c)) (FalseExpr (BoolType))) || (BinopExpr (BoolType) (SumLoopExpr (FloatType) d (IntExpr (IntType) 283) e (VarExpr (IntType) a) (UnopExpr (FloatType) - (FloatExpr (FloatType) 75))) < (SumLoopExpr (FloatType) d (IntExpr (IntType) 384) e (BinopExpr (IntType) (IntExpr (IntType) 807) * (BinopExpr (IntType) (VarExpr (IntType) c) % (VarExpr (IntType) b))) f (UnopExpr (IntType) - (IntExpr (IntType) 922)) (ArrayIndexExpr (FloatType) (ArrayLoopExpr (ArrayType (FloatType) 3) g (IntExpr (IntType) 589) h (VarExpr (IntType) e) i (VarExpr (IntType) c) (FloatExpr (FloatType) 86)) (IntExpr (IntType) 139) (VarExpr (IntType) a) (VarExpr (IntType) c)))))))
(LetCmd (VarLValue e) (UnopExpr (BoolType) ! (IfExpr (BoolType) (BinopExpr (BoolType) (VarExpr (IntType) b) != (VarExpr (IntType) c)) (BinopExpr (BoolType) (FloatExpr (FloatType) 47) <= (ArrayIndexExpr (FloatType) (ArrayLoopExpr (ArrayType (FloatType) 2) e (SumLoopExpr (IntType) e (IntExpr (IntType) 329) (VarExpr (IntType) b)) f (VarExpr (IntType) b) (FloatExpr (FloatType) 41)) (IfExpr (IntType) (FalseExpr (BoolType)) (SumLoopExpr (IntType) e (VarExpr (IntType) b) (IntExpr (IntType) 494)) (VarExpr (IntType) c)) (VarExpr (IntType) b))) (BinopExpr (BoolType) (BinopExpr (BoolType) (UnopExpr (FloatType) - (FloatExpr (FloatType) 3)) != (IfExpr (FloatType) (UnopExpr (BoolType) ! (TrueExpr (BoolType))) (SumLoopExpr (FloatType) e (VarExpr (IntType) c) (FloatExpr (FloatType) 79)) (UnopExpr (FloatType) - (FloatExpr (FloatType) 42)))) && (IfExpr (BoolType) (IfExpr (BoolType) (TrueExpr (BoolType)) (BinopExpr (BoolType) (TrueExpr (BoolType)) || (FalseExpr (BoolType))) (UnopExpr (BoolType) ! (FalseExpr (BoolType)))) (BinopExpr (BoolType) (IntExpr (IntType) 195) <= (UnopExpr (IntType) - (VarExpr (IntType) b))) (IfExpr (BoolType) (TrueExpr (BoolType)) (TrueExpr (BoolType)) (BinopExpr (BoolType) (VarExpr (IntType) b) < (VarExpr (IntType) c))))))))
(LetCmd (ArrayLValue f g h) (ArrayIndexExpr (ArrayType (IntType) 2) (ArrayLoopExpr (ArrayType (ArrayType (IntType) 2) 2) f (SumLoopExpr (IntType) f (IfExpr (IntType) (BinopExpr (BoolType) (FalseExpr (BoolType)) == (VarExpr (BoolType) e)) (VarExpr (IntType) d) (BinopExpr (IntType) (VarExpr (IntType) b) % (VarExpr (IntType) d))) (IntExpr (IntType) 340)) g (UnopExpr (IntType) - (SumLoopExpr (IntType) f (VarExpr (IntType) d) g (VarExpr (IntType) b) (IfExpr (IntType) (FalseExpr (BoolType)) (VarExpr (IntType) b) (IntExpr (IntType) 450)))) (ArrayIndexExpr (ArrayType (IntType) 2) (IfExpr (ArrayType (ArrayType (IntType) 2) 1) (TrueExpr (BoolType)) (ArrayLiteralExpr (ArrayType (ArrayType (IntType) 2) 1) (ArrayLoopExpr (ArrayType (IntType) 2) h (VarExpr (IntType) d) i (VarExpr (IntType) f) (VarExpr (IntType) f))) (ArrayLoopExpr (ArrayType (ArrayType (IntType) 2) 1) h (VarExpr (IntType) f) (ArrayLoopExpr (ArrayType (IntType) 2) i (VarExpr (IntType) g) j (VarExpr (IntType) g) (VarExpr (IntType) h)))) (VarExpr (IntType) g))) (VarExpr (IntType) d) (VarExpr (IntType) d)))
(AssertCmd (BinopExpr (BoolType) (BinopExpr (IntType) (IfExpr (IntType) (UnopExpr (BoolType) ! (TrueExpr (BoolType))) (VarExpr (IntType) b) (UnopExpr (IntType) - (SumLoopExpr (IntType) i (VarExpr (IntType) c) j (IntExpr (IntType) 15) (IntExpr (IntType) 498)))) / (VarExpr (IntType) h)) < (IfExpr (IntType) (TrueExpr (BoolType)) (IntExpr (IntType) 239) (IfExpr (IntType) (IfExpr (BoolType) (UnopExpr (BoolType) ! (ArrayIndexExpr (BoolType) (VarExpr (ArrayType (BoolType) 3) a) (VarExpr (IntType) b) (VarExpr (IntType) h) (IntExpr (IntType) 3))) (TrueExpr (BoolType)) (BinopExpr (BoolType) (FalseExpr (BoolType)) || (UnopExpr (BoolType) ! (FalseExpr (BoolType))))) (IntExpr (IntType) 557) (VarExpr (IntType) h)))) "i")
(LetCmd (VarLValue i) (VarExpr (IntType) b))
(StructCmd j a (ArrayType (ArrayType (ArrayType (IntType) 2) 2) 3))
(LetCmd (VarLValue k) (DotExpr (FloatType) (StructLiteralExpr (StructType rgba) rgba (UnopExpr (FloatType) - (SumLoopExpr (FloatType) k (VarExpr (IntType) c) (ArrayIndexExpr (FloatType) (ArrayLoopExpr (ArrayType (FloatType) 2) l (VarExpr (IntType) b) m (VarExpr (IntType) d) (FloatExpr (FloatType) 34)) (VarExpr (IntType) g) (VarExpr (IntType) d)))) (ArrayIndexExpr (FloatType) (ArrayLoopExpr (ArrayType (FloatType) 1) k (SumLoopExpr (IntType) k (VarExpr (IntType) d) l (UnopExpr (IntType) - (VarExpr (IntType) c)) m (VarExpr (IntType) b) (UnopExpr (IntType) - (VarExpr (IntType) i))) (FloatExpr (FloatType) 89)) (VarExpr (IntType) g)) (UnopExpr (FloatType) - (BinopExpr (FloatType) (SumLoopExpr (FloatType) k (VarExpr (IntType) g) l (IntExpr (IntType) 209) m (VarExpr (IntType) b) (UnopExpr (FloatType) - (FloatExpr (FloatType) 34))) - (UnopExpr (FloatType) - (FloatExpr (FloatType) 83)))) (FloatExpr (FloatType) 27)) a))
(FnCmd l (((VarLValue m) (VoidType) (ArrayLValue n o p q) (ArrayType (IntType) 3) (VarLValue r) (IntType))) (IntType) (AssertStmt (FalseExpr (BoolType)) "s") (ReturnStmt (VarExpr (IntType) h)) (LetStmt (VarLValue s) (ArrayIndexExpr (IntType) (VarExpr (ArrayType (IntType) 2) f) (UnopExpr (IntType) - (VarExpr (IntType) b)) (BinopExpr (IntType) (VarExpr (IntType) d) * (VarExpr (IntType) c)))) (LetStmt (ArrayLValue t u v) (VarExpr (ArrayType (IntType) 2) f)) (LetStmt (VarLValue w) (DotExpr (FloatType) (IfExpr (StructType rgba) (ArrayIndexExpr (BoolType) (ArrayLoopExpr (ArrayType (BoolType) 3) w (VarExpr (IntType) g) x (VarExpr (IntType) d) y (VarExpr (IntType) p) (VarExpr (BoolType) e)) (VarExpr (IntType) q) (VarExpr (IntType) r) (BinopExpr (IntType) (VarExpr (IntType) v) - (IntExpr (IntType) 920))) (IfExpr (StructType rgba) (FalseExpr (BoolType)) (ArrayIndexExpr (StructType rgba) (ArrayLoopExpr (ArrayType (StructType rgba) 1) w (SumLoopExpr (IntType) w (VarExpr (IntType) o) x (VarExpr (IntType) b) y (VarExpr (IntType) r) (VarExpr (IntType) v)) (StructLiteralExpr (StructType rgba) rgba (FloatExpr (FloatType) 42) (FloatExpr (FloatType) 72) (FloatExpr (FloatType) 14) (VarExpr (FloatType) k))) (VarExpr (IntType) q)) (StructLiteralExpr (StructType rgba) rgba (BinopExpr (FloatType) (BinopExpr (FloatType) (VarExpr (FloatType) k) + (VarExpr (FloatType) k)) - (BinopExpr (FloatType) (VarExpr (FloatType) k) / (FloatExpr (FloatType) 37))) (BinopExpr (FloatType) (BinopExpr (FloatType) (VarExpr (FloatType) k) - (FloatExpr (FloatType) 95)) + (UnopExpr (FloatType) - (FloatExpr (FloatType) 99))) (IfExpr (FloatType) (UnopExpr (BoolType) ! (FalseExpr (BoolType))) (FloatExpr (FloatType) 39) (IfExpr (FloatType) (VarExpr (BoolType) e) (FloatExpr (FloatType) 45) (FloatExpr (FloatType) 53))) (BinopExpr (FloatType) (VarExpr (FloatType) k) + (VarExpr (FloatType) k)))) (StructLiteralExpr (StructType rgba) rgba (UnopExpr (FloatType) - (BinopExpr (FloatType) (IfExpr (FloatType) (FalseExpr (BoolType)) (VarExpr (FloatType) k) (FloatExpr (FloatType) 62)) - (UnopExpr (FloatType) - (VarExpr (FloatType) k)))) (UnopExpr (FloatType) - (IfExpr (FloatType) (BinopExpr (BoolType) (FalseExpr (BoolType)) || (VarExpr (BoolType) e)) (FloatExpr (FloatType) 89) (UnopExpr (FloatType) - (VarExpr (FloatType) k)))) (BinopExpr (FloatType) (SumLoopExpr (FloatType) w (VarExpr (IntType) q) x (VarExpr (IntType) r) y (VarExpr (IntType) g) (VarExpr (FloatType) k)) % (UnopExpr (FloatType) - (VarExpr (FloatType) k))) (SumLoopExpr (FloatType) w (VarExpr (IntType) g) x (VarExpr (IntType) i) y (VarExpr (IntType) r) (SumLoopExpr (FloatType) z (VarExpr (IntType) i) A (VarExpr (IntType) w) B (VarExpr (IntType) q) (FloatExpr (FloatType) 67))))) a)) (ReturnStmt (IfExpr (IntType) (VarExpr (BoolType) e) (VarExpr (IntType) i) (VarExpr (IntType) i))))
(FnCmd m (()) (VoidType) (LetStmt (VarLValue n) (IfExpr (FloatType) (BinopExpr (BoolType) (VarExpr (IntType) c) < (VarExpr (IntType) i)) (BinopExpr (FloatType) (BinopExpr (FloatType) (SumLoopExpr (FloatType) n (ArrayIndexExpr (IntType) (ArrayLiteralExpr (ArrayType (IntType) 1) (VarExpr (IntType) g) (VarExpr (IntType) i)) (BinopExpr (IntType) (VarExpr (IntType) d) * (VarExpr (IntType) b))) o (SumLoopExpr (IntType) n (BinopExpr (IntType) (VarExpr (IntType) g) + (VarExpr (IntType) b)) o (VarExpr (IntType) c) p (BinopExpr (IntType) (IntExpr (IntType) 434) + (VarExpr (IntType) b)) (VarExpr (IntType) g)) (FloatExpr (FloatType) 15)) / (ArrayIndexExpr (FloatType) (ArrayLoopExpr (ArrayType (FloatType) 2) n (IntExpr (IntType) 223) o (VarExpr (IntType) b) (VarExpr (FloatType) k)) (VarExpr (IntType) i) (VarExpr (IntType) g))) + (ArrayIndexExpr (FloatType) (ArrayLiteralExpr (ArrayType (FloatType) 1) (DotExpr (FloatType) (StructLiteralExpr (StructType rgba) rgba (VarExpr (FloatType) k) (VarExpr (FloatType) k) (FloatExpr (FloatType) 72) (FloatExpr (FloatType) 15)) a) (VarExpr (FloatType) k) (ArrayIndexExpr (FloatType) (ArrayLoopExpr (ArrayType (FloatType) 1) n (VarExpr (IntType) d) (VarExpr (FloatType) k)) (VarExpr (IntType) g))) (VarExpr (IntType) b))) (IfExpr (FloatType) (BinopExpr (BoolType) (UnopExpr (IntType) - (BinopExpr (IntType) (VarExpr (IntType) d) + (VarExpr (IntType) b))) == (IfExpr (IntType) (BinopExpr (BoolType) (SumLoopExpr (FloatType) n (VarExpr (IntType) b) o (IntExpr (IntType) 57) (FloatExpr (FloatType) 44)) == (SumLoopExpr (FloatType) n (VarExpr (IntType) i) o (VarExpr (IntType) c) (VarExpr (FloatType) k))) (VarExpr (IntType) b) (VarExpr (IntType) i))) (FloatExpr (FloatType) 12) (ArrayIndexExpr (FloatType) (ArrayLoopExpr (ArrayType (FloatType) 3) n (UnopExpr (IntType) - (SumLoopExpr (IntType) n (IntExpr (IntType) 314) o (VarExpr (IntType) d) p (VarExpr (IntType) b) (VarExpr (IntType) g))) o (UnopExpr (IntType) - (IntExpr (IntType) 62)) p (VarExpr (IntType) d) (VarExpr (FloatType) k)) (VarExpr (IntType) b) (VarExpr (IntType) c) (VarExpr (IntType) b))))) (LetStmt (VarLValue o) (CallExpr (IntType) l (ArrayIndexExpr (VoidType) (ArrayLoopExpr (ArrayType (VoidType) 2) o (UnopExpr (IntType) - (IntExpr (IntType) 591)) p (CallExpr (IntType) l (CallExpr (VoidType) m) (ArrayLoopExpr (ArrayType (IntType) 3) o (SumLoopExpr (IntType) o (VarExpr (IntType) d) p (VarExpr (IntType) c) (VarExpr (IntType) i)) p (VarExpr (IntType) g) q (VarExpr (IntType) i) (UnopExpr (IntType) - (VarExpr (IntType) c))) (VarExpr (IntType) h)) (IfExpr (VoidType) (BinopExpr (BoolType) (VarExpr (FloatType) n) == (VarExpr (FloatType) k)) (IfExpr (VoidType) (UnopExpr (BoolType) ! (TrueExpr (BoolType))) (CallExpr (VoidType) m) (CallExpr (VoidType) m)) (IfExpr (VoidType) (BinopExpr (BoolType) (VarExpr (BoolType) e) && (TrueExpr (BoolType))) (CallExpr (VoidType) m) (CallExpr (VoidType) m)))) (CallExpr (IntType) l (CallExpr (VoidType) m) (ArrayLoopExpr (ArrayType (IntType) 3) o (ArrayIndexExpr (IntType) (ArrayLiteralExpr (ArrayType (IntType) 1) (VarExpr (IntType) i)) (VarExpr (IntType) b)) p (IntExpr (IntType) 523) q (VarExpr (IntType) d) (BinopExpr (IntType) (SumLoopExpr (IntType) r (VarExpr (IntType) g) s (IntExpr (IntType) 675) (VarExpr (IntType) o)) / (VarExpr (IntType) d))) (BinopExpr (IntType) (ArrayIndexExpr (IntType) (ArrayLiteralExpr (ArrayType (IntType) 1) (VarExpr (IntType) d) (VarExpr (IntType) d) (VarExpr (IntType) b)) (UnopExpr (IntType) - (VarExpr (IntType) g))) + (IntExpr (IntType) 280))) (VarExpr (IntType) b)) (IfExpr (ArrayType (IntType) 3) (VarExpr (BoolType) e) (IfExpr (ArrayType (IntType) 3) (BinopExpr (BoolType) (VarExpr (BoolType) e) && (IfExpr (BoolType) (BinopExpr (BoolType) (TrueExpr (BoolType)) && (TrueExpr (BoolType))) (IfExpr (BoolType) (TrueExpr (BoolType)) (FalseExpr (BoolType)) (FalseExpr (BoolType))) (BinopExpr (BoolType) (VarExpr (IntType) d) > (VarExpr (IntType) h)))) (IfExpr (ArrayType (IntType) 3) (UnopExpr (BoolType) ! (ArrayIndexExpr (BoolType) (VarExpr (ArrayType (BoolType) 3) a) (VarExpr (IntType) d) (IntExpr (IntType) 552) (VarExpr (IntType) h))) (ArrayLoopExpr (ArrayType (IntType) 3) o (BinopExpr (IntType) (IntExpr (IntType) 212) % (VarExpr (IntType) g)) p (VarExpr (IntType) h) q (IfExpr (IntType) (VarExpr (BoolType) e) (VarExpr (IntType) h) (VarExpr (IntType) c)) (VarExpr (IntType) h)) (ArrayLoopExpr (ArrayType (IntType) 3) o (UnopExpr (IntType) - (VarExpr (IntType) h)) p (UnopExpr (IntType) - (VarExpr (IntType) g)) q (IntExpr (IntType) 814) (VarExpr (IntType) g))) (ArrayLoopExpr (ArrayType (IntType) 3) o (IntExpr (IntType) 965) p (BinopExpr (IntType) (BinopExpr (IntType) (IntExpr (IntType) 595) * (IntExpr (IntType) 345)) - (VarExpr (IntType) b)) q (IntExpr (IntType) 104) (UnopExpr (IntType) - (VarExpr (IntType) o)))) (ArrayIndexExpr (ArrayType (IntType) 3) (ArrayLoopExpr (ArrayType (ArrayType (IntType) 3) 3) o (VarExpr (IntType) b) p (UnopExpr (IntType) - (IntExpr (IntType) 660)) q (VarExpr (IntType) c) (IfExpr (ArrayType (IntType) 3) (BinopExpr (BoolType) (VarExpr (IntType) o) == (VarExpr (IntType) o)) (ArrayLoopExpr (ArrayType (IntType) 3) r (VarExpr (IntType) q) s (IntExpr (IntType) 835) t (VarExpr (IntType) h) (VarExpr (IntType) q)) (ArrayLoopExpr (ArrayType (IntType) 3) r (VarExpr (IntType) h) s (VarExpr (IntType) q) t (VarExpr (IntType) i) (VarExpr (IntType) t)))) (SumLoopExpr (IntType) o (VarExpr (IntType) g) p (BinopExpr (IntType) (VarExpr (IntType) i) + (UnopExpr (IntType) - (VarExpr (IntType) b))) q (VarExpr (IntType) b) (VarExpr (IntType) q)) (VarExpr (IntType) i) (IfExpr (IntType) (BinopExpr (BoolType) (VarExpr (BoolType) e) && (BinopExpr (BoolType) (IntExpr (IntType) 289) <= (VarExpr (IntType) d))) (ArrayIndexExpr (IntType) (ArrayLoopExpr (ArrayType (IntType) 3) o (VarExpr (IntType) c) p (VarExpr (IntType) i) q (VarExpr (IntType) g) (VarExpr (IntType) i)) (VarExpr (IntType) b) (VarExpr (IntType) c) (SumLoopExpr (IntType) o (VarExpr (IntType) d) p (VarExpr (IntType) c) (VarExpr (IntType) p))) (UnopExpr (IntType) - (UnopExpr (IntType) - (VarExpr (IntType) b)))))) (UnopExpr (IntType) - (IntExpr (IntType) 195)))) (LetStmt (VarLValue p) (VarExpr (IntType) o)) (AssertStmt (IfExpr (BoolType) (BinopExpr (BoolType) (BinopExpr (BoolType) (BinopExpr (BoolType) (BinopExpr (BoolType) (VarExpr (IntType) d) >= (VarExpr (IntType) p)) || (BinopExpr (BoolType) (UnopExpr (FloatType) - (FloatExpr (FloatType) 1)) == (IfExpr (FloatType) (VarExpr (BoolType) e) (VarExpr (FloatType) k) (VarExpr (FloatType) n)))) || (IfExpr (BoolType) (BinopExpr (BoolType) (UnopExpr (BoolType) ! (VarExpr (BoolType) e)) == (VarExpr (BoolType) e)) (BinopExpr (BoolType) (BinopExpr (BoolType) (FloatExpr (FloatType) 17) < (VarExpr (FloatType) n)) || (BinopExpr (BoolType) (VarExpr (FloatType) k) <= (VarExpr (FloatType) n))) (UnopExpr (BoolType) ! (BinopExpr (BoolType) (VarExpr (FloatType) k) > (VarExpr (FloatType) k))))) && (UnopExpr (BoolType) ! (FalseExpr (BoolType)))) (BinopExpr (BoolType) (FalseExpr (BoolType)) && (BinopExpr (BoolType) (BinopExpr (BoolType) (ArrayIndexExpr (BoolType) (ArrayLiteralExpr (ArrayType (BoolType) 1) (VarExpr (BoolType) e) (VarExpr (BoolType) e)) (IfExpr (IntType) (TrueExpr (BoolType)) (VarExpr (IntType) i) (VarExpr (IntType) h))) != (VarExpr (BoolType) e)) && (TrueExpr (BoolType)))) (BinopExpr (BoolType) (TrueExpr (BoolType)) || (TrueExpr (BoolType)))) "q") (AssertStmt (BinopExpr (BoolType) (BinopExpr (BoolType) (FloatExpr (FloatType) 37) < (FloatExpr (FloatType) 43)) && (BinopExpr (BoolType) (FloatExpr (FloatType) 42) >= (VarExpr (FloatType) n))) "q"))
(LetCmd (ArrayLValue n o p) (ArrayLoopExpr (ArrayType (FloatType) 2) n (ArrayIndexExpr (IntType) (ArrayIndexExpr (ArrayType (IntType) 1) (ArrayLoopExpr (ArrayType (ArrayType (IntType) 1) 3) n (CallExpr (IntType) l (CallExpr (VoidType) m) (ArrayLoopExpr (ArrayType (IntType) 3) n (VarExpr (IntType) b) o (IntExpr (IntType) 857) p (VarExpr (IntType) b) (VarExpr (IntType) i)) (VarExpr (IntType) i)) o (VarExpr (IntType) b) p (VarExpr (IntType) i) (IfExpr (ArrayType (IntType) 1) (VarExpr (BoolType) e) (ArrayLoopExpr (ArrayType (IntType) 1) q (VarExpr (IntType) h) (VarExpr (IntType) p)) (ArrayLiteralExpr (ArrayType (IntType) 1) (IntExpr (IntType) 422) (VarExpr (IntType) n) (VarExpr (IntType) h)))) (CallExpr (IntType) l (CallExpr (VoidType) m) (ArrayLoopExpr (ArrayType (IntType) 3) n (VarExpr (IntType) h) o (VarExpr (IntType) d) p (VarExpr (IntType) g) (VarExpr (IntType) d)) (CallExpr (IntType) l (CallExpr (VoidType) m) (ArrayLoopExpr (ArrayType (IntType) 3) n (VarExpr (IntType) i) o (VarExpr (IntType) d) p (VarExpr (IntType) b) (VarExpr (IntType) b)) (UnopExpr (IntType) - (IntExpr (IntType) 29)))) (VarExpr (IntType) d) (ArrayIndexExpr (IntType) (IfExpr (ArrayType (IntType) 3) (BinopExpr (BoolType) (VarExpr (IntType) h) <= (VarExpr (IntType) d)) (ArrayLoopExpr (ArrayType (IntType) 3) n (VarExpr (IntType) b) o (VarExpr (IntType) g) p (VarExpr (IntType) h) (VarExpr (IntType) g)) (ArrayLoopExpr (ArrayType (IntType) 3) n (VarExpr (IntType) g) o (VarExpr (IntType) b) p (IntExpr (IntType) 290) (IntExpr (IntType) 243))) (VarExpr (IntType) i) (BinopExpr (IntType) (SumLoopExpr (IntType) n (IntExpr (IntType) 248) (VarExpr (IntType) c)) + (VarExpr (IntType) h)) (VarExpr (IntType) b))) (IfExpr (IntType) (BinopExpr (BoolType) (UnopExpr (BoolType) ! (UnopExpr (BoolType) ! (FalseExpr (BoolType)))) && (BinopExpr (BoolType) (UnopExpr (FloatType) - (VarExpr (FloatType) k)) > (BinopExpr (FloatType) (FloatExpr (FloatType) 80) / (FloatExpr (FloatType) 89)))) (CallExpr (IntType) l (ArrayIndexExpr (VoidType) (ArrayLiteralExpr (ArrayType (VoidType) 1) (CallExpr (VoidType) m)) (UnopExpr (IntType) - (VarExpr (IntType) i))) (IfExpr (ArrayType (IntType) 3) (UnopExpr (BoolType) ! (TrueExpr (BoolType))) (ArrayLoopExpr (ArrayType (IntType) 3) n (VarExpr (IntType) d) o (VarExpr (IntType) b) p (VarExpr (IntType) d) (VarExpr (IntType) p)) (ArrayLoopExpr (ArrayType (IntType) 3) n (VarExpr (IntType) i) o (VarExpr (IntType) h) p (VarExpr (IntType) i) (VarExpr (IntType) c))) (VarExpr (IntType) c)) (IfExpr (IntType) (BinopExpr (BoolType) (IntExpr (IntType) 49) >= (VarExpr (IntType) h)) (VarExpr (IntType) b) (BinopExpr (IntType) (UnopExpr (IntType) - (IntExpr (IntType) 256)) / (SumLoopExpr (IntType) n (VarExpr (IntType) i) o (VarExpr (IntType) i) p (VarExpr (IntType) b) (VarExpr (IntType) d)))))) o (SumLoopExpr (IntType) n (VarExpr (IntType) i) o (VarExpr (IntType) h) (IntExpr (IntType) 427)) (ArrayIndexExpr (FloatType) (ArrayLoopExpr (ArrayType (FloatType) 1) p (SumLoopExpr (IntType) p (ArrayIndexExpr (IntType) (ArrayLoopExpr (ArrayType (IntType) 1) p (VarExpr (IntType) d) (VarExpr (IntType) p)) (VarExpr (IntType) b)) q (IfExpr (IntType) (VarExpr (BoolType) e) (BinopExpr (IntType) (VarExpr (IntType) h) * (VarExpr (IntType) g)) (VarExpr (IntType) d)) (VarExpr (IntType) h)) (UnopExpr (FloatType) - (ArrayIndexExpr (FloatType) (ArrayLoopExpr (ArrayType (FloatType) 1) q (VarExpr (IntType) g) (VarExpr (FloatType) k)) (VarExpr (IntType) b)))) (VarExpr (IntType) g))))
(LetCmd (VarLValue q) (ArrayLiteralExpr (ArrayType (ArrayType (BoolType) 3) 1) (VarExpr (ArrayType (BoolType) 3) a) (ArrayIndexExpr (ArrayType (BoolType) 3) (IfExpr (ArrayType (ArrayType (BoolType) 3) 2) (BinopExpr (BoolType) (VarExpr (IntType) d) > (VarExpr (IntType) b)) (ArrayIndexExpr (ArrayType (ArrayType (BoolType) 3) 2) (ArrayLoopExpr (ArrayType (ArrayType (ArrayType (BoolType) 3) 2) 2) q (VarExpr (IntType) i) r (VarExpr (IntType) c) (ArrayLoopExpr (ArrayType (ArrayType (BoolType) 3) 2) s (VarExpr (IntType) d) t (VarExpr (IntType) h) (VarExpr (ArrayType (BoolType) 3) a))) (IntExpr (IntType) 510) (VarExpr (IntType) c)) (IfExpr (ArrayType (ArrayType (BoolType) 3) 2) (TrueExpr (BoolType)) (IfExpr (ArrayType (ArrayType (BoolType) 3) 2) (IfExpr (BoolType) (VarExpr (BoolType) e) (VarExpr (BoolType) e) (VarExpr (BoolType) e)) (ArrayLoopExpr (ArrayType (ArrayType (BoolType) 3) 2) q (IntExpr (IntType) 291) r (VarExpr (IntType) g) (VarExpr (ArrayType (BoolType) 3) a)) (ArrayLoopExpr (ArrayType (ArrayType (BoolType) 3) 2) q (IntExpr (IntType) 174) r (VarExpr (IntType) o) (VarExpr (ArrayType (BoolType) 3) a))) (ArrayLoopExpr (ArrayType (ArrayType (BoolType) 3) 2) q (VarExpr (IntType) i) r (IntExpr (IntType) 316) (VarExpr (ArrayType (BoolType) 3) a)))) (VarExpr (IntType) p) (ArrayIndexExpr (IntType) (ArrayIndexExpr (ArrayType (IntType) 3) (ArrayLoopExpr (ArrayType (ArrayType (IntType) 3) 3) q (VarExpr (IntType) d) r (VarExpr (IntType) h) s (VarExpr (IntType) p) (ArrayLoopExpr (ArrayType (IntType) 3) t (VarExpr (IntType) q) u (VarExpr (IntType) c) v (VarExpr (IntType) i) (VarExpr (IntType) t))) (UnopExpr (IntType) - (VarExpr (IntType) c)) (VarExpr (IntType) c) (VarExpr (IntType) p)) (VarExpr (IntType) i) (VarExpr (IntType) b) (VarExpr (IntType) d)))))
(TimeCmd (LetCmd (ArrayLValue r s t u) (VarExpr (ArrayType (BoolType) 3) a)))
(ReadCmd "v.png" (ArrayLValue v w x))
(FnCmd y (()) (StructType j) (ReturnStmt (StructLiteralExpr (StructType j) j (ArrayIndexExpr (ArrayType (ArrayType (ArrayType (IntType) 2) 2) 3) (ArrayLiteralExpr (ArrayType (ArrayType (ArrayType (ArrayType (IntType) 2) 2) 3) 1) (DotExpr (ArrayType (ArrayType (ArrayType (IntType) 2) 2) 3) (CallExpr (StructType j) y) a)) (VarExpr (IntType) o)))) (LetStmt (ArrayLValue z A B) (ArrayLoopExpr (ArrayType (IntType) 2) z (IntExpr (IntType) 715) A (IntExpr (IntType) 695) (VarExpr (IntType) h))) (LetStmt (ArrayLValue C D E F) (IfExpr (ArrayType (BoolType) 3) (UnopExpr (BoolType) ! (TrueExpr (BoolType))) (ArrayIndexExpr (ArrayType (BoolType) 3) (ArrayLoopExpr (ArrayType (ArrayType (BoolType) 3) 2) C (VarExpr (IntType) d) D (SumLoopExpr (IntType) C (VarExpr (IntType) c) D (VarExpr (IntType) c) E (VarExpr (IntType) h) (VarExpr (IntType) h)) (VarExpr (ArrayType (BoolType) 3) a)) (VarExpr (IntType) b) (UnopExpr (IntType) - (VarExpr (IntType) A))) (IfExpr (ArrayType (BoolType) 3) (UnopExpr (BoolType) ! (UnopExpr (BoolType) ! (IfExpr (BoolType) (TrueExpr (BoolType)) (UnopExpr (BoolType) ! (TrueExpr (BoolType))) (VarExpr (BoolType) e)))) (IfExpr (ArrayType (BoolType) 3) (FalseExpr (BoolType)) (IfExpr (ArrayType (BoolType) 3) (IfExpr (BoolType) (UnopExpr (BoolType) ! (VarExpr (BoolType) e)) (BinopExpr (BoolType) (VarExpr (IntType) o) != (VarExpr (IntType) d)) (UnopExpr (BoolType) ! (FalseExpr (BoolType)))) (VarExpr (ArrayType (BoolType) 3) r) (VarExpr (ArrayType (BoolType) 3) a)) (VarExpr (ArrayType (BoolType) 3) r)) (VarExpr (ArrayType (BoolType) 3) a)))) (AssertStmt (IfExpr (BoolType) (BinopExpr (BoolType) (TrueExpr (BoolType)) || (IfExpr (BoolType) (UnopExpr (BoolType) ! (UnopExpr (BoolType) ! (BinopExpr (BoolType) (VarExpr (IntType) g) > (VarExpr (IntType) h)))) (UnopExpr (BoolType) ! (BinopExpr (BoolType) (BinopExpr (BoolType) (VarExpr (IntType) c) >= (VarExpr (IntType) g)) != (BinopExpr (BoolType) (FalseExpr (BoolType)) || (VarExpr (BoolType) e)))) (VarExpr (BoolType) e))) (BinopExpr (BoolType) (VarExpr (BoolType) e) || (BinopExpr (BoolType) (FloatExpr (FloatType) 14) > (ArrayIndexExpr (FloatType) (ArrayLoopExpr (ArrayType (FloatType) 1) G (VarExpr (IntType) d) (SumLoopExpr (FloatType) H (VarExpr (IntType) o) (VarExpr (FloatType) k))) (VarExpr (IntType) t)))) (BinopExpr (BoolType) (ArrayIndexExpr (BoolType) (IfExpr (ArrayType (BoolType) 3) (TrueExpr (BoolType)) (VarExpr (ArrayType (BoolType) 3) a) (ArrayIndexExpr (ArrayType (BoolType) 3) (VarExpr (ArrayType (ArrayType (BoolType) 3) 1) q) (VarExpr (IntType) h))) (VarExpr (IntType) c) (IntExpr (IntType) 830) (VarExpr (IntType) d)) && (ArrayIndexExpr (BoolType) (ArrayIndexExpr (ArrayType (BoolType) 2) (ArrayLoopExpr (ArrayType (ArrayType (BoolType) 2) 3) G (VarExpr (IntType) t) H (VarExpr (IntType) c) I (VarExpr (IntType) s) (ArrayLoopExpr (ArrayType (BoolType) 2) J (VarExpr (IntType) c) K (VarExpr (IntType) u) (VarExpr (BoolType) e))) (IntExpr (IntType) 455) (UnopExpr (IntType) - (VarExpr (IntType) D)) (VarExpr (IntType) o)) (VarExpr (IntType) s) (VarExpr (IntType) F)))) "G") (LetStmt (VarLValue G) (VarExpr (IntType) D)) (ReturnStmt (CallExpr (StructType j) y)))
(ReadCmd "z.png" (ArrayLValue z A B))
(ShowCmd (DotExpr (ArrayType (ArrayType (ArrayType (IntType) 2) 2) 3) (CallExpr (StructType j) y) a))
(FnCmd C (()) (FloatType) (LetStmt (ArrayLValue D E) (IfExpr (ArrayType (VoidType) 1) (BinopExpr (BoolType) (IfExpr (BoolType) (FalseExpr (BoolType)) (IfExpr (BoolType) (BinopExpr (BoolType) (VarExpr (IntType) u) == (SumLoopExpr (IntType) D (VarExpr (IntType) u) (VarExpr (IntType) d))) (BinopExpr (BoolType) (SumLoopExpr (FloatType) D (IntExpr (IntType) 204) E (VarExpr (IntType) c) F (VarExpr (IntType) h) (VarExpr (FloatType) k)) >= (VarExpr (FloatType) k)) (TrueExpr (BoolType))) (BinopExpr (BoolType) (ArrayIndexExpr (IntType) (ArrayLoopExpr (ArrayType (IntType) 1) D (VarExpr (IntType) c) (VarExpr (IntType) w)) (UnopExpr (IntType) - (VarExpr (IntType) w))) != (VarExpr (IntType) s))) && (BinopExpr (BoolType) (IfExpr (BoolType) (IfExpr (BoolType) (FalseExpr (BoolType)) (VarExpr (BoolType) e) (FalseExpr (BoolType))) (BinopExpr (BoolType) (VarExpr (IntType) x) < (VarExpr (IntType) B)) (IfExpr (BoolType) (BinopExpr (BoolType) (VarExpr (IntType) b) != (VarExpr (IntType) d)) (BinopExpr (BoolType) (FalseExpr (BoolType)) || (VarExpr (BoolType) e)) (VarExpr (BoolType) e))) && (VarExpr (BoolType) e))) (ArrayLiteralExpr (ArrayType (VoidType) 1) (CallExpr (VoidType) m) (IfExpr (VoidType) (IfExpr (BoolType) (TrueExpr (BoolType)) (FalseExpr (BoolType)) (BinopExpr (BoolType) (VarExpr (IntType) o) <= (VarExpr (IntType) d))) (IfExpr (VoidType) (UnopExpr (BoolType) ! (BinopExpr (BoolType) (VarExpr (IntType) p) > (VarExpr (IntType) t))) (CallExpr (VoidType) m) (ArrayIndexExpr (VoidType) (ArrayLiteralExpr (ArrayType (VoidType) 1) (CallExpr (VoidType) m) (CallExpr (VoidType) m)) (VarExpr (IntType) h))) (CallExpr (VoidType) m)) (ArrayIndexExpr (VoidType) (ArrayLoopExpr (ArrayType (VoidType) 3) D (VarExpr (IntType) d) E (IntExpr (IntType) 708) F (VarExpr (IntType) w) (CallExpr (VoidType) m)) (VarExpr (IntType) B) (VarExpr (IntType) t) (IfExpr (IntType) (BinopExpr (BoolType) (VarExpr (FloatType) k) <= (VarExpr (FloatType) k)) (IfExpr (IntType) (BinopExpr (BoolType) (VarExpr (IntType) h) != (VarExpr (IntType) s)) (VarExpr (IntType) c) (SumLoopExpr (IntType) D (VarExpr (IntType) g) (VarExpr (IntType) d))) (VarExpr (IntType) A)))) (IfExpr (ArrayType (VoidType) 1) (VarExpr (BoolType) e) (ArrayLoopExpr (ArrayType (VoidType) 1) D (IfExpr (IntType) (BinopExpr (BoolType) (BinopExpr (BoolType) (FloatExpr (FloatType) 73) != (VarExpr (FloatType) k)) != (BinopExpr (BoolType) (VarExpr (BoolType) e) || (VarExpr (BoolType) e))) (SumLoopExpr (IntType) D (BinopExpr (IntType) (IntExpr (IntType) 71) % (VarExpr (IntType) s)) E (VarExpr (IntType) b) (VarExpr (IntType) d)) (VarExpr (IntType) o)) (ArrayIndexExpr (VoidType) (ArrayLoopExpr (ArrayType (VoidType) 3) E (VarExpr (IntType) t) F (UnopExpr (IntType) - (VarExpr (IntType) A)) G (ArrayIndexExpr (IntType) (VarExpr (ArrayType (IntType) 2) f) (VarExpr (IntType) o) (VarExpr (IntType) d)) (IfExpr (VoidType) (VarExpr (BoolType) e) (CallExpr (VoidType) m) (CallExpr (VoidType) m))) (VarExpr (IntType) s) (VarExpr (IntType) c) (VarExpr (IntType) h))) (ArrayLiteralExpr (ArrayType (VoidType) 1) (ArrayIndexExpr (VoidType) (ArrayLoopExpr (ArrayType (VoidType) 2) D (VarExpr (IntType) o) E (VarExpr (IntType) d) (CallExpr (VoidType) m)) (VarExpr (IntType) A) (BinopExpr (IntType) (VarExpr (IntType) b) + (VarExpr (IntType) h))) (CallExpr (VoidType) m) (CallExpr (VoidType) m))))) (AssertStmt (BinopExpr (BoolType) (BinopExpr (BoolType) (SumLoopExpr (FloatType) F (VarExpr (IntType) x) G (BinopExpr (IntType) (UnopExpr (IntType) - (VarExpr (IntType) x)) % (VarExpr (IntType) A)) H (VarExpr (IntType) b) (IfExpr (FloatType) (UnopExpr (BoolType) ! (BinopExpr (BoolType) (CallExpr (FloatType) C) >= (CallExpr (FloatType) C))) (SumLoopExpr (FloatType) I (VarExpr (IntType) h) (BinopExpr (FloatType) (CallExpr (FloatType) C) + (CallExpr (FloatType) C))) (VarExpr (FloatType) k))) != (DotExpr (FloatType) (StructLiteralExpr (StructType rgba) rgba (CallExpr (FloatType) C) (UnopExpr (FloatType) - (FloatExpr (FloatType) 79)) (SumLoopExpr (FloatType) F (VarExpr (IntType) c) G (VarExpr (IntType) B) (IfExpr (FloatType) (FalseExpr (BoolType)) (FloatExpr (FloatType) 65) (CallExpr (FloatType) C))) (VarExpr (FloatType) k)) a)) || (FalseExpr (BoolType))) "F") (LetStmt (ArrayLValue F G H) (ArrayIndexExpr (ArrayType (StructType rgba) 2) (ArrayLoopExpr (ArrayType (ArrayType (StructType rgba) 2) 3) F (ArrayIndexExpr (IntType) (VarExpr (ArrayType (IntType) 2) f) (ArrayIndexExpr (IntType) (ArrayLoopExpr (ArrayType (IntType) 3) F (VarExpr (IntType) p) G (UnopExpr (IntType) - (VarExpr (IntType) g)) H (VarExpr (IntType) c) (VarExpr (IntType) p)) (VarExpr (IntType) i) (UnopExpr (IntType) - (VarExpr (IntType) u)) (VarExpr (IntType) s)) (VarExpr (IntType) i)) G (VarExpr (IntType) i) H (VarExpr (IntType) g) (VarExpr (ArrayType (StructType rgba) 2) z)) (VarExpr (IntType) s) (VarExpr (IntType) h) (VarExpr (IntType) h))) (LetStmt (VarLValue I) (BinopExpr (BoolType) (DotExpr (FloatType) (IfExpr (StructType rgba) (BinopExpr (BoolType) (BinopExpr (BoolType) (VarExpr (IntType) A) < (VarExpr (IntType) G)) && (ArrayIndexExpr (BoolType) (VarExpr (ArrayType (BoolType) 3) a) (VarExpr (IntType) H) (VarExpr (IntType) i) (VarExpr (IntType) p))) (IfExpr (StructType rgba) (BinopExpr (BoolType) (VarExpr (FloatType) k) != (FloatExpr (FloatType) 83)) (StructLiteralExpr (StructType rgba) rgba (SumLoopExpr (FloatType) I (VarExpr (IntType) G) J (VarExpr (IntType) h) K (VarExpr (IntType) p) (VarExpr (FloatType) k)) (IfExpr (FloatType) (FalseExpr (BoolType)) (CallExpr (FloatType) C) (FloatExpr (FloatType) 2)) (SumLoopExpr (FloatType) I (VarExpr (IntType) g) J (VarExpr (IntType) d) (FloatExpr (FloatType) 23)) (SumLoopExpr (FloatType) I (VarExpr (IntType) g) J (VarExpr (IntType) B) (FloatExpr (FloatType) 5))) (StructLiteralExpr (StructType rgba) rgba (CallExpr (FloatType) C) (VarExpr (FloatType) k) (VarExpr (FloatType) k) (BinopExpr (FloatType) (FloatExpr (FloatType) 99) * (CallExpr (FloatType) C)))) (ArrayIndexExpr (StructType rgba) (ArrayLoopExpr (ArrayType (StructType rgba) 1) I (VarExpr (IntType) i) (ArrayIndexExpr (StructType rgba) (VarExpr (ArrayType (StructType rgba) 2) F) (VarExpr (IntType) B) (VarExpr (IntType) o))) (CallExpr (IntType) l (CallExpr (VoidType) m) (ArrayLoopExpr (ArrayType (IntType) 3) I (VarExpr (IntType) p) J (VarExpr (IntType) B) K (VarExpr (IntType) p) (VarExpr (IntType) G)) (VarExpr (IntType) b)))) r) != (VarExpr (FloatType) k))) (LetStmt (VarLValue J) (DotExpr (ArrayType (ArrayType (ArrayType (IntType) 2) 2) 3) (IfExpr (StructType j) (FalseExpr (BoolType)) (CallExpr (StructType j) y) (CallExpr (StructType j) y)) a)) (ReturnStmt (IfExpr (FloatType) (BinopExpr (BoolType) (IfExpr (BoolType) (BinopExpr (BoolType) (VarExpr (IntType) B) >= (VarExpr (IntType) t)) (TrueExpr (BoolType)) (VarExpr (BoolType) I)) != (VarExpr (BoolType) e)) (DotExpr (FloatType) (ArrayIndexExpr (StructType rgba) (ArrayLoopExpr (ArrayType (StructType rgba) 2) K (VarExpr (IntType) E) L (BinopExpr (IntType) (UnopExpr (IntType) - (VarExpr (IntType) d)) % (VarExpr (IntType) s)) (StructLiteralExpr (StructType rgba) rgba (SumLoopExpr (FloatType) M (VarExpr (IntType) H) N (VarExpr (IntType) E) O (VarExpr (IntType) E) (VarExpr (FloatType) k)) (UnopExpr (FloatType) - (VarExpr (FloatType) k)) (BinopExpr (FloatType) (FloatExpr (FloatType) 9) % (FloatExpr (FloatType) 42)) (ArrayIndexExpr (FloatType) (VarExpr (ArrayType (FloatType) 2) n) (VarExpr (IntType) o) (VarExpr (IntType) i)))) (VarExpr (IntType) G) (VarExpr (IntType) c)) a) (UnopExpr (FloatType) - (DotExpr (FloatType) (ArrayIndexExpr (StructType rgba) (ArrayLoopExpr (ArrayType (StructType rgba) 3) K (VarExpr (IntType) p) L (VarExpr (IntType) c) M (VarExpr (IntType) p) (StructLiteralExpr (StructType rgba) rgba (VarExpr (FloatType) k) (VarExpr (FloatType) k) (FloatExpr (FloatType) 30) (CallExpr (FloatType) C))) (VarExpr (IntType) b) (VarExpr (IntType) B) (VarExpr (IntType) c)) r)))))
(WriteCmd (IfExpr (ArrayType (StructType rgba) 2) (TrueExpr (BoolType)) (VarExpr (ArrayType (StructType rgba) 2) z) (VarExpr (ArrayType (StructType rgba) 2) v)) "D.png")
