(PrintCmd "a")
(LetCmd (ArrayLValue a b c d) (ArrayLoopExpr (ArrayType (FloatType) 3) a (ArrayIndexExpr (IntType) (ArrayLoopExpr (ArrayType (IntType) 3) a (ArrayIndexExpr (IntType) (ArrayLoopExpr (ArrayType (IntType) 1) a (SumLoopExpr (IntType) a (IntExpr (IntType) 311) (IntExpr (IntType) 535)) (BinopExpr (IntType) (IntExpr (IntType) 773) % (VarExpr (IntType) a))) (IntExpr (IntType) 783)) b (SumLoopExpr (IntType) a (SumLoopExpr (IntType) a (SumLoopExpr (IntType) a (IntExpr (IntType) 364) (IntExpr (IntType) 978)) (VarExpr (IntType) a)) b (IntExpr (IntType) 95) (BinopExpr (IntType) (IfExpr (IntType) (TrueExpr (BoolType)) (VarExpr (IntType) a) (VarExpr (IntType) b)) / (IntExpr (IntType) 312))) c (BinopExpr (IntType) (IfExpr (IntType) (UnopExpr (BoolType) ! (FalseExpr (BoolType))) (BinopExpr (IntType) (IntExpr (IntType) 791) % (IntExpr (IntType) 287)) (UnopExpr (IntType) - (IntExpr (IntType) 787))) + (UnopExpr (IntType) - (BinopExpr (IntType) (IntExpr (IntType) 824) + (IntExpr (IntType) 185)))) (ArrayIndexExpr (IntType) (ArrayLoopExpr (ArrayType (IntType) 2) d (UnopExpr (IntType) - (VarExpr (IntType) c)) e (UnopExpr (IntType) - (VarExpr (IntType) c)) (IntExpr (IntType) 344)) (SumLoopExpr (IntType) d (BinopExpr (IntType) (IntExpr (IntType) 43) % (VarExpr (IntType) a)) (VarExpr (IntType) b)) (VarExpr (IntType) b))) (BinopExpr (IntType) (UnopExpr (IntType) - (IfExpr (IntType) (TrueExpr (BoolType)) (IntExpr (IntType) 666) (SumLoopExpr (IntType) a (IntExpr (IntType) 118) (VarExpr (IntType) a)))) + (IntExpr (IntType) 473)) (SumLoopExpr (IntType) a (SumLoopExpr (IntType) a (SumLoopExpr (IntType) a (IntExpr (IntType) 202) (SumLoopExpr (IntType) b (IntExpr (IntType) 369) c (VarExpr (IntType) a) (VarExpr (IntType) c))) b (IntExpr (IntType) 240) (IntExpr (IntType) 242)) b (IntExpr (IntType) 334) c (BinopExpr (IntType) (SumLoopExpr (IntType) a (UnopExpr (IntType) - (IntExpr (IntType) 79)) b (UnopExpr (IntType) - (IntExpr (IntType) 360)) (IntExpr (IntType) 201)) + (SumLoopExpr (IntType) a (BinopExpr (IntType) (IntExpr (IntType) 896) + (IntExpr (IntType) 817)) b (IntExpr (IntType) 333) (VarExpr (IntType) a))) (UnopExpr (IntType) - (VarExpr (IntType) c))) (ArrayIndexExpr (IntType) (ArrayIndexExpr (ArrayType (IntType) 2) (ArrayLoopExpr (ArrayType (ArrayType (IntType) 2) 1) a (IntExpr (IntType) 389) (ArrayLoopExpr (ArrayType (IntType) 2) b (IntExpr (IntType) 960) c (VarExpr (IntType) a) (VarExpr (IntType) a))) (UnopExpr (IntType) - (IntExpr (IntType) 217))) (UnopExpr (IntType) - (IntExpr (IntType) 722)) (IfExpr (IntType) (IfExpr (BoolType) (TrueExpr (BoolType)) (UnopExpr (BoolType) ! (FalseExpr (BoolType))) (TrueExpr (BoolType))) (IntExpr (IntType) 624) (IntExpr (IntType) 657)))) b (IntExpr (IntType) 430) c (SumLoopExpr (IntType) a (IntExpr (IntType) 546) b (ArrayIndexExpr (IntType) (ArrayLoopExpr (ArrayType (IntType) 3) a (BinopExpr (IntType) (UnopExpr (IntType) - (IntExpr (IntType) 814)) - (IntExpr (IntType) 751)) b (UnopExpr (IntType) - (IntExpr (IntType) 139)) c (UnopExpr (IntType) - (SumLoopExpr (IntType) a (IntExpr (IntType) 328) b (IntExpr (IntType) 517) (VarExpr (IntType) a))) (UnopExpr (IntType) - (SumLoopExpr (IntType) d (VarExpr (IntType) b) (VarExpr (IntType) d)))) (IntExpr (IntType) 498) (IntExpr (IntType) 656) (IntExpr (IntType) 341)) c (UnopExpr (IntType) - (IntExpr (IntType) 196)) (IfExpr (IntType) (BinopExpr (BoolType) (BinopExpr (BoolType) (BinopExpr (BoolType) (VarExpr (IntType) a) <= (VarExpr (IntType) b)) && (BinopExpr (BoolType) (IntExpr (IntType) 10) > (IntExpr (IntType) 961))) || (IfExpr (BoolType) (TrueExpr (BoolType)) (FalseExpr (BoolType)) (BinopExpr (BoolType) (FalseExpr (BoolType)) && (TrueExpr (BoolType))))) (SumLoopExpr (IntType) d (IntExpr (IntType) 114) (SumLoopExpr (IntType) e (IntExpr (IntType) 524) (VarExpr (IntType) a))) (VarExpr (IntType) a))) (DotExpr (FloatType) (StructLiteralExpr (StructType rgba) rgba (UnopExpr (FloatType) - (FloatExpr (FloatType) 13)) (SumLoopExpr (FloatType) d (ArrayIndexExpr (IntType) (ArrayLiteralExpr (ArrayType (IntType) 1) (VarExpr (IntType) b) (IntExpr (IntType) 788) (VarExpr (IntType) b)) (VarExpr (IntType) b)) e (VarExpr (IntType) b) (ArrayIndexExpr (FloatType) (ArrayLoopExpr (ArrayType (FloatType) 3) f (VarExpr (IntType) a) g (VarExpr (IntType) d) h (VarExpr (IntType) c) (FloatExpr (FloatType) 73)) (IntExpr (IntType) 27) (IntExpr (IntType) 631) (BinopExpr (IntType) (VarExpr (IntType) d) + (IntExpr (IntType) 872)))) (ArrayIndexExpr (FloatType) (ArrayLoopExpr (ArrayType (FloatType) 1) d (VarExpr (IntType) c) (SumLoopExpr (FloatType) e (VarExpr (IntType) a) (FloatExpr (FloatType) 41))) (IntExpr (IntType) 3)) (IfExpr (FloatType) (BinopExpr (BoolType) (SumLoopExpr (IntType) d (VarExpr (IntType) c) e (VarExpr (IntType) c) f (IntExpr (IntType) 663) (IntExpr (IntType) 936)) != (VarExpr (IntType) c)) (FloatExpr (FloatType) 82) (SumLoopExpr (FloatType) d (UnopExpr (IntType) - (IntExpr (IntType) 759)) (SumLoopExpr (FloatType) e (IntExpr (IntType) 882) (FloatExpr (FloatType) 58))))) a)))
(LetCmd (ArrayLValue e f) (ArrayLiteralExpr (ArrayType (BoolType) 1) (BinopExpr (BoolType) (BinopExpr (BoolType) (FloatExpr (FloatType) 0) != (SumLoopExpr (FloatType) e (IfExpr (IntType) (FalseExpr (BoolType)) (VarExpr (IntType) d) (VarExpr (IntType) b)) f (IntExpr (IntType) 570) g (VarExpr (IntType) d) (SumLoopExpr (FloatType) h (VarExpr (IntType) e) i (VarExpr (IntType) g) (UnopExpr (FloatType) - (FloatExpr (FloatType) 97))))) != (BinopExpr (BoolType) (FloatExpr (FloatType) 44) <= (FloatExpr (FloatType) 42)))))
(LetCmd (ArrayLValue g h i) (IfExpr (ArrayType (IntType) 2) (UnopExpr (BoolType) ! (IfExpr (BoolType) (BinopExpr (BoolType) (VarExpr (IntType) b) != (VarExpr (IntType) d)) (FalseExpr (BoolType)) (FalseExpr (BoolType)))) (ArrayIndexExpr (ArrayType (IntType) 2) (IfExpr (ArrayType (ArrayType (IntType) 2) 2) (IfExpr (BoolType) (IfExpr (BoolType) (ArrayIndexExpr (BoolType) (VarExpr (ArrayType (BoolType) 1) e) (VarExpr (IntType) d)) (TrueExpr (BoolType)) (BinopExpr (BoolType) (VarExpr (IntType) b) >= (VarExpr (IntType) c))) (BinopExpr (BoolType) (ArrayIndexExpr (FloatType) (VarExpr (ArrayType (FloatType) 3) a) (IntExpr (IntType) 803) (IntExpr (IntType) 324) (VarExpr (IntType) d)) <= (SumLoopExpr (FloatType) g (VarExpr (IntType) b) (FloatExpr (FloatType) 1))) (BinopExpr (BoolType) (TrueExpr (BoolType)) == (BinopExpr (BoolType) (VarExpr (IntType) f) == (VarExpr (IntType) f)))) (IfExpr (ArrayType (ArrayType (IntType) 2) 2) (BinopExpr (BoolType) (VarExpr (IntType) f) == (IntExpr (IntType) 57)) (ArrayLoopExpr (ArrayType (ArrayType (IntType) 2) 2) g (BinopExpr (IntType) (VarExpr (IntType) f) * (VarExpr (IntType) d)) h (UnopExpr (IntType) - (VarExpr (IntType) b)) (ArrayLoopExpr (ArrayType (IntType) 2) i (IntExpr (IntType) 265) j (VarExpr (IntType) c) (IntExpr (IntType) 333))) (ArrayLoopExpr (ArrayType (ArrayType (IntType) 2) 2) g (IfExpr (IntType) (TrueExpr (BoolType)) (VarExpr (IntType) c) (IntExpr (IntType) 215)) h (VarExpr (IntType) f) (ArrayLoopExpr (ArrayType (IntType) 2) i (VarExpr (IntType) f) j (VarExpr (IntType) g) (VarExpr (IntType) h)))) (IfExpr (ArrayType (ArrayType (IntType) 2) 2) (UnopExpr (BoolType) ! (TrueExpr (BoolType))) (ArrayLoopExpr (ArrayType (ArrayType (IntType) 2) 2) g (UnopExpr (IntType) - (VarExpr (IntType) c)) h (SumLoopExpr (IntType) g (VarExpr (IntType) c) (VarExpr (IntType) d)) (ArrayLoopExpr (ArrayType (IntType) 2) i (VarExpr (IntType) d) j (VarExpr (IntType) f) (VarExpr (IntType) c))) (ArrayLoopExpr (ArrayType (ArrayType (IntType) 2) 2) g (VarExpr (IntType) b) h (SumLoopExpr (IntType) g (IntExpr (IntType) 421) (VarExpr (IntType) c)) (ArrayLoopExpr (ArrayType (IntType) 2) i (VarExpr (IntType) g) j (VarExpr (IntType) d) (IntExpr (IntType) 833))))) (SumLoopExpr (IntType) g (VarExpr (IntType) c) (BinopExpr (IntType) (VarExpr (IntType) c) % (UnopExpr (IntType) - (VarExpr (IntType) f)))) (UnopExpr (IntType) - (VarExpr (IntType) f))) (IfExpr (ArrayType (IntType) 2) (BinopExpr (BoolType) (BinopExpr (BoolType) (VarExpr (IntType) b) != (VarExpr (IntType) b)) != (UnopExpr (BoolType) ! (BinopExpr (BoolType) (VarExpr (IntType) f) == (SumLoopExpr (IntType) g (IntExpr (IntType) 0) (VarExpr (IntType) g))))) (IfExpr (ArrayType (IntType) 2) (IfExpr (BoolType) (BinopExpr (BoolType) (BinopExpr (IntType) (VarExpr (IntType) b) + (VarExpr (IntType) c)) >= (VarExpr (IntType) f)) (IfExpr (BoolType) (ArrayIndexExpr (BoolType) (VarExpr (ArrayType (BoolType) 1) e) (IntExpr (IntType) 846)) (BinopExpr (BoolType) (VarExpr (IntType) d) != (VarExpr (IntType) f)) (BinopExpr (BoolType) (VarExpr (IntType) c) != (VarExpr (IntType) b))) (UnopExpr (BoolType) ! (TrueExpr (BoolType)))) (ArrayLoopExpr (ArrayType (IntType) 2) g (UnopExpr (IntType) - (VarExpr (IntType) b)) h (UnopExpr (IntType) - (VarExpr (IntType) d)) (IntExpr (IntType) 697)) (IfExpr (ArrayType (IntType) 2) (BinopExpr (BoolType) (ArrayIndexExpr (FloatType) (VarExpr (ArrayType (FloatType) 3) a) (VarExpr (IntType) f) (VarExpr (IntType) f) (VarExpr (IntType) b)) < (FloatExpr (FloatType) 49)) (IfExpr (ArrayType (IntType) 2) (FalseExpr (BoolType)) (ArrayLoopExpr (ArrayType (IntType) 2) g (IntExpr (IntType) 369) h (VarExpr (IntType) f) (VarExpr (IntType) g)) (ArrayLoopExpr (ArrayType (IntType) 2) g (IntExpr (IntType) 204) h (IntExpr (IntType) 167) (IntExpr (IntType) 196))) (ArrayLoopExpr (ArrayType (IntType) 2) g (BinopExpr (IntType) (VarExpr (IntType) d) * (VarExpr (IntType) c)) h (IntExpr (IntType) 347) (VarExpr (IntType) h)))) (ArrayIndexExpr (ArrayType (IntType) 2) (IfExpr (ArrayType (ArrayType (IntType) 2) 2) (BinopExpr (BoolType) (VarExpr (IntType) b) == (UnopExpr (IntType) - (VarExpr (IntType) c))) (ArrayLoopExpr (ArrayType (ArrayType (IntType) 2) 2) g (VarExpr (IntType) c) h (VarExpr (IntType) b) (ArrayLoopExpr (ArrayType (IntType) 2) i (VarExpr (IntType) g) j (VarExpr (IntType) c) (VarExpr (IntType) h))) (ArrayLoopExpr (ArrayType (ArrayType (IntType) 2) 2) g (UnopExpr (IntType) - (VarExpr (IntType) b)) h (UnopExpr (IntType) - (VarExpr (IntType) d)) (ArrayLoopExpr (ArrayType (IntType) 2) i (VarExpr (IntType) h) j (VarExpr (IntType) c) (VarExpr (IntType) b)))) (VarExpr (IntType) d) (VarExpr (IntType) b)))))
(WriteCmd (IfExpr (ArrayType (StructType rgba) 2) (ArrayIndexExpr (BoolType) (ArrayLoopExpr (ArrayType (BoolType) 1) j (SumLoopExpr (IntType) j (IntExpr (IntType) 633) k (ArrayIndexExpr (IntType) (ArrayLoopExpr (ArrayType (IntType) 3) j (VarExpr (IntType) f) k (VarExpr (IntType) c) l (VarExpr (IntType) c) (IntExpr (IntType) 614)) (VarExpr (IntType) b) (IntExpr (IntType) 339) (SumLoopExpr (IntType) j (VarExpr (IntType) f) (IntExpr (IntType) 909))) l (UnopExpr (IntType) - (VarExpr (IntType) h)) (IfExpr (IntType) (TrueExpr (BoolType)) (SumLoopExpr (IntType) m (VarExpr (IntType) c) (VarExpr (IntType) i)) (VarExpr (IntType) i))) (IfExpr (BoolType) (BinopExpr (BoolType) (UnopExpr (IntType) - (VarExpr (IntType) d)) == (IntExpr (IntType) 724)) (UnopExpr (BoolType) ! (TrueExpr (BoolType))) (BinopExpr (BoolType) (VarExpr (IntType) i) > (BinopExpr (IntType) (IntExpr (IntType) 481) * (VarExpr (IntType) i))))) (IfExpr (IntType) (ArrayIndexExpr (BoolType) (VarExpr (ArrayType (BoolType) 1) e) (IntExpr (IntType) 409)) (ArrayIndexExpr (IntType) (VarExpr (ArrayType (IntType) 2) g) (ArrayIndexExpr (IntType) (ArrayLoopExpr (ArrayType (IntType) 2) j (VarExpr (IntType) b) k (VarExpr (IntType) h) (VarExpr (IntType) f)) (SumLoopExpr (IntType) j (VarExpr (IntType) d) (VarExpr (IntType) f)) (VarExpr (IntType) f)) (SumLoopExpr (IntType) j (BinopExpr (IntType) (VarExpr (IntType) f) % (VarExpr (IntType) h)) (VarExpr (IntType) b))) (VarExpr (IntType) f))) (ArrayLoopExpr (ArrayType (StructType rgba) 2) j (BinopExpr (IntType) (VarExpr (IntType) i) % (BinopExpr (IntType) (IntExpr (IntType) 306) % (VarExpr (IntType) d))) k (SumLoopExpr (IntType) j (ArrayIndexExpr (IntType) (ArrayLoopExpr (ArrayType (IntType) 3) j (VarExpr (IntType) i) k (BinopExpr (IntType) (VarExpr (IntType) b) - (VarExpr (IntType) h)) l (VarExpr (IntType) d) (VarExpr (IntType) f)) (SumLoopExpr (IntType) j (SumLoopExpr (IntType) j (IntExpr (IntType) 293) (VarExpr (IntType) c)) k (VarExpr (IntType) d) (ArrayIndexExpr (IntType) (VarExpr (ArrayType (IntType) 2) g) (VarExpr (IntType) j) (IntExpr (IntType) 809))) (VarExpr (IntType) c) (IntExpr (IntType) 560)) k (UnopExpr (IntType) - (ArrayIndexExpr (IntType) (ArrayLoopExpr (ArrayType (IntType) 1) j (VarExpr (IntType) c) (VarExpr (IntType) b)) (ArrayIndexExpr (IntType) (VarExpr (ArrayType (IntType) 2) g) (IntExpr (IntType) 528) (VarExpr (IntType) h)))) (VarExpr (IntType) b)) (StructLiteralExpr (StructType rgba) rgba (ArrayIndexExpr (FloatType) (ArrayLiteralExpr (ArrayType (FloatType) 1) (UnopExpr (FloatType) - (FloatExpr (FloatType) 65)) (UnopExpr (FloatType) - (FloatExpr (FloatType) 50))) (ArrayIndexExpr (IntType) (ArrayLoopExpr (ArrayType (IntType) 3) l (VarExpr (IntType) i) m (VarExpr (IntType) b) n (VarExpr (IntType) j) (IntExpr (IntType) 136)) (SumLoopExpr (IntType) l (VarExpr (IntType) h) m (VarExpr (IntType) k) (VarExpr (IntType) k)) (VarExpr (IntType) d) (VarExpr (IntType) c))) (ArrayIndexExpr (FloatType) (ArrayLoopExpr (ArrayType (FloatType) 1) l (VarExpr (IntType) h) (FloatExpr (FloatType) 93)) (SumLoopExpr (IntType) l (VarExpr (IntType) h) m (VarExpr (IntType) b) n (VarExpr (IntType) b) (VarExpr (IntType) c))) (SumLoopExpr (FloatType) l (ArrayIndexExpr (IntType) (ArrayLoopExpr (ArrayType (IntType) 3) l (VarExpr (IntType) d) m (IntExpr (IntType) 576) n (VarExpr (IntType) f) (VarExpr (IntType) b)) (BinopExpr (IntType) (VarExpr (IntType) j) % (IntExpr (IntType) 147)) (IntExpr (IntType) 899) (VarExpr (IntType) i)) m (VarExpr (IntType) k) n (VarExpr (IntType) i) (FloatExpr (FloatType) 95)) (IfExpr (FloatType) (BinopExpr (BoolType) (IntExpr (IntType) 247) <= (VarExpr (IntType) h)) (FloatExpr (FloatType) 23) (IfExpr (FloatType) (BinopExpr (BoolType) (FloatExpr (FloatType) 77) != (FloatExpr (FloatType) 37)) (FloatExpr (FloatType) 6) (FloatExpr (FloatType) 99))))) (ArrayLoopExpr (ArrayType (StructType rgba) 2) j (ArrayIndexExpr (IntType) (ArrayLoopExpr (ArrayType (IntType) 1) j (VarExpr (IntType) i) (VarExpr (IntType) h)) (VarExpr (IntType) h)) k (IntExpr (IntType) 560) (StructLiteralExpr (StructType rgba) rgba (BinopExpr (FloatType) (FloatExpr (FloatType) 86) % (SumLoopExpr (FloatType) l (IntExpr (IntType) 453) m (UnopExpr (IntType) - (VarExpr (IntType) k)) n (VarExpr (IntType) k) (SumLoopExpr (FloatType) o (VarExpr (IntType) m) (FloatExpr (FloatType) 30)))) (BinopExpr (FloatType) (FloatExpr (FloatType) 87) + (BinopExpr (FloatType) (BinopExpr (FloatType) (FloatExpr (FloatType) 97) % (FloatExpr (FloatType) 45)) / (FloatExpr (FloatType) 64))) (SumLoopExpr (FloatType) l (ArrayIndexExpr (IntType) (ArrayLoopExpr (ArrayType (IntType) 3) l (VarExpr (IntType) j) m (IntExpr (IntType) 506) n (VarExpr (IntType) d) (VarExpr (IntType) k)) (VarExpr (IntType) j) (VarExpr (IntType) c) (VarExpr (IntType) i)) m (VarExpr (IntType) f) (SumLoopExpr (FloatType) n (VarExpr (IntType) h) (ArrayIndexExpr (FloatType) (VarExpr (ArrayType (FloatType) 3) a) (VarExpr (IntType) c) (VarExpr (IntType) k) (VarExpr (IntType) c)))) (FloatExpr (FloatType) 2)))) "j.png")
(LetCmd (VarLValue j) (ArrayLiteralExpr (ArrayType (BoolType) 1) (BinopExpr (BoolType) (UnopExpr (BoolType) ! (BinopExpr (BoolType) (FalseExpr (BoolType)) || (BinopExpr (BoolType) (BinopExpr (BoolType) (VarExpr (IntType) i) == (VarExpr (IntType) i)) == (ArrayIndexExpr (BoolType) (VarExpr (ArrayType (BoolType) 1) e) (VarExpr (IntType) b))))) || (BinopExpr (BoolType) (FloatExpr (FloatType) 43) == (DotExpr (FloatType) (StructLiteralExpr (StructType rgba) rgba (UnopExpr (FloatType) - (FloatExpr (FloatType) 81)) (IfExpr (FloatType) (FalseExpr (BoolType)) (FloatExpr (FloatType) 55) (FloatExpr (FloatType) 18)) (SumLoopExpr (FloatType) j (VarExpr (IntType) h) k (IntExpr (IntType) 973) (FloatExpr (FloatType) 98)) (SumLoopExpr (FloatType) j (VarExpr (IntType) c) k (VarExpr (IntType) f) l (VarExpr (IntType) f) (FloatExpr (FloatType) 92))) a)))))
(LetCmd (VarLValue k) (BinopExpr (IntType) (VarExpr (IntType) i) % (IfExpr (IntType) (BinopExpr (BoolType) (BinopExpr (IntType) (ArrayIndexExpr (IntType) (VarExpr (ArrayType (IntType) 2) g) (VarExpr (IntType) i) (VarExpr (IntType) i)) % (ArrayIndexExpr (IntType) (ArrayLoopExpr (ArrayType (IntType) 1) k (IntExpr (IntType) 946) (VarExpr (IntType) i)) (UnopExpr (IntType) - (VarExpr (IntType) b)))) < (VarExpr (IntType) i)) (VarExpr (IntType) b) (VarExpr (IntType) d))))
(LetCmd (ArrayLValue l m n) (ArrayLoopExpr (ArrayType (IntType) 2) l (VarExpr (IntType) k) m (VarExpr (IntType) i) (VarExpr (IntType) d)))
(LetCmd (ArrayLValue o p q r) (ArrayIndexExpr (ArrayType (FloatType) 3) (ArrayIndexExpr (ArrayType (ArrayType (FloatType) 3) 1) (IfExpr (ArrayType (ArrayType (ArrayType (FloatType) 3) 1) 3) (BinopExpr (BoolType) (ArrayIndexExpr (FloatType) (ArrayLoopExpr (ArrayType (FloatType) 3) o (VarExpr (IntType) h) p (VarExpr (IntType) d) q (VarExpr (IntType) f) (FloatExpr (FloatType) 44)) (VarExpr (IntType) h) (VarExpr (IntType) c) (VarExpr (IntType) i)) < (BinopExpr (FloatType) (ArrayIndexExpr (FloatType) (VarExpr (ArrayType (FloatType) 3) a) (VarExpr (IntType) c) (VarExpr (IntType) d) (VarExpr (IntType) n)) % (IfExpr (FloatType) (FalseExpr (BoolType)) (FloatExpr (FloatType) 63) (FloatExpr (FloatType) 88)))) (IfExpr (ArrayType (ArrayType (ArrayType (FloatType) 3) 1) 3) (IfExpr (BoolType) (FalseExpr (BoolType)) (BinopExpr (BoolType) (FalseExpr (BoolType)) == (FalseExpr (BoolType))) (FalseExpr (BoolType))) (ArrayLoopExpr (ArrayType (ArrayType (ArrayType (FloatType) 3) 1) 3) o (VarExpr (IntType) h) p (IfExpr (IntType) (TrueExpr (BoolType)) (VarExpr (IntType) k) (VarExpr (IntType) m)) q (VarExpr (IntType) k) (ArrayLiteralExpr (ArrayType (ArrayType (FloatType) 3) 1) (VarExpr (ArrayType (FloatType) 3) a) (VarExpr (ArrayType (FloatType) 3) a) (VarExpr (ArrayType (FloatType) 3) a))) (ArrayLoopExpr (ArrayType (ArrayType (ArrayType (FloatType) 3) 1) 3) o (VarExpr (IntType) i) p (VarExpr (IntType) d) q (VarExpr (IntType) f) (ArrayLoopExpr (ArrayType (ArrayType (FloatType) 3) 1) r (VarExpr (IntType) h) (VarExpr (ArrayType (FloatType) 3) a)))) (IfExpr (ArrayType (ArrayType (ArrayType (FloatType) 3) 1) 3) (BinopExpr (BoolType) (VarExpr (IntType) n) > (VarExpr (IntType) n)) (ArrayLoopExpr (ArrayType (ArrayType (ArrayType (FloatType) 3) 1) 3) o (VarExpr (IntType) f) p (VarExpr (IntType) k) q (SumLoopExpr (IntType) o (VarExpr (IntType) i) (VarExpr (IntType) m)) (ArrayLoopExpr (ArrayType (ArrayType (FloatType) 3) 1) r (VarExpr (IntType) h) (VarExpr (ArrayType (FloatType) 3) a))) (ArrayLoopExpr (ArrayType (ArrayType (ArrayType (FloatType) 3) 1) 3) o (IntExpr (IntType) 86) p (VarExpr (IntType) m) q (IntExpr (IntType) 69) (ArrayLiteralExpr (ArrayType (ArrayType (FloatType) 3) 1) (VarExpr (ArrayType (FloatType) 3) a))))) (IfExpr (IntType) (BinopExpr (BoolType) (BinopExpr (IntType) (VarExpr (IntType) b) % (VarExpr (IntType) k)) >= (VarExpr (IntType) c)) (VarExpr (IntType) m) (VarExpr (IntType) d)) (UnopExpr (IntType) - (IntExpr (IntType) 295)) (VarExpr (IntType) i)) (BinopExpr (IntType) (IfExpr (IntType) (UnopExpr (BoolType) ! (BinopExpr (BoolType) (VarExpr (IntType) m) <= (VarExpr (IntType) d))) (VarExpr (IntType) b) (VarExpr (IntType) i)) % (VarExpr (IntType) k))))
(AssertCmd (BinopExpr (BoolType) (UnopExpr (BoolType) ! (FalseExpr (BoolType))) && (IfExpr (BoolType) (BinopExpr (BoolType) (VarExpr (IntType) i) < (IntExpr (IntType) 30)) (BinopExpr (BoolType) (ArrayIndexExpr (BoolType) (ArrayLoopExpr (ArrayType (BoolType) 2) s (VarExpr (IntType) b) t (VarExpr (IntType) i) (BinopExpr (BoolType) (IntExpr (IntType) 176) < (VarExpr (IntType) p))) (VarExpr (IntType) h) (UnopExpr (IntType) - (VarExpr (IntType) n))) != (UnopExpr (BoolType) ! (UnopExpr (BoolType) ! (BinopExpr (BoolType) (VarExpr (IntType) n) == (IntExpr (IntType) 188))))) (UnopExpr (BoolType) ! (IfExpr (BoolType) (TrueExpr (BoolType)) (BinopExpr (BoolType) (IntExpr (IntType) 630) >= (VarExpr (IntType) h)) (BinopExpr (BoolType) (VarExpr (IntType) i) > (VarExpr (IntType) c)))))) "s")
(ReadCmd "s.png" (VarLValue s))
(LetCmd (ArrayLValue t u v) (ArrayLoopExpr (ArrayType (FloatType) 2) t (VarExpr (IntType) n) u (VarExpr (IntType) m) (FloatExpr (FloatType) 40)))
(LetCmd (ArrayLValue w x) (VarExpr (ArrayType (BoolType) 1) e))
(FnCmd y (((ArrayLValue z A) (ArrayType (FloatType) 1) (VarLValue B) (BoolType))) (ArrayType (FloatType) 1) (LetStmt (VarLValue C) (VarExpr (IntType) b)) (LetStmt (ArrayLValue D E) (ArrayLoopExpr (ArrayType (IntType) 1) D (VarExpr (IntType) r) (VarExpr (IntType) p))) (LetStmt (ArrayLValue F G H) (VarExpr (ArrayType (StructType rgba) 2) s)) (LetStmt (VarLValue I) (VarExpr (ArrayType (FloatType) 3) a)) (AssertStmt (VarExpr (BoolType) B) "J") (ReturnStmt (ArrayIndexExpr (ArrayType (FloatType) 1) (IfExpr (ArrayType (ArrayType (FloatType) 1) 2) (BinopExpr (BoolType) (VarExpr (IntType) G) == (ArrayIndexExpr (IntType) (ArrayLoopExpr (ArrayType (IntType) 3) J (VarExpr (IntType) f) K (VarExpr (IntType) A) L (VarExpr (IntType) q) (VarExpr (IntType) f)) (VarExpr (IntType) i) (VarExpr (IntType) b) (VarExpr (IntType) v))) (ArrayIndexExpr (ArrayType (ArrayType (FloatType) 1) 2) (ArrayLiteralExpr (ArrayType (ArrayType (ArrayType (FloatType) 1) 2) 1) (ArrayLoopExpr (ArrayType (ArrayType (FloatType) 1) 2) J (VarExpr (IntType) k) K (IntExpr (IntType) 69) (VarExpr (ArrayType (FloatType) 1) z))) (VarExpr (IntType) u)) (ArrayLoopExpr (ArrayType (ArrayType (FloatType) 1) 2) J (VarExpr (IntType) h) K (VarExpr (IntType) E) (CallExpr (ArrayType (FloatType) 1) y (CallExpr (ArrayType (FloatType) 1) y (IfExpr (ArrayType (FloatType) 1) (TrueExpr (BoolType)) (VarExpr (ArrayType (FloatType) 1) z) (VarExpr (ArrayType (FloatType) 1) z)) (BinopExpr (BoolType) (VarExpr (IntType) f) != (VarExpr (IntType) u))) (BinopExpr (BoolType) (VarExpr (IntType) k) <= (VarExpr (IntType) n))))) (IfExpr (IntType) (BinopExpr (BoolType) (BinopExpr (BoolType) (IntExpr (IntType) 602) > (VarExpr (IntType) r)) != (ArrayIndexExpr (BoolType) (IfExpr (ArrayType (BoolType) 1) (FalseExpr (BoolType)) (ArrayLiteralExpr (ArrayType (BoolType) 1) (TrueExpr (BoolType)) (FalseExpr (BoolType))) (VarExpr (ArrayType (BoolType) 1) j)) (VarExpr (IntType) r))) (IntExpr (IntType) 853) (VarExpr (IntType) b)) (VarExpr (IntType) E))))
(LetCmd (VarLValue z) (FalseExpr (BoolType)))
(LetCmd (ArrayLValue A B C D) (VarExpr (ArrayType (FloatType) 3) a))
(LetCmd (ArrayLValue E F G H) (ArrayIndexExpr (ArrayType (FloatType) 3) (IfExpr (ArrayType (ArrayType (FloatType) 3) 1) (BinopExpr (BoolType) (FloatExpr (FloatType) 16) < (FloatExpr (FloatType) 57)) (IfExpr (ArrayType (ArrayType (FloatType) 3) 1) (UnopExpr (BoolType) ! (BinopExpr (BoolType) (FloatExpr (FloatType) 4) == (FloatExpr (FloatType) 75))) (IfExpr (ArrayType (ArrayType (FloatType) 3) 1) (ArrayIndexExpr (BoolType) (VarExpr (ArrayType (BoolType) 1) e) (VarExpr (IntType) p)) (ArrayLiteralExpr (ArrayType (ArrayType (FloatType) 3) 1) (VarExpr (ArrayType (FloatType) 3) A) (VarExpr (ArrayType (FloatType) 3) a)) (ArrayLoopExpr (ArrayType (ArrayType (FloatType) 3) 1) E (UnopExpr (IntType) - (VarExpr (IntType) b)) (VarExpr (ArrayType (FloatType) 3) A))) (ArrayLoopExpr (ArrayType (ArrayType (FloatType) 3) 1) E (VarExpr (IntType) B) (IfExpr (ArrayType (FloatType) 3) (VarExpr (BoolType) z) (VarExpr (ArrayType (FloatType) 3) A) (VarExpr (ArrayType (FloatType) 3) o)))) (ArrayLoopExpr (ArrayType (ArrayType (FloatType) 3) 1) E (UnopExpr (IntType) - (UnopExpr (IntType) - (VarExpr (IntType) D))) (VarExpr (ArrayType (FloatType) 3) A))) (VarExpr (IntType) i)))
(AssertCmd (BinopExpr (BoolType) (VarExpr (IntType) v) >= (VarExpr (IntType) i)) "I")
