(LetCmd (ArrayLValue a b c d) (ArrayLoopExpr (ArrayType (IntType) 3) a (BinopExpr (IntType) (ArrayIndexExpr (IntType) (ArrayLoopExpr (ArrayType (IntType) 3) a (SumLoopExpr (IntType) a (IntExpr (IntType) 809) (UnopExpr (IntType) - (IntExpr (IntType) 72))) b (IntExpr (IntType) 382) c (SumLoopExpr (IntType) a (IntExpr (IntType) 302) b (IntExpr (IntType) 23) (SumLoopExpr (IntType) c (VarExpr (IntType) b) (VarExpr (IntType) c))) (VarExpr (IntType) c)) (SumLoopExpr (IntType) a (IfExpr (IntType) (UnopExpr (BoolType) ! (TrueExpr (BoolType))) (IntExpr (IntType) 603) (BinopExpr (IntType) (IntExpr (IntType) 898) % (IntExpr (IntType) 325))) b (SumLoopExpr (IntType) a (IntExpr (IntType) 904) (VarExpr (IntType) a)) c (BinopExpr (IntType) (IntExpr (IntType) 224) % (BinopExpr (IntType) (IntExpr (IntType) 817) + (IntExpr (IntType) 697))) (IfExpr (IntType) (FalseExpr (BoolType)) (VarExpr (IntType) a) (SumLoopExpr (IntType) d (VarExpr (IntType) a) (IntExpr (IntType) 337)))) (SumLoopExpr (IntType) a (IntExpr (IntType) 837) b (IfExpr (IntType) (FalseExpr (BoolType)) (IntExpr (IntType) 87) (IntExpr (IntType) 488)) (VarExpr (IntType) a)) (ArrayIndexExpr (IntType) (ArrayLoopExpr (ArrayType (IntType) 2) a (IntExpr (IntType) 54) b (IntExpr (IntType) 767) (VarExpr (IntType) b)) (BinopExpr (IntType) (IntExpr (IntType) 19) * (IntExpr (IntType) 39)) (BinopExpr (IntType) (IntExpr (IntType) 551) - (BinopExpr (IntType) (IntExpr (IntType) 766) / (IntExpr (IntType) 847))))) * (IntExpr (IntType) 957)) b (BinopExpr (IntType) (UnopExpr (IntType) - (BinopExpr (IntType) (BinopExpr (IntType) (IntExpr (IntType) 689) - (IntExpr (IntType) 940)) - (IntExpr (IntType) 547))) * (IfExpr (IntType) (BinopExpr (BoolType) (UnopExpr (FloatType) - (FloatExpr (FloatType) 98)) < (BinopExpr (FloatType) (SumLoopExpr (FloatType) a (IntExpr (IntType) 107) b (IntExpr (IntType) 727) (FloatExpr (FloatType) 27)) * (FloatExpr (FloatType) 65))) (IfExpr (IntType) (BinopExpr (BoolType) (IfExpr (IntType) (TrueExpr (BoolType)) (IntExpr (IntType) 543) (IntExpr (IntType) 922)) < (UnopExpr (IntType) - (IntExpr (IntType) 585))) (IntExpr (IntType) 183) (UnopExpr (IntType) - (UnopExpr (IntType) - (IntExpr (IntType) 517)))) (SumLoopExpr (IntType) a (IntExpr (IntType) 646) b (UnopExpr (IntType) - (IntExpr (IntType) 215)) c (UnopExpr (IntType) - (IntExpr (IntType) 325)) (IntExpr (IntType) 628)))) c (UnopExpr (IntType) - (UnopExpr (IntType) - (ArrayIndexExpr (IntType) (ArrayLiteralExpr (ArrayType (IntType) 1) (IntExpr (IntType) 218)) (IntExpr (IntType) 856)))) (IfExpr (IntType) (ArrayIndexExpr (BoolType) (ArrayLoopExpr (ArrayType (BoolType) 1) d (VarExpr (IntType) c) (FalseExpr (BoolType))) (VarExpr (IntType) a)) (SumLoopExpr (IntType) d (SumLoopExpr (IntType) d (VarExpr (IntType) b) e (VarExpr (IntType) c) f (IfExpr (IntType) (BinopExpr (BoolType) (FloatExpr (FloatType) 49) > (FloatExpr (FloatType) 41)) (UnopExpr (IntType) - (VarExpr (IntType) a)) (VarExpr (IntType) b)) (SumLoopExpr (IntType) g (BinopExpr (IntType) (VarExpr (IntType) f) - (VarExpr (IntType) c)) h (VarExpr (IntType) e) i (IntExpr (IntType) 761) (IntExpr (IntType) 891))) e (VarExpr (IntType) a) (IntExpr (IntType) 398)) (VarExpr (IntType) b))))
(FnCmd e (((VarLValue f) (FloatType) (ArrayLValue g h i j) (ArrayType (VoidType) 3) (VarLValue k) (VoidType))) (StructType rgba) (LetStmt (ArrayLValue l m n) (IfExpr (ArrayType (VoidType) 2) (UnopExpr (BoolType) ! (FalseExpr (BoolType))) (IfExpr (ArrayType (VoidType) 2) (TrueExpr (BoolType)) (ArrayLoopExpr (ArrayType (VoidType) 2) l (IntExpr (IntType) 392) m (ArrayIndexExpr (IntType) (ArrayLiteralExpr (ArrayType (IntType) 1) (VarExpr (IntType) j) (UnopExpr (IntType) - (IntExpr (IntType) 993)) (SumLoopExpr (IntType) l (VarExpr (IntType) h) m (VarExpr (IntType) j) n (VarExpr (IntType) h) (VarExpr (IntType) n))) (VarExpr (IntType) i)) (VarExpr (VoidType) k)) (IfExpr (ArrayType (VoidType) 2) (IfExpr (BoolType) (UnopExpr (BoolType) ! (TrueExpr (BoolType))) (FalseExpr (BoolType)) (BinopExpr (BoolType) (FloatExpr (FloatType) 65) > (BinopExpr (FloatType) (VarExpr (FloatType) f) + (FloatExpr (FloatType) 82)))) (ArrayLoopExpr (ArrayType (VoidType) 2) l (VarExpr (IntType) b) m (BinopExpr (IntType) (VarExpr (IntType) b) % (BinopExpr (IntType) (VarExpr (IntType) b) % (VarExpr (IntType) b))) (VarExpr (VoidType) k)) (IfExpr (ArrayType (VoidType) 2) (TrueExpr (BoolType)) (ArrayLoopExpr (ArrayType (VoidType) 2) l (VarExpr (IntType) i) m (VarExpr (IntType) j) (VarExpr (VoidType) k)) (ArrayLoopExpr (ArrayType (VoidType) 2) l (VarExpr (IntType) i) m (BinopExpr (IntType) (VarExpr (IntType) i) / (VarExpr (IntType) i)) (VarExpr (VoidType) k))))) (IfExpr (ArrayType (VoidType) 2) (IfExpr (BoolType) (BinopExpr (BoolType) (UnopExpr (BoolType) ! (BinopExpr (BoolType) (FalseExpr (BoolType)) || (FalseExpr (BoolType)))) && (IfExpr (BoolType) (FalseExpr (BoolType)) (TrueExpr (BoolType)) (BinopExpr (BoolType) (VarExpr (IntType) j) == (VarExpr (IntType) i)))) (FalseExpr (BoolType)) (BinopExpr (BoolType) (VarExpr (IntType) h) <= (UnopExpr (IntType) - (VarExpr (IntType) i)))) (IfExpr (ArrayType (VoidType) 2) (IfExpr (BoolType) (IfExpr (BoolType) (BinopExpr (BoolType) (VarExpr (IntType) b) != (VarExpr (IntType) i)) (TrueExpr (BoolType)) (BinopExpr (BoolType) (FloatExpr (FloatType) 40) == (VarExpr (FloatType) f))) (TrueExpr (BoolType)) (BinopExpr (BoolType) (BinopExpr (BoolType) (VarExpr (IntType) j) == (VarExpr (IntType) c)) && (BinopExpr (BoolType) (FalseExpr (BoolType)) || (TrueExpr (BoolType))))) (ArrayIndexExpr (ArrayType (VoidType) 2) (ArrayLoopExpr (ArrayType (ArrayType (VoidType) 2) 1) l (VarExpr (IntType) d) (ArrayLoopExpr (ArrayType (VoidType) 2) m (VarExpr (IntType) h) n (VarExpr (IntType) d) (VarExpr (VoidType) k))) (VarExpr (IntType) i)) (IfExpr (ArrayType (VoidType) 2) (ArrayIndexExpr (BoolType) (ArrayLoopExpr (ArrayType (BoolType) 3) l (VarExpr (IntType) h) m (IntExpr (IntType) 143) n (VarExpr (IntType) h) (FalseExpr (BoolType))) (VarExpr (IntType) c) (VarExpr (IntType) i) (VarExpr (IntType) b)) (ArrayLoopExpr (ArrayType (VoidType) 2) l (VarExpr (IntType) j) m (SumLoopExpr (IntType) l (VarExpr (IntType) j) (VarExpr (IntType) b)) (IfExpr (VoidType) (TrueExpr (BoolType)) (VarExpr (VoidType) k) (VarExpr (VoidType) k))) (ArrayLoopExpr (ArrayType (VoidType) 2) l (VarExpr (IntType) b) m (IntExpr (IntType) 542) (VarExpr (VoidType) k)))) (IfExpr (ArrayType (VoidType) 2) (BinopExpr (BoolType) (UnopExpr (BoolType) ! (UnopExpr (BoolType) ! (FalseExpr (BoolType)))) || (IfExpr (BoolType) (UnopExpr (BoolType) ! (FalseExpr (BoolType))) (UnopExpr (BoolType) ! (FalseExpr (BoolType))) (FalseExpr (BoolType)))) (IfExpr (ArrayType (VoidType) 2) (BinopExpr (BoolType) (BinopExpr (BoolType) (VarExpr (IntType) h) <= (VarExpr (IntType) i)) && (BinopExpr (BoolType) (VarExpr (IntType) c) > (VarExpr (IntType) d))) (ArrayLoopExpr (ArrayType (VoidType) 2) l (SumLoopExpr (IntType) l (VarExpr (IntType) j) (VarExpr (IntType) i)) m (VarExpr (IntType) d) (VarExpr (VoidType) k)) (ArrayLoopExpr (ArrayType (VoidType) 2) l (VarExpr (IntType) h) m (VarExpr (IntType) c) (VarExpr (VoidType) k))) (ArrayLoopExpr (ArrayType (VoidType) 2) l (VarExpr (IntType) c) m (VarExpr (IntType) i) (ArrayIndexExpr (VoidType) (ArrayLoopExpr (ArrayType (VoidType) 3) n (VarExpr (IntType) c) o (VarExpr (IntType) h) p (VarExpr (IntType) l) (VarExpr (VoidType) k)) (SumLoopExpr (IntType) n (VarExpr (IntType) i) o (IntExpr (IntType) 570) (VarExpr (IntType) m)) (VarExpr (IntType) c) (VarExpr (IntType) l))))))) (LetStmt (VarLValue o) (BinopExpr (BoolType) (IntExpr (IntType) 83) != (VarExpr (IntType) h))) (LetStmt (ArrayLValue p q r) (IfExpr (ArrayType (IntType) 2) (UnopExpr (BoolType) ! (UnopExpr (BoolType) ! (BinopExpr (BoolType) (IfExpr (BoolType) (UnopExpr (BoolType) ! (TrueExpr (BoolType))) (BinopExpr (BoolType) (VarExpr (IntType) i) == (VarExpr (IntType) m)) (BinopExpr (BoolType) (TrueExpr (BoolType)) && (VarExpr (BoolType) o))) && (BinopExpr (BoolType) (VarExpr (IntType) d) == (VarExpr (IntType) b))))) (ArrayLoopExpr (ArrayType (IntType) 2) p (VarExpr (IntType) c) q (VarExpr (IntType) d) (VarExpr (IntType) n)) (IfExpr (ArrayType (IntType) 2) (BinopExpr (BoolType) (ArrayIndexExpr (FloatType) (IfExpr (ArrayType (FloatType) 1) (BinopExpr (BoolType) (VarExpr (FloatType) f) >= (VarExpr (FloatType) f)) (ArrayLoopExpr (ArrayType (FloatType) 1) p (VarExpr (IntType) j) (VarExpr (FloatType) f)) (ArrayLoopExpr (ArrayType (FloatType) 1) p (VarExpr (IntType) h) (FloatExpr (FloatType) 33))) (VarExpr (IntType) n)) >= (VarExpr (FloatType) f)) (ArrayLoopExpr (ArrayType (IntType) 2) p (VarExpr (IntType) i) q (IntExpr (IntType) 421) (VarExpr (IntType) p)) (ArrayIndexExpr (ArrayType (IntType) 2) (ArrayLoopExpr (ArrayType (ArrayType (IntType) 2) 3) p (VarExpr (IntType) b) q (VarExpr (IntType) c) r (VarExpr (IntType) h) (ArrayLoopExpr (ArrayType (IntType) 2) s (VarExpr (IntType) d) t (VarExpr (IntType) h) (IfExpr (IntType) (VarExpr (BoolType) o) (IntExpr (IntType) 491) (IntExpr (IntType) 869)))) (IntExpr (IntType) 137) (VarExpr (IntType) c) (VarExpr (IntType) n))))) (LetStmt (ArrayLValue s t u) (VarExpr (ArrayType (VoidType) 2) l)) (ReturnStmt (IfExpr (StructType rgba) (TrueExpr (BoolType)) (IfExpr (StructType rgba) (UnopExpr (BoolType) ! (UnopExpr (BoolType) ! (FalseExpr (BoolType)))) (IfExpr (StructType rgba) (BinopExpr (BoolType) (VarExpr (BoolType) o) || (IfExpr (BoolType) (UnopExpr (BoolType) ! (VarExpr (BoolType) o)) (BinopExpr (BoolType) (FloatExpr (FloatType) 55) != (FloatExpr (FloatType) 12)) (VarExpr (BoolType) o))) (StructLiteralExpr (StructType rgba) rgba (BinopExpr (FloatType) (UnopExpr (FloatType) - (VarExpr (FloatType) f)) - (UnopExpr (FloatType) - (FloatExpr (FloatType) 31))) (ArrayIndexExpr (FloatType) (ArrayLoopExpr (ArrayType (FloatType) 1) v (VarExpr (IntType) q) (VarExpr (FloatType) f)) (VarExpr (IntType) m)) (SumLoopExpr (FloatType) v (VarExpr (IntType) i) w (VarExpr (IntType) c) (VarExpr (FloatType) f)) (UnopExpr (FloatType) - (VarExpr (FloatType) f))) (StructLiteralExpr (StructType rgba) rgba (FloatExpr (FloatType) 59) (VarExpr (FloatType) f) (VarExpr (FloatType) f) (ArrayIndexExpr (FloatType) (ArrayLoopExpr (ArrayType (FloatType) 3) v (VarExpr (IntType) c) w (VarExpr (IntType) h) x (VarExpr (IntType) q) (FloatExpr (FloatType) 5)) (VarExpr (IntType) u) (VarExpr (IntType) n) (IntExpr (IntType) 922)))) (ArrayIndexExpr (StructType rgba) (ArrayLiteralExpr (ArrayType (StructType rgba) 1) (StructLiteralExpr (StructType rgba) rgba (FloatExpr (FloatType) 83) (VarExpr (FloatType) f) (FloatExpr (FloatType) 11) (UnopExpr (FloatType) - (FloatExpr (FloatType) 29))) (StructLiteralExpr (StructType rgba) rgba (FloatExpr (FloatType) 70) (VarExpr (FloatType) f) (UnopExpr (FloatType) - (VarExpr (FloatType) f)) (BinopExpr (FloatType) (FloatExpr (FloatType) 48) / (VarExpr (FloatType) f)))) (VarExpr (IntType) m))) (ArrayIndexExpr (StructType rgba) (ArrayLoopExpr (ArrayType (StructType rgba) 1) v (VarExpr (IntType) m) (CallExpr (StructType rgba) e (ArrayIndexExpr (FloatType) (ArrayLoopExpr (ArrayType (FloatType) 1) w (VarExpr (IntType) c) (FloatExpr (FloatType) 61)) (IfExpr (IntType) (FalseExpr (BoolType)) (VarExpr (IntType) q) (VarExpr (IntType) i))) (ArrayLoopExpr (ArrayType (VoidType) 3) w (ArrayIndexExpr (IntType) (VarExpr (ArrayType (IntType) 2) p) (VarExpr (IntType) n) (VarExpr (IntType) t)) x (VarExpr (IntType) v) y (VarExpr (IntType) v) (VarExpr (VoidType) k)) (ArrayIndexExpr (VoidType) (ArrayLiteralExpr (ArrayType (VoidType) 1) (VarExpr (VoidType) k) (VarExpr (VoidType) k) (VarExpr (VoidType) k)) (VarExpr (IntType) q)))) (VarExpr (IntType) d)))) (ReturnStmt (ArrayIndexExpr (StructType rgba) (ArrayIndexExpr (ArrayType (StructType rgba) 3) (ArrayLoopExpr (ArrayType (ArrayType (StructType rgba) 3) 3) v (BinopExpr (IntType) (VarExpr (IntType) n) - (VarExpr (IntType) h)) w (BinopExpr (IntType) (VarExpr (IntType) j) * (VarExpr (IntType) b)) x (UnopExpr (IntType) - (IntExpr (IntType) 115)) (ArrayLoopExpr (ArrayType (StructType rgba) 3) y (BinopExpr (IntType) (IntExpr (IntType) 901) * (VarExpr (IntType) m)) z (VarExpr (IntType) d) A (VarExpr (IntType) d) (StructLiteralExpr (StructType rgba) rgba (FloatExpr (FloatType) 65) (FloatExpr (FloatType) 80) (FloatExpr (FloatType) 82) (VarExpr (FloatType) f)))) (UnopExpr (IntType) - (VarExpr (IntType) b)) (UnopExpr (IntType) - (VarExpr (IntType) m)) (VarExpr (IntType) d)) (VarExpr (IntType) c) (BinopExpr (IntType) (BinopExpr (IntType) (ArrayIndexExpr (IntType) (ArrayLiteralExpr (ArrayType (IntType) 1) (VarExpr (IntType) b)) (VarExpr (IntType) u)) + (VarExpr (IntType) i)) % (VarExpr (IntType) d)) (VarExpr (IntType) q))))
(LetCmd (VarLValue f) (FloatExpr (FloatType) 24))
(FnCmd g (((ArrayLValue h i j k) (ArrayType (StructType rgba) 3) (VarLValue l) (VoidType) (ArrayLValue m n) (ArrayType (BoolType) 1))) (FloatType) (LetStmt (VarLValue o) (FalseExpr (BoolType))) (LetStmt (VarLValue p) (VarExpr (ArrayType (StructType rgba) 3) h)) (LetStmt (VarLValue q) (ArrayLiteralExpr (ArrayType (BoolType) 1) (BinopExpr (BoolType) (IfExpr (BoolType) (FalseExpr (BoolType)) (BinopExpr (BoolType) (VarExpr (FloatType) f) == (IfExpr (FloatType) (ArrayIndexExpr (BoolType) (VarExpr (ArrayType (BoolType) 1) m) (VarExpr (IntType) j)) (FloatExpr (FloatType) 80) (VarExpr (FloatType) f))) (UnopExpr (BoolType) ! (UnopExpr (BoolType) ! (VarExpr (BoolType) o)))) || (FalseExpr (BoolType))) (VarExpr (BoolType) o))) (LetStmt (ArrayLValue r s t u) (VarExpr (ArrayType (StructType rgba) 3) p)) (LetStmt (VarLValue v) (VarExpr (VoidType) l)) (ReturnStmt (CallExpr (FloatType) g (ArrayIndexExpr (ArrayType (StructType rgba) 3) (ArrayLoopExpr (ArrayType (ArrayType (StructType rgba) 3) 3) w (SumLoopExpr (IntType) w (VarExpr (IntType) s) x (BinopExpr (IntType) (VarExpr (IntType) s) + (IntExpr (IntType) 242)) y (SumLoopExpr (IntType) w (VarExpr (IntType) k) x (SumLoopExpr (IntType) w (VarExpr (IntType) u) x (VarExpr (IntType) j) (VarExpr (IntType) j)) (UnopExpr (IntType) - (VarExpr (IntType) x))) (VarExpr (IntType) i)) x (VarExpr (IntType) j) y (VarExpr (IntType) d) (VarExpr (ArrayType (StructType rgba) 3) h)) (ArrayIndexExpr (IntType) (ArrayLiteralExpr (ArrayType (IntType) 1) (VarExpr (IntType) s)) (IntExpr (IntType) 903)) (VarExpr (IntType) b) (BinopExpr (IntType) (VarExpr (IntType) s) % (VarExpr (IntType) s))) (ArrayIndexExpr (VoidType) (ArrayIndexExpr (ArrayType (VoidType) 2) (ArrayLoopExpr (ArrayType (ArrayType (VoidType) 2) 3) w (VarExpr (IntType) d) x (VarExpr (IntType) i) y (IntExpr (IntType) 193) (ArrayLoopExpr (ArrayType (VoidType) 2) z (VarExpr (IntType) k) A (VarExpr (IntType) y) (VarExpr (VoidType) v))) (VarExpr (IntType) j) (IntExpr (IntType) 669) (SumLoopExpr (IntType) w (VarExpr (IntType) k) (VarExpr (IntType) d))) (VarExpr (IntType) t) (VarExpr (IntType) c)) (VarExpr (ArrayType (BoolType) 1) q))))
(FnCmd h (((ArrayLValue i j) (ArrayType (StructType rgba) 1))) (VoidType) (LetStmt (ArrayLValue k l m) (IfExpr (ArrayType (IntType) 2) (UnopExpr (BoolType) ! (IfExpr (BoolType) (IfExpr (BoolType) (FalseExpr (BoolType)) (BinopExpr (BoolType) (FloatExpr (FloatType) 26) <= (UnopExpr (FloatType) - (FloatExpr (FloatType) 33))) (BinopExpr (BoolType) (VarExpr (IntType) c) < (VarExpr (IntType) d))) (UnopExpr (BoolType) ! (TrueExpr (BoolType))) (BinopExpr (BoolType) (FalseExpr (BoolType)) != (TrueExpr (BoolType))))) (ArrayIndexExpr (ArrayType (IntType) 2) (ArrayLoopExpr (ArrayType (ArrayType (IntType) 2) 3) k (VarExpr (IntType) c) l (IntExpr (IntType) 115) m (ArrayIndexExpr (IntType) (VarExpr (ArrayType (IntType) 3) a) (VarExpr (IntType) c) (BinopExpr (IntType) (UnopExpr (IntType) - (IntExpr (IntType) 806)) % (VarExpr (IntType) c)) (VarExpr (IntType) b)) (IfExpr (ArrayType (IntType) 2) (ArrayIndexExpr (BoolType) (ArrayLoopExpr (ArrayType (BoolType) 3) n (VarExpr (IntType) k) o (VarExpr (IntType) j) p (VarExpr (IntType) c) (TrueExpr (BoolType))) (VarExpr (IntType) j) (VarExpr (IntType) d) (IntExpr (IntType) 483)) (ArrayLoopExpr (ArrayType (IntType) 2) n (VarExpr (IntType) j) o (VarExpr (IntType) b) (VarExpr (IntType) l)) (ArrayLoopExpr (ArrayType (IntType) 2) n (VarExpr (IntType) k) o (VarExpr (IntType) l) (VarExpr (IntType) k)))) (VarExpr (IntType) b) (VarExpr (IntType) c) (ArrayIndexExpr (IntType) (ArrayIndexExpr (ArrayType (IntType) 2) (ArrayLoopExpr (ArrayType (ArrayType (IntType) 2) 3) k (IntExpr (IntType) 183) l (VarExpr (IntType) c) m (VarExpr (IntType) b) (ArrayLoopExpr (ArrayType (IntType) 2) n (VarExpr (IntType) j) o (VarExpr (IntType) j) (VarExpr (IntType) d))) (VarExpr (IntType) c) (UnopExpr (IntType) - (VarExpr (IntType) c)) (SumLoopExpr (IntType) k (SumLoopExpr (IntType) k (VarExpr (IntType) d) l (VarExpr (IntType) b) (VarExpr (IntType) j)) l (VarExpr (IntType) c) m (SumLoopExpr (IntType) k (VarExpr (IntType) j) l (VarExpr (IntType) d) m (VarExpr (IntType) d) (VarExpr (IntType) c)) (IfExpr (IntType) (FalseExpr (BoolType)) (VarExpr (IntType) b) (VarExpr (IntType) c)))) (ArrayIndexExpr (IntType) (ArrayLiteralExpr (ArrayType (IntType) 1) (SumLoopExpr (IntType) k (VarExpr (IntType) j) (VarExpr (IntType) j)) (UnopExpr (IntType) - (VarExpr (IntType) c))) (IfExpr (IntType) (BinopExpr (BoolType) (VarExpr (IntType) d) <= (VarExpr (IntType) b)) (IntExpr (IntType) 688) (SumLoopExpr (IntType) k (VarExpr (IntType) c) (VarExpr (IntType) d)))) (BinopExpr (IntType) (VarExpr (IntType) b) + (BinopExpr (IntType) (IntExpr (IntType) 484) + (VarExpr (IntType) j))))) (ArrayLoopExpr (ArrayType (IntType) 2) k (ArrayIndexExpr (IntType) (ArrayLoopExpr (ArrayType (IntType) 2) k (VarExpr (IntType) b) l (IntExpr (IntType) 321) (VarExpr (IntType) d)) (VarExpr (IntType) b) (VarExpr (IntType) d)) l (IfExpr (IntType) (ArrayIndexExpr (BoolType) (ArrayLoopExpr (ArrayType (BoolType) 2) k (UnopExpr (IntType) - (VarExpr (IntType) j)) l (VarExpr (IntType) b) (BinopExpr (BoolType) (TrueExpr (BoolType)) && (FalseExpr (BoolType)))) (IfExpr (IntType) (BinopExpr (BoolType) (IntExpr (IntType) 855) >= (VarExpr (IntType) b)) (VarExpr (IntType) j) (IntExpr (IntType) 925)) (BinopExpr (IntType) (BinopExpr (IntType) (VarExpr (IntType) b) - (IntExpr (IntType) 269)) / (VarExpr (IntType) d))) (VarExpr (IntType) d) (UnopExpr (IntType) - (IntExpr (IntType) 558))) (IntExpr (IntType) 194)))) (LetStmt (VarLValue n) (VarExpr (ArrayType (StructType rgba) 1) i)) (LetStmt (VarLValue o) (VarExpr (IntType) l)) (LetStmt (VarLValue p) (ArrayLoopExpr (ArrayType (IntType) 3) p (VarExpr (IntType) m) q (VarExpr (IntType) b) r (SumLoopExpr (IntType) p (UnopExpr (IntType) - (VarExpr (IntType) l)) (VarExpr (IntType) l)) (VarExpr (IntType) j))) (AssertStmt (IfExpr (BoolType) (BinopExpr (BoolType) (VarExpr (FloatType) f) > (VarExpr (FloatType) f)) (UnopExpr (BoolType) ! (ArrayIndexExpr (BoolType) (IfExpr (ArrayType (BoolType) 3) (ArrayIndexExpr (BoolType) (ArrayLoopExpr (ArrayType (BoolType) 1) q (VarExpr (IntType) l) (FalseExpr (BoolType))) (IntExpr (IntType) 34)) (ArrayLoopExpr (ArrayType (BoolType) 3) q (IntExpr (IntType) 87) r (UnopExpr (IntType) - (VarExpr (IntType) l)) s (VarExpr (IntType) c) (BinopExpr (BoolType) (TrueExpr (BoolType)) != (TrueExpr (BoolType)))) (ArrayLoopExpr (ArrayType (BoolType) 3) q (IntExpr (IntType) 594) r (VarExpr (IntType) m) s (BinopExpr (IntType) (IntExpr (IntType) 513) % (VarExpr (IntType) b)) (BinopExpr (BoolType) (FloatExpr (FloatType) 48) < (FloatExpr (FloatType) 61)))) (VarExpr (IntType) c) (SumLoopExpr (IntType) q (VarExpr (IntType) o) r (VarExpr (IntType) j) (SumLoopExpr (IntType) s (VarExpr (IntType) q) t (VarExpr (IntType) d) (VarExpr (IntType) j))) (VarExpr (IntType) m))) (UnopExpr (BoolType) ! (UnopExpr (BoolType) ! (FalseExpr (BoolType))))) "q"))
(StructCmd i a (StructType rgba) b (ArrayType (ArrayType (FloatType) 3) 1))
(LetCmd (VarLValue j) (ArrayIndexExpr (IntType) (IfExpr (ArrayType (IntType) 1) (ArrayIndexExpr (BoolType) (ArrayLoopExpr (ArrayType (BoolType) 3) j (ArrayIndexExpr (IntType) (VarExpr (ArrayType (IntType) 3) a) (BinopExpr (IntType) (VarExpr (IntType) b) * (VarExpr (IntType) d)) (VarExpr (IntType) b) (VarExpr (IntType) d)) k (VarExpr (IntType) b) l (VarExpr (IntType) c) (UnopExpr (BoolType) ! (BinopExpr (BoolType) (VarExpr (IntType) k) > (VarExpr (IntType) j)))) (IntExpr (IntType) 305) (BinopExpr (IntType) (VarExpr (IntType) d) + (ArrayIndexExpr (IntType) (ArrayLoopExpr (ArrayType (IntType) 2) j (VarExpr (IntType) b) k (VarExpr (IntType) c) (VarExpr (IntType) c)) (SumLoopExpr (IntType) j (VarExpr (IntType) d) k (IntExpr (IntType) 692) l (VarExpr (IntType) c) (VarExpr (IntType) d)) (ArrayIndexExpr (IntType) (VarExpr (ArrayType (IntType) 3) a) (VarExpr (IntType) d) (VarExpr (IntType) b) (VarExpr (IntType) c)))) (ArrayIndexExpr (IntType) (VarExpr (ArrayType (IntType) 3) a) (IntExpr (IntType) 495) (VarExpr (IntType) c) (BinopExpr (IntType) (UnopExpr (IntType) - (IntExpr (IntType) 207)) - (UnopExpr (IntType) - (VarExpr (IntType) d))))) (ArrayLiteralExpr (ArrayType (IntType) 1) (VarExpr (IntType) d) (BinopExpr (IntType) (BinopExpr (IntType) (SumLoopExpr (IntType) j (IntExpr (IntType) 449) (IntExpr (IntType) 444)) - (IntExpr (IntType) 370)) * (VarExpr (IntType) b))) (ArrayIndexExpr (ArrayType (IntType) 1) (IfExpr (ArrayType (ArrayType (IntType) 1) 3) (FalseExpr (BoolType)) (ArrayLoopExpr (ArrayType (ArrayType (IntType) 1) 3) j (VarExpr (IntType) b) k (VarExpr (IntType) c) l (VarExpr (IntType) c) (ArrayLiteralExpr (ArrayType (IntType) 1) (IntExpr (IntType) 276))) (ArrayLoopExpr (ArrayType (ArrayType (IntType) 1) 3) j (IntExpr (IntType) 778) k (VarExpr (IntType) c) l (VarExpr (IntType) c) (ArrayLiteralExpr (ArrayType (IntType) 1) (VarExpr (IntType) d) (VarExpr (IntType) j) (VarExpr (IntType) j)))) (UnopExpr (IntType) - (SumLoopExpr (IntType) j (VarExpr (IntType) b) k (BinopExpr (IntType) (VarExpr (IntType) b) / (VarExpr (IntType) c)) l (SumLoopExpr (IntType) j (IntExpr (IntType) 801) k (VarExpr (IntType) c) l (VarExpr (IntType) d) (VarExpr (IntType) l)) (IntExpr (IntType) 188))) (BinopExpr (IntType) (BinopExpr (IntType) (IntExpr (IntType) 425) % (IntExpr (IntType) 641)) % (SumLoopExpr (IntType) j (IntExpr (IntType) 834) k (VarExpr (IntType) d) (VarExpr (IntType) k))) (IntExpr (IntType) 368))) (VarExpr (IntType) d)))
(ShowCmd (BinopExpr (BoolType) (BinopExpr (BoolType) (UnopExpr (IntType) - (VarExpr (IntType) c)) != (BinopExpr (IntType) (IntExpr (IntType) 644) + (BinopExpr (IntType) (VarExpr (IntType) b) - (VarExpr (IntType) j)))) || (BinopExpr (BoolType) (BinopExpr (BoolType) (ArrayIndexExpr (FloatType) (ArrayLoopExpr (ArrayType (FloatType) 1) k (VarExpr (IntType) j) (SumLoopExpr (FloatType) l (VarExpr (IntType) k) (VarExpr (FloatType) f))) (VarExpr (IntType) c)) == (UnopExpr (FloatType) - (FloatExpr (FloatType) 3))) != (BinopExpr (BoolType) (BinopExpr (BoolType) (BinopExpr (BoolType) (VarExpr (FloatType) f) != (UnopExpr (FloatType) - (VarExpr (FloatType) f))) && (BinopExpr (BoolType) (FalseExpr (BoolType)) != (BinopExpr (BoolType) (IntExpr (IntType) 255) == (IntExpr (IntType) 994)))) != (UnopExpr (BoolType) ! (BinopExpr (BoolType) (IntExpr (IntType) 133) <= (SumLoopExpr (IntType) k (IntExpr (IntType) 296) (VarExpr (IntType) c))))))))
(TimeCmd (ReadCmd "k.png" (VarLValue k)))
(ShowCmd (VarExpr (IntType) d))
(ShowCmd (SumLoopExpr (FloatType) l (VarExpr (IntType) d) (IfExpr (FloatType) (UnopExpr (BoolType) ! (BinopExpr (BoolType) (VarExpr (IntType) d) == (VarExpr (IntType) l))) (IfExpr (FloatType) (BinopExpr (BoolType) (FalseExpr (BoolType)) == (TrueExpr (BoolType))) (DotExpr (FloatType) (IfExpr (StructType rgba) (BinopExpr (BoolType) (VarExpr (IntType) b) > (VarExpr (IntType) c)) (ArrayIndexExpr (StructType rgba) (VarExpr (ArrayType (StructType rgba) 2) k) (VarExpr (IntType) b) (IntExpr (IntType) 236)) (ArrayIndexExpr (StructType rgba) (VarExpr (ArrayType (StructType rgba) 2) k) (VarExpr (IntType) c) (VarExpr (IntType) d))) r) (VarExpr (FloatType) f)) (VarExpr (FloatType) f))))
(FnCmd l (()) (BoolType) (LetStmt (ArrayLValue m n) (ArrayLoopExpr (ArrayType (ArrayType (ArrayType (BoolType) 1) 1) 1) m (IntExpr (IntType) 996) (ArrayLiteralExpr (ArrayType (ArrayType (BoolType) 1) 1) (ArrayLiteralExpr (ArrayType (BoolType) 1) (ArrayIndexExpr (BoolType) (ArrayLoopExpr (ArrayType (BoolType) 2) n (UnopExpr (IntType) - (VarExpr (IntType) m)) o (VarExpr (IntType) c) (BinopExpr (BoolType) (CallExpr (BoolType) l) || (CallExpr (BoolType) l))) (BinopExpr (IntType) (IfExpr (IntType) (CallExpr (BoolType) l) (VarExpr (IntType) c) (VarExpr (IntType) c)) % (VarExpr (IntType) m)) (VarExpr (IntType) b)) (BinopExpr (BoolType) (FloatExpr (FloatType) 50) != (FloatExpr (FloatType) 98)) (FalseExpr (BoolType))) (ArrayIndexExpr (ArrayType (BoolType) 1) (ArrayLoopExpr (ArrayType (ArrayType (BoolType) 1) 2) n (BinopExpr (IntType) (IntExpr (IntType) 975) + (BinopExpr (IntType) (VarExpr (IntType) j) + (VarExpr (IntType) d))) o (VarExpr (IntType) c) (ArrayLoopExpr (ArrayType (BoolType) 1) p (VarExpr (IntType) m) (CallExpr (BoolType) l))) (VarExpr (IntType) b) (BinopExpr (IntType) (BinopExpr (IntType) (VarExpr (IntType) m) % (IfExpr (IntType) (CallExpr (BoolType) l) (VarExpr (IntType) j) (VarExpr (IntType) c))) / (IfExpr (IntType) (BinopExpr (BoolType) (VarExpr (IntType) m) == (VarExpr (IntType) b)) (VarExpr (IntType) m) (UnopExpr (IntType) - (IntExpr (IntType) 792)))))))) (LetStmt (VarLValue o) (FalseExpr (BoolType))) (LetStmt (VarLValue p) (BinopExpr (BoolType) (BinopExpr (FloatType) (UnopExpr (FloatType) - (VarExpr (FloatType) f)) * (DotExpr (FloatType) (StructLiteralExpr (StructType rgba) rgba (UnopExpr (FloatType) - (FloatExpr (FloatType) 64)) (FloatExpr (FloatType) 19) (VarExpr (FloatType) f) (BinopExpr (FloatType) (UnopExpr (FloatType) - (FloatExpr (FloatType) 80)) * (UnopExpr (FloatType) - (FloatExpr (FloatType) 9)))) r)) != (ArrayIndexExpr (FloatType) (IfExpr (ArrayType (FloatType) 2) (VarExpr (BoolType) o) (ArrayLoopExpr (ArrayType (FloatType) 2) p (IntExpr (IntType) 692) q (VarExpr (IntType) b) (VarExpr (FloatType) f)) (IfExpr (ArrayType (FloatType) 2) (BinopExpr (BoolType) (UnopExpr (BoolType) ! (FalseExpr (BoolType))) || (CallExpr (BoolType) l)) (ArrayLoopExpr (ArrayType (FloatType) 2) p (UnopExpr (IntType) - (VarExpr (IntType) n)) q (VarExpr (IntType) d) (BinopExpr (FloatType) (VarExpr (FloatType) f) / (VarExpr (FloatType) f))) (ArrayLoopExpr (ArrayType (FloatType) 2) p (SumLoopExpr (IntType) p (IntExpr (IntType) 870) q (VarExpr (IntType) b) r (VarExpr (IntType) c) (VarExpr (IntType) n)) q (VarExpr (IntType) b) (UnopExpr (FloatType) - (VarExpr (FloatType) f))))) (IntExpr (IntType) 675) (IntExpr (IntType) 306)))) (LetStmt (VarLValue q) (VarExpr (IntType) b)) (LetStmt (VarLValue r) (FloatExpr (FloatType) 19)) (ReturnStmt (CallExpr (BoolType) l)))
(LetCmd (VarLValue m) (TrueExpr (BoolType)))
(LetCmd (VarLValue n) (VarExpr (IntType) j))
(StructCmd o a (FloatType))
(LetCmd (VarLValue p) (BinopExpr (BoolType) (BinopExpr (BoolType) (ArrayIndexExpr (BoolType) (IfExpr (ArrayType (BoolType) 1) (VarExpr (BoolType) m) (ArrayLoopExpr (ArrayType (BoolType) 1) p (VarExpr (IntType) b) (BinopExpr (BoolType) (IntExpr (IntType) 196) > (VarExpr (IntType) n))) (ArrayLoopExpr (ArrayType (BoolType) 1) p (IntExpr (IntType) 583) (CallExpr (BoolType) l))) (ArrayIndexExpr (IntType) (ArrayLoopExpr (ArrayType (IntType) 2) p (SumLoopExpr (IntType) p (VarExpr (IntType) j) q (VarExpr (IntType) d) (VarExpr (IntType) j)) q (VarExpr (IntType) b) (SumLoopExpr (IntType) r (VarExpr (IntType) b) s (VarExpr (IntType) d) (VarExpr (IntType) b))) (SumLoopExpr (IntType) p (VarExpr (IntType) n) q (VarExpr (IntType) c) r (VarExpr (IntType) n) (VarExpr (IntType) d)) (VarExpr (IntType) d))) || (VarExpr (BoolType) m)) || (IfExpr (BoolType) (UnopExpr (BoolType) ! (FalseExpr (BoolType))) (CallExpr (BoolType) l) (VarExpr (BoolType) m))))
(ReadCmd "q.png" (VarLValue q))
(LetCmd (VarLValue r) (DotExpr (FloatType) (ArrayIndexExpr (StructType rgba) (IfExpr (ArrayType (StructType rgba) 2) (BinopExpr (BoolType) (FalseExpr (BoolType)) || (UnopExpr (BoolType) ! (BinopExpr (BoolType) (IntExpr (IntType) 370) > (IntExpr (IntType) 730)))) (VarExpr (ArrayType (StructType rgba) 2) k) (ArrayIndexExpr (ArrayType (StructType rgba) 2) (ArrayLoopExpr (ArrayType (ArrayType (StructType rgba) 2) 2) r (SumLoopExpr (IntType) r (VarExpr (IntType) d) s (VarExpr (IntType) j) (VarExpr (IntType) j)) s (BinopExpr (IntType) (VarExpr (IntType) n) * (VarExpr (IntType) j)) (IfExpr (ArrayType (StructType rgba) 2) (FalseExpr (BoolType)) (VarExpr (ArrayType (StructType rgba) 2) q) (VarExpr (ArrayType (StructType rgba) 2) q))) (VarExpr (IntType) b) (VarExpr (IntType) d))) (VarExpr (IntType) n) (VarExpr (IntType) n)) a))
