(FnCmd a (((VarLValue b) (IntType) (ArrayLValue c d) (ArrayType (ArrayType (ArrayType (BoolType) 2) 3) 1))) (IntType) (LetStmt (VarLValue e) (ArrayLoopExpr (ArrayType (FloatType) 1) e (VarExpr (IntType) d) (DotExpr (FloatType) (StructLiteralExpr (StructType rgba) rgba (SumLoopExpr (FloatType) f (IfExpr (IntType) (FalseExpr (BoolType)) (VarExpr (IntType) d) (UnopExpr (IntType) - (VarExpr (IntType) b))) g (IntExpr (IntType) 527) (FloatExpr (FloatType) 57)) (UnopExpr (FloatType) - (UnopExpr (FloatType) - (FloatExpr (FloatType) 61))) (BinopExpr (FloatType) (FloatExpr (FloatType) 74) - (IfExpr (FloatType) (UnopExpr (BoolType) ! (TrueExpr (BoolType))) (FloatExpr (FloatType) 92) (FloatExpr (FloatType) 75))) (SumLoopExpr (FloatType) f (VarExpr (IntType) b) g (IfExpr (IntType) (BinopExpr (BoolType) (FalseExpr (BoolType)) || (FalseExpr (BoolType))) (VarExpr (IntType) b) (UnopExpr (IntType) - (IntExpr (IntType) 417))) (FloatExpr (FloatType) 67))) b))) (AssertStmt (UnopExpr (BoolType) ! (TrueExpr (BoolType))) "f") (LetStmt (VarLValue f) (UnopExpr (IntType) - (UnopExpr (IntType) - (BinopExpr (IntType) (SumLoopExpr (IntType) f (IntExpr (IntType) 429) g (BinopExpr (IntType) (IntExpr (IntType) 197) / (IntExpr (IntType) 638)) (VarExpr (IntType) f)) % (VarExpr (IntType) b))))) (LetStmt (VarLValue g) (IntExpr (IntType) 256)) (LetStmt (VarLValue h) (StructLiteralExpr (StructType rgba) rgba (FloatExpr (FloatType) 65) (FloatExpr (FloatType) 91) (SumLoopExpr (FloatType) h (VarExpr (IntType) b) (UnopExpr (FloatType) - (BinopExpr (FloatType) (SumLoopExpr (FloatType) i (VarExpr (IntType) h) (UnopExpr (FloatType) - (FloatExpr (FloatType) 15))) % (FloatExpr (FloatType) 64)))) (BinopExpr (FloatType) (DotExpr (FloatType) (StructLiteralExpr (StructType rgba) rgba (FloatExpr (FloatType) 37) (ArrayIndexExpr (FloatType) (ArrayLoopExpr (ArrayType (FloatType) 2) h (VarExpr (IntType) b) i (VarExpr (IntType) g) (FloatExpr (FloatType) 1)) (VarExpr (IntType) b) (IntExpr (IntType) 87)) (FloatExpr (FloatType) 95) (FloatExpr (FloatType) 20)) a) % (IfExpr (FloatType) (TrueExpr (BoolType)) (BinopExpr (FloatType) (BinopExpr (FloatType) (FloatExpr (FloatType) 32) / (SumLoopExpr (FloatType) h (IntExpr (IntType) 824) (FloatExpr (FloatType) 75))) * (FloatExpr (FloatType) 75)) (SumLoopExpr (FloatType) h (VarExpr (IntType) f) i (IntExpr (IntType) 772) (FloatExpr (FloatType) 57)))))) (ReturnStmt (SumLoopExpr (IntType) i (UnopExpr (IntType) - (VarExpr (IntType) b)) j (ArrayIndexExpr (IntType) (IfExpr (ArrayType (IntType) 2) (BinopExpr (BoolType) (CallExpr (IntType) a (VarExpr (IntType) f) (VarExpr (ArrayType (ArrayType (ArrayType (BoolType) 2) 3) 1) c)) > (IntExpr (IntType) 52)) (ArrayLoopExpr (ArrayType (IntType) 2) i (IntExpr (IntType) 899) j (VarExpr (IntType) d) (VarExpr (IntType) i)) (ArrayLoopExpr (ArrayType (IntType) 2) i (VarExpr (IntType) g) j (CallExpr (IntType) a (BinopExpr (IntType) (VarExpr (IntType) f) - (VarExpr (IntType) d)) (VarExpr (ArrayType (ArrayType (ArrayType (BoolType) 2) 3) 1) c)) (VarExpr (IntType) f))) (VarExpr (IntType) b) (CallExpr (IntType) a (IntExpr (IntType) 688) (ArrayLoopExpr (ArrayType (ArrayType (ArrayType (BoolType) 2) 3) 1) i (VarExpr (IntType) f) (ArrayLoopExpr (ArrayType (ArrayType (BoolType) 2) 3) j (CallExpr (IntType) a (VarExpr (IntType) b) (VarExpr (ArrayType (ArrayType (ArrayType (BoolType) 2) 3) 1) c)) k (VarExpr (IntType) b) l (VarExpr (IntType) g) (ArrayLoopExpr (ArrayType (BoolType) 2) m (VarExpr (IntType) k) n (VarExpr (IntType) g) (TrueExpr (BoolType))))))) k (UnopExpr (IntType) - (IfExpr (IntType) (UnopExpr (BoolType) ! (BinopExpr (BoolType) (UnopExpr (BoolType) ! (FalseExpr (BoolType))) == (UnopExpr (BoolType) ! (FalseExpr (BoolType))))) (VarExpr (IntType) f) (BinopExpr (IntType) (IntExpr (IntType) 51) * (IntExpr (IntType) 551)))) (UnopExpr (IntType) - (VarExpr (IntType) f)))))
(ReadCmd "b.png" (VarLValue b))
(FnCmd c (((VarLValue d) (IntType) (ArrayLValue e f g h) (ArrayType (FloatType) 3))) (ArrayType (FloatType) 3) (AssertStmt (IfExpr (BoolType) (UnopExpr (BoolType) ! (ArrayIndexExpr (BoolType) (IfExpr (ArrayType (BoolType) 3) (BinopExpr (BoolType) (VarExpr (IntType) g) >= (VarExpr (IntType) h)) (ArrayLoopExpr (ArrayType (BoolType) 3) i (IntExpr (IntType) 487) j (VarExpr (IntType) d) k (IntExpr (IntType) 563) (BinopExpr (BoolType) (VarExpr (IntType) i) <= (VarExpr (IntType) k))) (ArrayLoopExpr (ArrayType (BoolType) 3) i (VarExpr (IntType) f) j (SumLoopExpr (IntType) i (VarExpr (IntType) d) j (VarExpr (IntType) d) k (VarExpr (IntType) d) (VarExpr (IntType) f)) k (IntExpr (IntType) 523) (FalseExpr (BoolType)))) (BinopExpr (IntType) (VarExpr (IntType) f) / (UnopExpr (IntType) - (SumLoopExpr (IntType) i (VarExpr (IntType) f) j (VarExpr (IntType) g) k (VarExpr (IntType) d) (VarExpr (IntType) h)))) (VarExpr (IntType) d) (VarExpr (IntType) h))) (TrueExpr (BoolType)) (ArrayIndexExpr (BoolType) (IfExpr (ArrayType (BoolType) 2) (BinopExpr (BoolType) (TrueExpr (BoolType)) || (BinopExpr (BoolType) (UnopExpr (BoolType) ! (FalseExpr (BoolType))) && (BinopExpr (BoolType) (VarExpr (IntType) d) > (VarExpr (IntType) g)))) (ArrayLoopExpr (ArrayType (BoolType) 2) i (BinopExpr (IntType) (IntExpr (IntType) 30) * (IfExpr (IntType) (FalseExpr (BoolType)) (VarExpr (IntType) h) (VarExpr (IntType) f))) j (UnopExpr (IntType) - (IfExpr (IntType) (TrueExpr (BoolType)) (VarExpr (IntType) f) (IntExpr (IntType) 925))) (ArrayIndexExpr (BoolType) (ArrayLoopExpr (ArrayType (BoolType) 1) k (VarExpr (IntType) i) (TrueExpr (BoolType))) (VarExpr (IntType) i))) (ArrayLoopExpr (ArrayType (BoolType) 2) i (VarExpr (IntType) h) j (BinopExpr (IntType) (VarExpr (IntType) g) % (VarExpr (IntType) f)) (TrueExpr (BoolType)))) (IntExpr (IntType) 993) (VarExpr (IntType) h))) "i") (LetStmt (VarLValue i) (StructLiteralExpr (StructType rgba) rgba (BinopExpr (FloatType) (FloatExpr (FloatType) 87) / (SumLoopExpr (FloatType) i (ArrayIndexExpr (IntType) (ArrayLoopExpr (ArrayType (IntType) 3) i (BinopExpr (IntType) (VarExpr (IntType) d) / (VarExpr (IntType) h)) j (SumLoopExpr (IntType) i (VarExpr (IntType) h) j (VarExpr (IntType) g) k (IntExpr (IntType) 841) (VarExpr (IntType) d)) k (VarExpr (IntType) g) (SumLoopExpr (IntType) l (VarExpr (IntType) d) m (VarExpr (IntType) k) n (IntExpr (IntType) 662) (VarExpr (IntType) g))) (VarExpr (IntType) g) (IfExpr (IntType) (BinopExpr (BoolType) (VarExpr (IntType) g) <= (VarExpr (IntType) g)) (VarExpr (IntType) d) (VarExpr (IntType) f)) (VarExpr (IntType) f)) (DotExpr (FloatType) (ArrayIndexExpr (StructType rgba) (IfExpr (ArrayType (StructType rgba) 2) (FalseExpr (BoolType)) (VarExpr (ArrayType (StructType rgba) 2) b) (VarExpr (ArrayType (StructType rgba) 2) b)) (VarExpr (IntType) h) (IntExpr (IntType) 469)) r))) (FloatExpr (FloatType) 16) (DotExpr (FloatType) (ArrayIndexExpr (StructType rgba) (ArrayLoopExpr (ArrayType (StructType rgba) 3) i (ArrayIndexExpr (IntType) (ArrayLoopExpr (ArrayType (IntType) 1) i (IntExpr (IntType) 396) (VarExpr (IntType) i)) (VarExpr (IntType) h)) j (VarExpr (IntType) d) k (VarExpr (IntType) g) (IfExpr (StructType rgba) (BinopExpr (BoolType) (VarExpr (IntType) f) != (VarExpr (IntType) j)) (StructLiteralExpr (StructType rgba) rgba (FloatExpr (FloatType) 19) (FloatExpr (FloatType) 74) (FloatExpr (FloatType) 9) (FloatExpr (FloatType) 39)) (ArrayIndexExpr (StructType rgba) (VarExpr (ArrayType (StructType rgba) 2) b) (VarExpr (IntType) d) (VarExpr (IntType) j)))) (VarExpr (IntType) g) (IntExpr (IntType) 560) (VarExpr (IntType) g)) b) (DotExpr (FloatType) (StructLiteralExpr (StructType rgba) rgba (SumLoopExpr (FloatType) i (UnopExpr (IntType) - (VarExpr (IntType) f)) j (VarExpr (IntType) h) (IfExpr (FloatType) (BinopExpr (BoolType) (VarExpr (IntType) h) >= (VarExpr (IntType) f)) (FloatExpr (FloatType) 81) (ArrayIndexExpr (FloatType) (VarExpr (ArrayType (FloatType) 3) e) (VarExpr (IntType) d) (VarExpr (IntType) f) (VarExpr (IntType) d)))) (IfExpr (FloatType) (UnopExpr (BoolType) ! (BinopExpr (BoolType) (VarExpr (IntType) d) <= (IntExpr (IntType) 845))) (UnopExpr (FloatType) - (FloatExpr (FloatType) 85)) (BinopExpr (FloatType) (FloatExpr (FloatType) 57) / (SumLoopExpr (FloatType) i (VarExpr (IntType) g) j (VarExpr (IntType) d) (FloatExpr (FloatType) 19)))) (IfExpr (FloatType) (UnopExpr (BoolType) ! (BinopExpr (BoolType) (VarExpr (IntType) g) < (VarExpr (IntType) h))) (DotExpr (FloatType) (StructLiteralExpr (StructType rgba) rgba (FloatExpr (FloatType) 25) (FloatExpr (FloatType) 75) (FloatExpr (FloatType) 2) (FloatExpr (FloatType) 2)) g) (FloatExpr (FloatType) 15)) (SumLoopExpr (FloatType) i (ArrayIndexExpr (IntType) (ArrayLoopExpr (ArrayType (IntType) 1) i (VarExpr (IntType) h) (VarExpr (IntType) f)) (VarExpr (IntType) g)) j (BinopExpr (IntType) (IntExpr (IntType) 576) / (VarExpr (IntType) d)) (ArrayIndexExpr (FloatType) (VarExpr (ArrayType (FloatType) 3) e) (SumLoopExpr (IntType) k (VarExpr (IntType) i) l (VarExpr (IntType) i) m (IntExpr (IntType) 501) (VarExpr (IntType) d)) (VarExpr (IntType) j) (VarExpr (IntType) f)))) a))) (ReturnStmt (CallExpr (ArrayType (FloatType) 3) c (ArrayIndexExpr (IntType) (IfExpr (ArrayType (IntType) 2) (BinopExpr (BoolType) (SumLoopExpr (IntType) j (VarExpr (IntType) d) k (VarExpr (IntType) h) (VarExpr (IntType) j)) < (VarExpr (IntType) h)) (IfExpr (ArrayType (IntType) 2) (BinopExpr (BoolType) (VarExpr (IntType) d) == (VarExpr (IntType) d)) (ArrayLoopExpr (ArrayType (IntType) 2) j (IntExpr (IntType) 616) k (UnopExpr (IntType) - (VarExpr (IntType) h)) (VarExpr (IntType) j)) (ArrayLoopExpr (ArrayType (IntType) 2) j (VarExpr (IntType) d) k (UnopExpr (IntType) - (VarExpr (IntType) f)) (IntExpr (IntType) 266))) (ArrayLoopExpr (ArrayType (IntType) 2) j (IntExpr (IntType) 803) k (ArrayIndexExpr (IntType) (ArrayLoopExpr (ArrayType (IntType) 3) j (VarExpr (IntType) h) k (VarExpr (IntType) g) l (VarExpr (IntType) h) (VarExpr (IntType) k)) (UnopExpr (IntType) - (IntExpr (IntType) 869)) (UnopExpr (IntType) - (VarExpr (IntType) h)) (VarExpr (IntType) h)) (VarExpr (IntType) f))) (CallExpr (IntType) a (VarExpr (IntType) d) (ArrayLoopExpr (ArrayType (ArrayType (ArrayType (BoolType) 2) 3) 1) j (IfExpr (IntType) (TrueExpr (BoolType)) (BinopExpr (IntType) (VarExpr (IntType) d) + (VarExpr (IntType) h)) (VarExpr (IntType) f)) (ArrayLoopExpr (ArrayType (ArrayType (BoolType) 2) 3) k (VarExpr (IntType) j) l (BinopExpr (IntType) (VarExpr (IntType) h) + (VarExpr (IntType) g)) m (UnopExpr (IntType) - (VarExpr (IntType) j)) (ArrayLoopExpr (ArrayType (BoolType) 2) n (VarExpr (IntType) m) o (VarExpr (IntType) k) (TrueExpr (BoolType)))))) (UnopExpr (IntType) - (VarExpr (IntType) h))) (ArrayLoopExpr (ArrayType (FloatType) 3) j (BinopExpr (IntType) (SumLoopExpr (IntType) j (BinopExpr (IntType) (IntExpr (IntType) 568) / (BinopExpr (IntType) (VarExpr (IntType) h) - (VarExpr (IntType) h))) k (VarExpr (IntType) f) l (VarExpr (IntType) d) (VarExpr (IntType) l)) - (VarExpr (IntType) h)) k (UnopExpr (IntType) - (BinopExpr (IntType) (VarExpr (IntType) h) / (UnopExpr (IntType) - (VarExpr (IntType) d)))) l (SumLoopExpr (IntType) j (BinopExpr (IntType) (VarExpr (IntType) g) * (IfExpr (IntType) (TrueExpr (BoolType)) (VarExpr (IntType) h) (VarExpr (IntType) f))) k (IfExpr (IntType) (BinopExpr (BoolType) (SumLoopExpr (IntType) j (VarExpr (IntType) d) k (IntExpr (IntType) 778) l (VarExpr (IntType) h) (VarExpr (IntType) k)) == (VarExpr (IntType) g)) (BinopExpr (IntType) (VarExpr (IntType) h) * (SumLoopExpr (IntType) j (VarExpr (IntType) d) k (IntExpr (IntType) 389) l (VarExpr (IntType) f) (VarExpr (IntType) f))) (VarExpr (IntType) f)) (VarExpr (IntType) f)) (UnopExpr (FloatType) - (BinopExpr (FloatType) (BinopExpr (FloatType) (UnopExpr (FloatType) - (FloatExpr (FloatType) 49)) / (ArrayIndexExpr (FloatType) (VarExpr (ArrayType (FloatType) 3) e) (IntExpr (IntType) 932) (VarExpr (IntType) d) (VarExpr (IntType) d))) * (BinopExpr (FloatType) (BinopExpr (FloatType) (FloatExpr (FloatType) 9) + (FloatExpr (FloatType) 50)) * (DotExpr (FloatType) (VarExpr (StructType rgba) i) g))))))) (LetStmt (VarLValue j) (StructLiteralExpr (StructType rgba) rgba (UnopExpr (FloatType) - (DotExpr (FloatType) (StructLiteralExpr (StructType rgba) rgba (FloatExpr (FloatType) 92) (FloatExpr (FloatType) 36) (UnopExpr (FloatType) - (FloatExpr (FloatType) 17)) (FloatExpr (FloatType) 72)) b)) (UnopExpr (FloatType) - (DotExpr (FloatType) (IfExpr (StructType rgba) (UnopExpr (BoolType) ! (FalseExpr (BoolType))) (VarExpr (StructType rgba) i) (VarExpr (StructType rgba) i)) r)) (DotExpr (FloatType) (IfExpr (StructType rgba) (IfExpr (BoolType) (IfExpr (BoolType) (FalseExpr (BoolType)) (BinopExpr (BoolType) (VarExpr (IntType) h) >= (VarExpr (IntType) g)) (UnopExpr (BoolType) ! (TrueExpr (BoolType)))) (TrueExpr (BoolType)) (BinopExpr (BoolType) (VarExpr (IntType) g) > (IntExpr (IntType) 601))) (StructLiteralExpr (StructType rgba) rgba (FloatExpr (FloatType) 58) (FloatExpr (FloatType) 37) (UnopExpr (FloatType) - (FloatExpr (FloatType) 21)) (UnopExpr (FloatType) - (FloatExpr (FloatType) 49))) (ArrayIndexExpr (StructType rgba) (VarExpr (ArrayType (StructType rgba) 2) b) (UnopExpr (IntType) - (VarExpr (IntType) f)) (SumLoopExpr (IntType) j (UnopExpr (IntType) - (VarExpr (IntType) f)) (VarExpr (IntType) h)))) g) (ArrayIndexExpr (FloatType) (IfExpr (ArrayType (FloatType) 1) (BinopExpr (BoolType) (UnopExpr (BoolType) ! (FalseExpr (BoolType))) == (BinopExpr (BoolType) (TrueExpr (BoolType)) == (BinopExpr (BoolType) (TrueExpr (BoolType)) && (TrueExpr (BoolType))))) (ArrayLoopExpr (ArrayType (FloatType) 1) j (BinopExpr (IntType) (IfExpr (IntType) (FalseExpr (BoolType)) (VarExpr (IntType) f) (VarExpr (IntType) d)) - (IfExpr (IntType) (FalseExpr (BoolType)) (VarExpr (IntType) h) (VarExpr (IntType) d))) (FloatExpr (FloatType) 62)) (ArrayLoopExpr (ArrayType (FloatType) 1) j (VarExpr (IntType) g) (SumLoopExpr (FloatType) k (UnopExpr (IntType) - (VarExpr (IntType) h)) l (IntExpr (IntType) 189) (ArrayIndexExpr (FloatType) (VarExpr (ArrayType (FloatType) 3) e) (IntExpr (IntType) 675) (VarExpr (IntType) l) (VarExpr (IntType) l))))) (ArrayIndexExpr (IntType) (ArrayLoopExpr (ArrayType (IntType) 3) j (IntExpr (IntType) 340) k (IfExpr (IntType) (TrueExpr (BoolType)) (UnopExpr (IntType) - (VarExpr (IntType) g)) (VarExpr (IntType) f)) l (VarExpr (IntType) h) (BinopExpr (IntType) (VarExpr (IntType) l) - (SumLoopExpr (IntType) m (VarExpr (IntType) f) n (IntExpr (IntType) 844) o (IntExpr (IntType) 94) (VarExpr (IntType) d)))) (VarExpr (IntType) h) (UnopExpr (IntType) - (VarExpr (IntType) g)) (BinopExpr (IntType) (IfExpr (IntType) (FalseExpr (BoolType)) (IntExpr (IntType) 167) (VarExpr (IntType) d)) - (VarExpr (IntType) h)))))) (LetStmt (VarLValue k) (BinopExpr (BoolType) (IfExpr (BoolType) (TrueExpr (BoolType)) (BinopExpr (BoolType) (BinopExpr (FloatType) (BinopExpr (FloatType) (FloatExpr (FloatType) 88) % (DotExpr (FloatType) (VarExpr (StructType rgba) i) g)) + (UnopExpr (FloatType) - (ArrayIndexExpr (FloatType) (VarExpr (ArrayType (FloatType) 3) e) (VarExpr (IntType) f) (VarExpr (IntType) g) (VarExpr (IntType) h)))) <= (UnopExpr (FloatType) - (ArrayIndexExpr (FloatType) (VarExpr (ArrayType (FloatType) 3) e) (VarExpr (IntType) h) (VarExpr (IntType) h) (VarExpr (IntType) d)))) (ArrayIndexExpr (BoolType) (IfExpr (ArrayType (BoolType) 2) (UnopExpr (BoolType) ! (UnopExpr (BoolType) ! (TrueExpr (BoolType)))) (ArrayLoopExpr (ArrayType (BoolType) 2) k (VarExpr (IntType) g) l (SumLoopExpr (IntType) k (VarExpr (IntType) g) l (VarExpr (IntType) f) m (VarExpr (IntType) d) (VarExpr (IntType) m)) (TrueExpr (BoolType))) (ArrayLoopExpr (ArrayType (BoolType) 2) k (SumLoopExpr (IntType) k (VarExpr (IntType) g) (VarExpr (IntType) k)) l (VarExpr (IntType) h) (UnopExpr (BoolType) ! (FalseExpr (BoolType))))) (VarExpr (IntType) d) (IfExpr (IntType) (IfExpr (BoolType) (TrueExpr (BoolType)) (FalseExpr (BoolType)) (BinopExpr (BoolType) (FloatExpr (FloatType) 58) == (FloatExpr (FloatType) 97))) (IntExpr (IntType) 111) (VarExpr (IntType) d)))) != (TrueExpr (BoolType)))) (ReturnStmt (ArrayIndexExpr (ArrayType (FloatType) 3) (ArrayLoopExpr (ArrayType (ArrayType (FloatType) 3) 3) l (VarExpr (IntType) f) m (IntExpr (IntType) 731) n (SumLoopExpr (IntType) l (BinopExpr (IntType) (BinopExpr (IntType) (UnopExpr (IntType) - (VarExpr (IntType) g)) / (UnopExpr (IntType) - (VarExpr (IntType) d))) + (VarExpr (IntType) d)) m (SumLoopExpr (IntType) l (VarExpr (IntType) d) (VarExpr (IntType) h)) n (IfExpr (IntType) (BinopExpr (BoolType) (VarExpr (IntType) h) != (VarExpr (IntType) d)) (BinopExpr (IntType) (BinopExpr (IntType) (VarExpr (IntType) d) % (VarExpr (IntType) g)) - (VarExpr (IntType) h)) (IntExpr (IntType) 846)) (VarExpr (IntType) g)) (VarExpr (ArrayType (FloatType) 3) e)) (SumLoopExpr (IntType) l (VarExpr (IntType) g) (IntExpr (IntType) 209)) (CallExpr (IntType) a (VarExpr (IntType) g) (ArrayLoopExpr (ArrayType (ArrayType (ArrayType (BoolType) 2) 3) 1) l (BinopExpr (IntType) (UnopExpr (IntType) - (VarExpr (IntType) d)) / (VarExpr (IntType) f)) (ArrayLoopExpr (ArrayType (ArrayType (BoolType) 2) 3) m (VarExpr (IntType) g) n (VarExpr (IntType) d) o (VarExpr (IntType) d) (IfExpr (ArrayType (BoolType) 2) (TrueExpr (BoolType)) (ArrayLoopExpr (ArrayType (BoolType) 2) p (IntExpr (IntType) 941) q (IntExpr (IntType) 413) (FalseExpr (BoolType))) (ArrayLoopExpr (ArrayType (BoolType) 2) p (VarExpr (IntType) n) q (IntExpr (IntType) 566) (FalseExpr (BoolType))))))) (VarExpr (IntType) g))))
(LetCmd (VarLValue d) (IntExpr (IntType) 348))
(LetCmd (ArrayLValue e f g) (IfExpr (ArrayType (StructType rgba) 2) (FalseExpr (BoolType)) (VarExpr (ArrayType (StructType rgba) 2) b) (IfExpr (ArrayType (StructType rgba) 2) (BinopExpr (BoolType) (ArrayIndexExpr (FloatType) (ArrayLoopExpr (ArrayType (FloatType) 2) e (IntExpr (IntType) 434) f (VarExpr (IntType) d) (FloatExpr (FloatType) 24)) (IfExpr (IntType) (TrueExpr (BoolType)) (UnopExpr (IntType) - (VarExpr (IntType) d)) (IntExpr (IntType) 738)) (IntExpr (IntType) 715)) < (FloatExpr (FloatType) 82)) (VarExpr (ArrayType (StructType rgba) 2) b) (ArrayLoopExpr (ArrayType (StructType rgba) 2) e (IntExpr (IntType) 719) f (BinopExpr (IntType) (VarExpr (IntType) d) / (UnopExpr (IntType) - (SumLoopExpr (IntType) e (VarExpr (IntType) d) (IntExpr (IntType) 616)))) (StructLiteralExpr (StructType rgba) rgba (UnopExpr (FloatType) - (FloatExpr (FloatType) 44)) (UnopExpr (FloatType) - (SumLoopExpr (FloatType) g (VarExpr (IntType) f) (FloatExpr (FloatType) 39))) (FloatExpr (FloatType) 50) (UnopExpr (FloatType) - (BinopExpr (FloatType) (FloatExpr (FloatType) 34) * (FloatExpr (FloatType) 77))))))))
(ReadCmd "h.png" (VarLValue h))
(PrintCmd "i")
(LetCmd (ArrayLValue i j k) (IfExpr (ArrayType (StructType rgba) 2) (IfExpr (BoolType) (IfExpr (BoolType) (UnopExpr (BoolType) ! (FalseExpr (BoolType))) (BinopExpr (BoolType) (UnopExpr (BoolType) ! (UnopExpr (BoolType) ! (TrueExpr (BoolType)))) == (TrueExpr (BoolType))) (TrueExpr (BoolType))) (BinopExpr (BoolType) (IfExpr (BoolType) (TrueExpr (BoolType)) (IfExpr (BoolType) (UnopExpr (BoolType) ! (TrueExpr (BoolType))) (FalseExpr (BoolType)) (BinopExpr (BoolType) (IntExpr (IntType) 961) != (VarExpr (IntType) d))) (TrueExpr (BoolType))) || (ArrayIndexExpr (BoolType) (ArrayLiteralExpr (ArrayType (BoolType) 1) (UnopExpr (BoolType) ! (TrueExpr (BoolType))) (UnopExpr (BoolType) ! (TrueExpr (BoolType)))) (VarExpr (IntType) d))) (IfExpr (BoolType) (UnopExpr (BoolType) ! (UnopExpr (BoolType) ! (BinopExpr (BoolType) (VarExpr (IntType) d) != (VarExpr (IntType) g)))) (ArrayIndexExpr (BoolType) (ArrayLoopExpr (ArrayType (BoolType) 3) i (VarExpr (IntType) d) j (VarExpr (IntType) f) k (BinopExpr (IntType) (VarExpr (IntType) d) / (VarExpr (IntType) f)) (UnopExpr (BoolType) ! (FalseExpr (BoolType)))) (UnopExpr (IntType) - (VarExpr (IntType) f)) (IntExpr (IntType) 613) (UnopExpr (IntType) - (VarExpr (IntType) f))) (TrueExpr (BoolType)))) (ArrayIndexExpr (ArrayType (StructType rgba) 2) (ArrayLoopExpr (ArrayType (ArrayType (StructType rgba) 2) 3) i (IfExpr (IntType) (BinopExpr (BoolType) (FloatExpr (FloatType) 16) < (UnopExpr (FloatType) - (FloatExpr (FloatType) 1))) (UnopExpr (IntType) - (BinopExpr (IntType) (VarExpr (IntType) f) - (VarExpr (IntType) f))) (BinopExpr (IntType) (VarExpr (IntType) g) - (VarExpr (IntType) g))) j (VarExpr (IntType) g) k (IfExpr (IntType) (TrueExpr (BoolType)) (BinopExpr (IntType) (IntExpr (IntType) 558) + (IfExpr (IntType) (TrueExpr (BoolType)) (VarExpr (IntType) d) (VarExpr (IntType) d))) (UnopExpr (IntType) - (VarExpr (IntType) f))) (VarExpr (ArrayType (StructType rgba) 2) e)) (IntExpr (IntType) 984) (VarExpr (IntType) g) (IfExpr (IntType) (BinopExpr (BoolType) (IfExpr (IntType) (FalseExpr (BoolType)) (VarExpr (IntType) f) (IntExpr (IntType) 539)) < (SumLoopExpr (IntType) i (VarExpr (IntType) f) j (IntExpr (IntType) 985) k (UnopExpr (IntType) - (VarExpr (IntType) g)) (VarExpr (IntType) d))) (VarExpr (IntType) f) (VarExpr (IntType) g))) (VarExpr (ArrayType (StructType rgba) 2) e)))
(FnCmd l (((VarLValue m) (FloatType) (ArrayLValue n o p q) (ArrayType (VoidType) 3))) (IntType) (AssertStmt (IfExpr (BoolType) (BinopExpr (BoolType) (UnopExpr (BoolType) ! (BinopExpr (BoolType) (IfExpr (FloatType) (FalseExpr (BoolType)) (VarExpr (FloatType) m) (UnopExpr (FloatType) - (VarExpr (FloatType) m))) <= (ArrayIndexExpr (FloatType) (ArrayLoopExpr (ArrayType (FloatType) 2) r (VarExpr (IntType) o) s (VarExpr (IntType) k) (FloatExpr (FloatType) 8)) (VarExpr (IntType) j) (VarExpr (IntType) q)))) || (BinopExpr (BoolType) (IfExpr (BoolType) (IfExpr (BoolType) (FalseExpr (BoolType)) (TrueExpr (BoolType)) (TrueExpr (BoolType))) (UnopExpr (BoolType) ! (UnopExpr (BoolType) ! (FalseExpr (BoolType)))) (BinopExpr (BoolType) (UnopExpr (FloatType) - (VarExpr (FloatType) m)) <= (SumLoopExpr (FloatType) r (IntExpr (IntType) 617) s (VarExpr (IntType) d) (VarExpr (FloatType) m)))) == (ArrayIndexExpr (BoolType) (ArrayLoopExpr (ArrayType (BoolType) 1) r (VarExpr (IntType) k) (BinopExpr (BoolType) (VarExpr (FloatType) m) < (VarExpr (FloatType) m))) (ArrayIndexExpr (IntType) (ArrayLiteralExpr (ArrayType (IntType) 1) (VarExpr (IntType) o) (VarExpr (IntType) p) (VarExpr (IntType) q)) (VarExpr (IntType) k))))) (FalseExpr (BoolType)) (TrueExpr (BoolType))) "r") (LetStmt (VarLValue r) (VarExpr (IntType) o)) (LetStmt (VarLValue s) (UnopExpr (BoolType) ! (BinopExpr (BoolType) (UnopExpr (BoolType) ! (TrueExpr (BoolType))) || (IfExpr (BoolType) (BinopExpr (BoolType) (UnopExpr (BoolType) ! (BinopExpr (BoolType) (IntExpr (IntType) 118) > (VarExpr (IntType) d))) == (UnopExpr (BoolType) ! (FalseExpr (BoolType)))) (FalseExpr (BoolType)) (UnopExpr (BoolType) ! (IfExpr (BoolType) (BinopExpr (BoolType) (FloatExpr (FloatType) 51) == (FloatExpr (FloatType) 88)) (FalseExpr (BoolType)) (BinopExpr (BoolType) (VarExpr (IntType) o) >= (VarExpr (IntType) g)))))))) (LetStmt (ArrayLValue t u) (ArrayLiteralExpr (ArrayType (BoolType) 1) (BinopExpr (BoolType) (BinopExpr (BoolType) (IfExpr (BoolType) (UnopExpr (BoolType) ! (BinopExpr (BoolType) (FloatExpr (FloatType) 75) > (FloatExpr (FloatType) 93))) (VarExpr (BoolType) s) (VarExpr (BoolType) s)) && (ArrayIndexExpr (BoolType) (ArrayLoopExpr (ArrayType (BoolType) 3) t (UnopExpr (IntType) - (VarExpr (IntType) j)) u (VarExpr (IntType) j) v (VarExpr (IntType) r) (VarExpr (BoolType) s)) (VarExpr (IntType) r) (VarExpr (IntType) j) (VarExpr (IntType) f))) && (BinopExpr (BoolType) (ArrayIndexExpr (BoolType) (ArrayLoopExpr (ArrayType (BoolType) 2) t (UnopExpr (IntType) - (VarExpr (IntType) d)) u (VarExpr (IntType) d) (TrueExpr (BoolType))) (VarExpr (IntType) g) (VarExpr (IntType) f)) && (IfExpr (BoolType) (IfExpr (BoolType) (IfExpr (BoolType) (VarExpr (BoolType) s) (VarExpr (BoolType) s) (VarExpr (BoolType) s)) (VarExpr (BoolType) s) (BinopExpr (BoolType) (VarExpr (IntType) q) <= (VarExpr (IntType) p))) (VarExpr (BoolType) s) (UnopExpr (BoolType) ! (VarExpr (BoolType) s))))))) (LetStmt (ArrayLValue v w) (VarExpr (ArrayType (BoolType) 1) t)) (ReturnStmt (VarExpr (IntType) f)))
(LetCmd (ArrayLValue m n o) (VarExpr (ArrayType (StructType rgba) 2) i))
(LetCmd (ArrayLValue p q r) (VarExpr (ArrayType (StructType rgba) 2) e))
(LetCmd (ArrayLValue s t) (IfExpr (ArrayType (ArrayType (FloatType) 3) 1) (UnopExpr (BoolType) ! (FalseExpr (BoolType))) (ArrayLoopExpr (ArrayType (ArrayType (FloatType) 3) 1) s (VarExpr (IntType) d) (CallExpr (ArrayType (FloatType) 3) c (VarExpr (IntType) d) (ArrayLoopExpr (ArrayType (FloatType) 3) t (IfExpr (IntType) (FalseExpr (BoolType)) (VarExpr (IntType) s) (VarExpr (IntType) r)) u (VarExpr (IntType) k) v (VarExpr (IntType) j) (FloatExpr (FloatType) 60)))) (ArrayLiteralExpr (ArrayType (ArrayType (FloatType) 3) 1) (ArrayLoopExpr (ArrayType (FloatType) 3) s (BinopExpr (IntType) (SumLoopExpr (IntType) s (VarExpr (IntType) n) t (VarExpr (IntType) o) u (VarExpr (IntType) n) (SumLoopExpr (IntType) v (VarExpr (IntType) q) w (VarExpr (IntType) q) x (VarExpr (IntType) d) (VarExpr (IntType) o))) + (VarExpr (IntType) f)) t (VarExpr (IntType) q) u (VarExpr (IntType) g) (SumLoopExpr (FloatType) v (UnopExpr (IntType) - (VarExpr (IntType) r)) w (SumLoopExpr (IntType) v (VarExpr (IntType) t) w (VarExpr (IntType) r) x (VarExpr (IntType) s) (VarExpr (IntType) t)) x (VarExpr (IntType) t) (BinopExpr (FloatType) (UnopExpr (FloatType) - (FloatExpr (FloatType) 32)) % (UnopExpr (FloatType) - (FloatExpr (FloatType) 15))))) (CallExpr (ArrayType (FloatType) 3) c (ArrayIndexExpr (IntType) (IfExpr (ArrayType (IntType) 1) (TrueExpr (BoolType)) (ArrayLoopExpr (ArrayType (IntType) 1) s (VarExpr (IntType) f) (VarExpr (IntType) n)) (ArrayLiteralExpr (ArrayType (IntType) 1) (VarExpr (IntType) k))) (VarExpr (IntType) g)) (ArrayIndexExpr (ArrayType (FloatType) 3) (ArrayLoopExpr (ArrayType (ArrayType (FloatType) 3) 3) s (IntExpr (IntType) 157) t (VarExpr (IntType) r) u (VarExpr (IntType) q) (ArrayLoopExpr (ArrayType (FloatType) 3) v (VarExpr (IntType) q) w (VarExpr (IntType) n) x (IntExpr (IntType) 220) (FloatExpr (FloatType) 55))) (VarExpr (IntType) d) (IfExpr (IntType) (IfExpr (BoolType) (TrueExpr (BoolType)) (FalseExpr (BoolType)) (TrueExpr (BoolType))) (VarExpr (IntType) k) (VarExpr (IntType) o)) (VarExpr (IntType) q))) (IfExpr (ArrayType (FloatType) 3) (BinopExpr (BoolType) (BinopExpr (BoolType) (FloatExpr (FloatType) 6) == (SumLoopExpr (FloatType) s (VarExpr (IntType) n) t (VarExpr (IntType) r) (FloatExpr (FloatType) 0))) != (IfExpr (BoolType) (FalseExpr (BoolType)) (FalseExpr (BoolType)) (BinopExpr (BoolType) (VarExpr (IntType) q) >= (IntExpr (IntType) 57)))) (IfExpr (ArrayType (FloatType) 3) (BinopExpr (BoolType) (BinopExpr (BoolType) (FalseExpr (BoolType)) && (FalseExpr (BoolType))) && (BinopExpr (BoolType) (VarExpr (IntType) n) != (VarExpr (IntType) d))) (ArrayLoopExpr (ArrayType (FloatType) 3) s (VarExpr (IntType) f) t (SumLoopExpr (IntType) s (VarExpr (IntType) d) t (IntExpr (IntType) 216) (VarExpr (IntType) d)) u (BinopExpr (IntType) (VarExpr (IntType) o) % (IntExpr (IntType) 223)) (FloatExpr (FloatType) 85)) (ArrayLoopExpr (ArrayType (FloatType) 3) s (IntExpr (IntType) 465) t (VarExpr (IntType) q) u (VarExpr (IntType) n) (UnopExpr (FloatType) - (FloatExpr (FloatType) 43)))) (ArrayLoopExpr (ArrayType (FloatType) 3) s (VarExpr (IntType) o) t (VarExpr (IntType) o) u (ArrayIndexExpr (IntType) (ArrayLoopExpr (ArrayType (IntType) 3) s (VarExpr (IntType) j) t (VarExpr (IntType) d) u (VarExpr (IntType) g) (VarExpr (IntType) r)) (UnopExpr (IntType) - (VarExpr (IntType) q)) (BinopExpr (IntType) (VarExpr (IntType) q) - (VarExpr (IntType) r)) (VarExpr (IntType) f)) (FloatExpr (FloatType) 56))))))
(LetCmd (VarLValue u) (SumLoopExpr (FloatType) u (VarExpr (IntType) k) v (IfExpr (IntType) (UnopExpr (BoolType) ! (ArrayIndexExpr (BoolType) (ArrayLoopExpr (ArrayType (BoolType) 2) u (VarExpr (IntType) t) v (VarExpr (IntType) q) (IfExpr (BoolType) (TrueExpr (BoolType)) (TrueExpr (BoolType)) (TrueExpr (BoolType)))) (VarExpr (IntType) q) (VarExpr (IntType) o))) (SumLoopExpr (IntType) u (UnopExpr (IntType) - (VarExpr (IntType) r)) (VarExpr (IntType) j)) (VarExpr (IntType) o)) (SumLoopExpr (FloatType) w (VarExpr (IntType) u) x (IfExpr (IntType) (BinopExpr (BoolType) (VarExpr (IntType) t) != (VarExpr (IntType) k)) (VarExpr (IntType) k) (VarExpr (IntType) j)) y (VarExpr (IntType) k) (UnopExpr (FloatType) - (DotExpr (FloatType) (IfExpr (StructType rgba) (BinopExpr (BoolType) (FalseExpr (BoolType)) && (FalseExpr (BoolType))) (ArrayIndexExpr (StructType rgba) (VarExpr (ArrayType (StructType rgba) 2) b) (VarExpr (IntType) k) (VarExpr (IntType) k)) (ArrayIndexExpr (StructType rgba) (VarExpr (ArrayType (StructType rgba) 2) h) (VarExpr (IntType) g) (VarExpr (IntType) y))) a)))))
(StructCmd v a (IntType))
(FnCmd w (()) (StructType v) (LetStmt (ArrayLValue x y z) (IfExpr (ArrayType (StructType rgba) 2) (IfExpr (BoolType) (IfExpr (BoolType) (IfExpr (BoolType) (BinopExpr (BoolType) (BinopExpr (BoolType) (VarExpr (IntType) q) != (VarExpr (IntType) n)) && (BinopExpr (BoolType) (VarExpr (IntType) f) == (VarExpr (IntType) n))) (IfExpr (BoolType) (FalseExpr (BoolType)) (BinopExpr (BoolType) (VarExpr (IntType) r) != (VarExpr (IntType) j)) (TrueExpr (BoolType))) (BinopExpr (BoolType) (SumLoopExpr (IntType) x (VarExpr (IntType) d) y (VarExpr (IntType) g) (VarExpr (IntType) y)) <= (DotExpr (IntType) (CallExpr (StructType v) w) a))) (IfExpr (BoolType) (ArrayIndexExpr (BoolType) (ArrayLoopExpr (ArrayType (BoolType) 1) x (VarExpr (IntType) g) (FalseExpr (BoolType))) (VarExpr (IntType) j)) (ArrayIndexExpr (BoolType) (ArrayLoopExpr (ArrayType (BoolType) 3) x (VarExpr (IntType) k) y (VarExpr (IntType) t) z (VarExpr (IntType) q) (TrueExpr (BoolType))) (VarExpr (IntType) r) (UnopExpr (IntType) - (VarExpr (IntType) q)) (VarExpr (IntType) r)) (BinopExpr (BoolType) (UnopExpr (BoolType) ! (FalseExpr (BoolType))) || (UnopExpr (BoolType) ! (TrueExpr (BoolType))))) (BinopExpr (BoolType) (BinopExpr (FloatType) (BinopExpr (FloatType) (VarExpr (FloatType) u) % (VarExpr (FloatType) u)) + (BinopExpr (FloatType) (VarExpr (FloatType) u) / (FloatExpr (FloatType) 50))) == (FloatExpr (FloatType) 27))) (TrueExpr (BoolType)) (BinopExpr (BoolType) (UnopExpr (BoolType) ! (BinopExpr (BoolType) (BinopExpr (BoolType) (VarExpr (IntType) q) == (VarExpr (IntType) r)) == (UnopExpr (BoolType) ! (FalseExpr (BoolType))))) == (IfExpr (BoolType) (BinopExpr (BoolType) (VarExpr (IntType) g) == (VarExpr (IntType) n)) (BinopExpr (BoolType) (VarExpr (FloatType) u) < (FloatExpr (FloatType) 35)) (TrueExpr (BoolType))))) (VarExpr (ArrayType (StructType rgba) 2) m) (IfExpr (ArrayType (StructType rgba) 2) (BinopExpr (BoolType) (BinopExpr (IntType) (VarExpr (IntType) t) * (VarExpr (IntType) d)) <= (VarExpr (IntType) r)) (VarExpr (ArrayType (StructType rgba) 2) e) (IfExpr (ArrayType (StructType rgba) 2) (IfExpr (BoolType) (BinopExpr (BoolType) (VarExpr (IntType) g) > (VarExpr (IntType) g)) (IfExpr (BoolType) (BinopExpr (BoolType) (TrueExpr (BoolType)) != (FalseExpr (BoolType))) (BinopExpr (BoolType) (VarExpr (IntType) t) > (VarExpr (IntType) n)) (TrueExpr (BoolType))) (IfExpr (BoolType) (FalseExpr (BoolType)) (UnopExpr (BoolType) ! (TrueExpr (BoolType))) (BinopExpr (BoolType) (VarExpr (IntType) g) > (VarExpr (IntType) r)))) (VarExpr (ArrayType (StructType rgba) 2) m) (VarExpr (ArrayType (StructType rgba) 2) i))))) (LetStmt (ArrayLValue A B C D) (IfExpr (ArrayType (IntType) 3) (BinopExpr (BoolType) (IfExpr (FloatType) (FalseExpr (BoolType)) (DotExpr (FloatType) (ArrayIndexExpr (StructType rgba) (VarExpr (ArrayType (StructType rgba) 2) m) (VarExpr (IntType) t) (VarExpr (IntType) n)) r) (VarExpr (FloatType) u)) != (SumLoopExpr (FloatType) A (VarExpr (IntType) k) (BinopExpr (FloatType) (IfExpr (FloatType) (BinopExpr (BoolType) (TrueExpr (BoolType)) || (FalseExpr (BoolType))) (UnopExpr (FloatType) - (VarExpr (FloatType) u)) (FloatExpr (FloatType) 21)) / (UnopExpr (FloatType) - (FloatExpr (FloatType) 57))))) (ArrayIndexExpr (ArrayType (IntType) 3) (IfExpr (ArrayType (ArrayType (IntType) 3) 2) (BinopExpr (BoolType) (IntExpr (IntType) 365) == (IntExpr (IntType) 751)) (ArrayLoopExpr (ArrayType (ArrayType (IntType) 3) 2) A (VarExpr (IntType) n) B (VarExpr (IntType) t) (ArrayLoopExpr (ArrayType (IntType) 3) C (VarExpr (IntType) t) D (VarExpr (IntType) z) E (VarExpr (IntType) j) (VarExpr (IntType) k))) (ArrayLoopExpr (ArrayType (ArrayType (IntType) 3) 2) A (DotExpr (IntType) (StructLiteralExpr (StructType v) v (VarExpr (IntType) z)) a) B (VarExpr (IntType) o) (ArrayLoopExpr (ArrayType (IntType) 3) C (VarExpr (IntType) r) D (UnopExpr (IntType) - (VarExpr (IntType) g)) E (VarExpr (IntType) r) (IntExpr (IntType) 532)))) (VarExpr (IntType) t) (VarExpr (IntType) q)) (ArrayLoopExpr (ArrayType (IntType) 3) A (VarExpr (IntType) j) B (VarExpr (IntType) j) C (VarExpr (IntType) n) (IntExpr (IntType) 639)))) (LetStmt (VarLValue E) (BinopExpr (IntType) (VarExpr (IntType) D) * (IntExpr (IntType) 741))) (LetStmt (ArrayLValue F G H) (VarExpr (ArrayType (StructType rgba) 2) x)) (LetStmt (VarLValue I) (VarExpr (ArrayType (StructType rgba) 2) x)) (ReturnStmt (CallExpr (StructType v) w)))
(LetCmd (VarLValue x) (VarExpr (ArrayType (StructType rgba) 2) b))
(LetCmd (VarLValue y) (FloatExpr (FloatType) 80))
(LetCmd (VarLValue z) (FloatExpr (FloatType) 92))
