(StructCmd u739__ u_71 (IntType))
(StructCmd Vo9_ W36Z (VoidType) X4_Y (IntType) H__ (VoidType))
(StructCmd K0Q3i I (BoolType) vF_t4 (BoolType) aRh___ (VoidType) x_7 (ArrayType (FloatType) 1) Pma__ (BoolType))
(FnCmd A___3Y (((VarLValue K3_4j) (StructType c_2he))) (VoidType) (ReturnStmt (DotExpr (VoidExpr) b)) (AssertStmt (ArrayIndexExpr (TrueExpr) (VoidExpr)) "P;W7") (ReturnStmt (CallExpr s_F5_Q (VoidExpr) (FalseExpr))) (ReturnStmt (CallExpr k_y1__ (FalseExpr) (VoidExpr) (TrueExpr) (VarExpr d) (VoidExpr))) (AssertStmt (CallExpr Jx1b_7 (VarExpr O)) "__r\3X_") (AssertStmt (FalseExpr) "hd*3206") (LetStmt (VarLValue Pq5L) (ArrayIndexExpr (FalseExpr) (FalseExpr) (VarExpr k) (TrueExpr))))
(FnCmd Q__ (((ArrayLValue k3 S_C84 c) (StructType w0_) (VarLValue gR6) (ArrayType (BoolType) 4))) (FloatType) (ReturnStmt (ArrayLiteralExpr (VarExpr g) (FalseExpr) (FalseExpr) (TrueExpr))))
(StructCmd W0W8I x (ArrayType (BoolType) 3))
(StructCmd v1 K_7D (IntType) rc_6 (ArrayType (IntType) 4))
