(FnCmd f (()) (IntType) (LetStmt (ArrayLValue a b) (ArrayLiteralExpr (ArrayType (IntType) 1) (IntExpr (IntType) 1) (IntExpr (IntType) 2) (IntExpr (IntType) 3))) (ReturnStmt (VarExpr (IntType) b)))
